Archive member included to satisfy reference by file (symbol)

E:/ST/STM32CubeIDE_1.18.1/STM32CubeIDE/plugins/com.st.stm32cube.ide.mcu.externaltools.gnu-tools-for-stm32.13.3.rel1.win32_1.0.0.202411081344/tools/bin/../lib/gcc/arm-none-eabi/13.3.1/../../../../arm-none-eabi/lib/thumb/v7e-m+fp/hard\libc_nano.a(libc_a-exit.o)
                              E:/ST/STM32CubeIDE_1.18.1/STM32CubeIDE/plugins/com.st.stm32cube.ide.mcu.externaltools.gnu-tools-for-stm32.13.3.rel1.win32_1.0.0.202411081344/tools/bin/../lib/gcc/arm-none-eabi/13.3.1/../../../../arm-none-eabi/lib/thumb/v7e-m+fp/hard/crt0.o (exit)
E:/ST/STM32CubeIDE_1.18.1/STM32CubeIDE/plugins/com.st.stm32cube.ide.mcu.externaltools.gnu-tools-for-stm32.13.3.rel1.win32_1.0.0.202411081344/tools/bin/../lib/gcc/arm-none-eabi/13.3.1/../../../../arm-none-eabi/lib/thumb/v7e-m+fp/hard\libc_nano.a(libc_a-malloc.o)
                              ./Core/Src/ST7735.o (malloc)
E:/ST/STM32CubeIDE_1.18.1/STM32CubeIDE/plugins/com.st.stm32cube.ide.mcu.externaltools.gnu-tools-for-stm32.13.3.rel1.win32_1.0.0.202411081344/tools/bin/../lib/gcc/arm-none-eabi/13.3.1/../../../../arm-none-eabi/lib/thumb/v7e-m+fp/hard\libc_nano.a(libc_a-mallocr.o)
                              E:/ST/STM32CubeIDE_1.18.1/STM32CubeIDE/plugins/com.st.stm32cube.ide.mcu.externaltools.gnu-tools-for-stm32.13.3.rel1.win32_1.0.0.202411081344/tools/bin/../lib/gcc/arm-none-eabi/13.3.1/../../../../arm-none-eabi/lib/thumb/v7e-m+fp/hard\libc_nano.a(libc_a-malloc.o) (_malloc_r)
E:/ST/STM32CubeIDE_1.18.1/STM32CubeIDE/plugins/com.st.stm32cube.ide.mcu.externaltools.gnu-tools-for-stm32.13.3.rel1.win32_1.0.0.202411081344/tools/bin/../lib/gcc/arm-none-eabi/13.3.1/../../../../arm-none-eabi/lib/thumb/v7e-m+fp/hard\libc_nano.a(libc_a-mlock.o)
                              E:/ST/STM32CubeIDE_1.18.1/STM32CubeIDE/plugins/com.st.stm32cube.ide.mcu.externaltools.gnu-tools-for-stm32.13.3.rel1.win32_1.0.0.202411081344/tools/bin/../lib/gcc/arm-none-eabi/13.3.1/../../../../arm-none-eabi/lib/thumb/v7e-m+fp/hard\libc_nano.a(libc_a-mallocr.o) (__malloc_lock)
E:/ST/STM32CubeIDE_1.18.1/STM32CubeIDE/plugins/com.st.stm32cube.ide.mcu.externaltools.gnu-tools-for-stm32.13.3.rel1.win32_1.0.0.202411081344/tools/bin/../lib/gcc/arm-none-eabi/13.3.1/../../../../arm-none-eabi/lib/thumb/v7e-m+fp/hard\libc_nano.a(libc_a-findfp.o)
                              E:/ST/STM32CubeIDE_1.18.1/STM32CubeIDE/plugins/com.st.stm32cube.ide.mcu.externaltools.gnu-tools-for-stm32.13.3.rel1.win32_1.0.0.202411081344/tools/bin/../lib/gcc/arm-none-eabi/13.3.1/../../../../arm-none-eabi/lib/thumb/v7e-m+fp/hard\libc_nano.a(libc_a-exit.o) (__stdio_exit_handler)
E:/ST/STM32CubeIDE_1.18.1/STM32CubeIDE/plugins/com.st.stm32cube.ide.mcu.externaltools.gnu-tools-for-stm32.13.3.rel1.win32_1.0.0.202411081344/tools/bin/../lib/gcc/arm-none-eabi/13.3.1/../../../../arm-none-eabi/lib/thumb/v7e-m+fp/hard\libc_nano.a(libc_a-fwalk.o)
                              E:/ST/STM32CubeIDE_1.18.1/STM32CubeIDE/plugins/com.st.stm32cube.ide.mcu.externaltools.gnu-tools-for-stm32.13.3.rel1.win32_1.0.0.202411081344/tools/bin/../lib/gcc/arm-none-eabi/13.3.1/../../../../arm-none-eabi/lib/thumb/v7e-m+fp/hard\libc_nano.a(libc_a-findfp.o) (_fwalk_sglue)
E:/ST/STM32CubeIDE_1.18.1/STM32CubeIDE/plugins/com.st.stm32cube.ide.mcu.externaltools.gnu-tools-for-stm32.13.3.rel1.win32_1.0.0.202411081344/tools/bin/../lib/gcc/arm-none-eabi/13.3.1/../../../../arm-none-eabi/lib/thumb/v7e-m+fp/hard\libc_nano.a(libc_a-stdio.o)
                              E:/ST/STM32CubeIDE_1.18.1/STM32CubeIDE/plugins/com.st.stm32cube.ide.mcu.externaltools.gnu-tools-for-stm32.13.3.rel1.win32_1.0.0.202411081344/tools/bin/../lib/gcc/arm-none-eabi/13.3.1/../../../../arm-none-eabi/lib/thumb/v7e-m+fp/hard\libc_nano.a(libc_a-findfp.o) (__sread)
E:/ST/STM32CubeIDE_1.18.1/STM32CubeIDE/plugins/com.st.stm32cube.ide.mcu.externaltools.gnu-tools-for-stm32.13.3.rel1.win32_1.0.0.202411081344/tools/bin/../lib/gcc/arm-none-eabi/13.3.1/../../../../arm-none-eabi/lib/thumb/v7e-m+fp/hard\libc_nano.a(libc_a-memcmp.o)
                              ./Core/Src/main.o (memcmp)
E:/ST/STM32CubeIDE_1.18.1/STM32CubeIDE/plugins/com.st.stm32cube.ide.mcu.externaltools.gnu-tools-for-stm32.13.3.rel1.win32_1.0.0.202411081344/tools/bin/../lib/gcc/arm-none-eabi/13.3.1/../../../../arm-none-eabi/lib/thumb/v7e-m+fp/hard\libc_nano.a(libc_a-memset.o)
                              E:/ST/STM32CubeIDE_1.18.1/STM32CubeIDE/plugins/com.st.stm32cube.ide.mcu.externaltools.gnu-tools-for-stm32.13.3.rel1.win32_1.0.0.202411081344/tools/bin/../lib/gcc/arm-none-eabi/13.3.1/../../../../arm-none-eabi/lib/thumb/v7e-m+fp/hard/crt0.o (memset)
E:/ST/STM32CubeIDE_1.18.1/STM32CubeIDE/plugins/com.st.stm32cube.ide.mcu.externaltools.gnu-tools-for-stm32.13.3.rel1.win32_1.0.0.202411081344/tools/bin/../lib/gcc/arm-none-eabi/13.3.1/../../../../arm-none-eabi/lib/thumb/v7e-m+fp/hard\libc_nano.a(libc_a-closer.o)
[...]
Memory Configuration

Name             Origin             Length             Attributes
RAM              0x20000000         0x00050000         xrw
RAM2             0x10000000         0x00010000         xrw
FLASH            0x08000000         0x00100000         xr
*default*        0x00000000         0xffffffff

Linker script and memory map

LOAD E:/ST/STM32CubeIDE_1.18.1/STM32CubeIDE/plugins/com.st.stm32cube.ide.mcu.externaltools.gnu-tools-for-stm32.13.3.rel1.win32_1.0.0.202411081344/tools/bin/../lib/gcc/arm-none-eabi/13.3.1/thumb/v7e-m+fp/hard/crti.o
LOAD E:/ST/STM32CubeIDE_1.18.1/STM32CubeIDE/plugins/com.st.stm32cube.ide.mcu.externaltools.gnu-tools-for-stm32.13.3.rel1.win32_1.0.0.202411081344/tools/bin/../lib/gcc/arm-none-eabi/13.3.1/thumb/v7e-m+fp/hard/crtbegin.o
LOAD E:/ST/STM32CubeIDE_1.18.1/STM32CubeIDE/plugins/com.st.stm32cube.ide.mcu.externaltools.gnu-tools-for-stm32.13.3.rel1.win32_1.0.0.202411081344/tools/bin/../lib/gcc/arm-none-eabi/13.3.1/../../../../arm-none-eabi/lib/thumb/v7e-m+fp/hard/crt0.o
LOAD ./Core/Src/GFX_FUNCTIONS.o
LOAD ./Core/Src/ST7735.o
LOAD ./Core/Src/fonts.o
LOAD ./Core/Src/main.o
LOAD ./Core/Src/menu.o
LOAD ./Core/Src/stm32l4xx_hal_msp.o
LOAD ./Core/Src/stm32l4xx_it.o
LOAD ./Core/Src/syscalls.o
LOAD ./Core/Src/sysmem.o
LOAD ./Core/Src/system_stm32l4xx.o
LOAD ./Core/Startup/startup_stm32l4a6zgtx.o
LOAD ./Drivers/STM32L4xx_HAL_Driver/Src/stm32l4xx_hal.o
LOAD ./Drivers/STM32L4xx_HAL_Driver/Src/stm32l4xx_hal_cortex.o
LOAD ./Drivers/STM32L4xx_HAL_Driver/Src/stm32l4xx_hal_cryp.o
LOAD ./Drivers/STM32L4xx_HAL_Driver/Src/stm32l4xx_hal_cryp_ex.o
LOAD ./Drivers/STM32L4xx_HAL_Driver/Src/stm32l4xx_hal_dma.o
LOAD ./Drivers/STM32L4xx_HAL_Driver/Src/stm32l4xx_hal_dma_ex.o
LOAD ./Drivers/STM32L4xx_HAL_Driver/Src/stm32l4xx_hal_exti.o
LOAD ./Drivers/STM32L4xx_HAL_Driver/Src/stm32l4xx_hal_flash.o
LOAD ./Drivers/STM32L4xx_HAL_Driver/Src/stm32l4xx_hal_flash_ex.o
LOAD ./Drivers/STM32L4xx_HAL_Driver/Src/stm32l4xx_hal_flash_ramfunc.o
LOAD ./Drivers/STM32L4xx_HAL_Driver/Src/stm32l4xx_hal_gpio.o
LOAD ./Drivers/STM32L4xx_HAL_Driver/Src/stm32l4xx_hal_i2c.o
LOAD ./Drivers/STM32L4xx_HAL_Driver/Src/stm32l4xx_hal_i2c_ex.o
LOAD ./Drivers/STM32L4xx_HAL_Driver/Src/stm32l4xx_hal_pwr.o
LOAD ./Drivers/STM32L4xx_HAL_Driver/Src/stm32l4xx_hal_pwr_ex.o
LOAD ./Drivers/STM32L4xx_HAL_Driver/Src/stm32l4xx_hal_rcc.o
LOAD ./Drivers/STM32L4xx_HAL_Driver/Src/stm32l4xx_hal_rcc_ex.o
LOAD ./Drivers/STM32L4xx_HAL_Driver/Src/stm32l4xx_hal_spi.o
LOAD ./Drivers/STM32L4xx_HAL_Driver/Src/stm32l4xx_hal_spi_ex.o
LOAD ./Drivers/STM32L4xx_HAL_Driver/Src/stm32l4xx_hal_tim.o
LOAD ./Drivers/STM32L4xx_HAL_Driver/Src/stm32l4xx_hal_tim_ex.o
LOAD ./Drivers/STM32L4xx_HAL_Driver/Src/stm32l4xx_hal_uart.o
LOAD ./Drivers/STM32L4xx_HAL_Driver/Src/stm32l4xx_hal_uart_ex.o
START GROUP
LOAD E:/ST/STM32CubeIDE_1.18.1/STM32CubeIDE/plugins/com.st.stm32cube.ide.mcu.externaltools.gnu-tools-for-stm32.13.3.rel1.win32_1.0.0.202411081344/tools/bin/../lib/gcc/arm-none-eabi/13.3.1/../../../../arm-none-eabi/lib/thumb/v7e-m+fp/hard\libc_nano.a
LOAD E:/ST/STM32CubeIDE_1.18.1/STM32CubeIDE/plugins/com.st.stm32cube.ide.mcu.externaltools.gnu-tools-for-stm32.13.3.rel1.win32_1.0.0.202411081344/tools/bin/../lib/gcc/arm-none-eabi/13.3.1/../../../../arm-none-eabi/lib/thumb/v7e-m+fp/hard\libm.a
END GROUP
START GROUP
LOAD E:/ST/STM32CubeIDE_1.18.1/STM32CubeIDE/plugins/com.st.stm32cube.ide.mcu.externaltools.gnu-tools-for-stm32.13.3.rel1.win32_1.0.0.202411081344/tools/bin/../lib/gcc/arm-none-eabi/13.3.1/thumb/v7e-m+fp/hard\libgcc.a
LOAD E:/ST/STM32CubeIDE_1.18.1/STM32CubeIDE/plugins/com.st.stm32cube.ide.mcu.externaltools.gnu-tools-for-stm32.13.3.rel1.win32_1.0.0.202411081344/tools/bin/../lib/gcc/arm-none-eabi/13.3.1/../../../../arm-none-eabi/lib/thumb/v7e-m+fp/hard\libc_nano.a
END GROUP
START GROUP
LOAD E:/ST/STM32CubeIDE_1.18.1/STM32CubeIDE/plugins/com.st.stm32cube.ide.mcu.externaltools.gnu-tools-for-stm32.13.3.rel1.win32_1.0.0.202411081344/tools/bin/../lib/gcc/arm-none-eabi/13.3.1/thumb/v7e-m+fp/hard\libgcc.a
LOAD E:/ST/STM32CubeIDE_1.18.1/STM32CubeIDE/plugins/com.st.stm32cube.ide.mcu.externaltools.gnu-tools-for-stm32.13.3.rel1.win32_1.0.0.202411081344/tools/bin/../lib/gcc/arm-none-eabi/13.3.1/../../../../arm-none-eabi/lib/thumb/v7e-m+fp/hard\libc_nano.a
LOAD E:/ST/STM32CubeIDE_1.18.1/STM32CubeIDE/plugins/com.st.stm32cube.ide.mcu.externaltools.gnu-tools-for-stm32.13.3.rel1.win32_1.0.0.202411081344/tools/bin/../lib/gcc/arm-none-eabi/13.3.1/../../../../arm-none-eabi/lib/thumb/v7e-m+fp/hard\libnosys.a
END GROUP
START GROUP
LOAD E:/ST/STM32CubeIDE_1.18.1/STM32CubeIDE/plugins/com.st.stm32cube.ide.mcu.externaltools.gnu-tools-for-stm32.13.3.rel1.win32_1.0.0.202411081344/tools/bin/../lib/gcc/arm-none-eabi/13.3.1/thumb/v7e-m+fp/hard\libgcc.a
LOAD E:/ST/STM32CubeIDE_1.18.1/STM32CubeIDE/plugins/com.st.stm32cube.ide.mcu.externaltools.gnu-tools-for-stm32.13.3.rel1.win32_1.0.0.202411081344/tools/bin/../lib/gcc/arm-none-eabi/13.3.1/../../../../arm-none-eabi/lib/thumb/v7e-m+fp/hard\libc_nano.a
LOAD E:/ST/STM32CubeIDE_1.18.1/STM32CubeIDE/plugins/com.st.stm32cube.ide.mcu.externaltools.gnu-tools-for-stm32.13.3.rel1.win32_1.0.0.202411081344/tools/bin/../lib/gcc/arm-none-eabi/13.3.1/../../../../arm-none-eabi/lib/thumb/v7e-m+fp/hard\libnosys.a
END GROUP
LOAD E:/ST/STM32CubeIDE_1.18.1/STM32CubeIDE/plugins/com.st.stm32cube.ide.mcu.externaltools.gnu-tools-for-stm32.13.3.rel1.win32_1.0.0.202411081344/tools/bin/../lib/gcc/arm-none-eabi/13.3.1/thumb/v7e-m+fp/hard/crtend.o
LOAD E:/ST/STM32CubeIDE_1.18.1/STM32CubeIDE/plugins/com.st.stm32cube.ide.mcu.externaltools.gnu-tools-for-stm32.13.3.rel1.win32_1.0.0.202411081344/tools/bin/../lib/gcc/arm-none-eabi/13.3.1/thumb/v7e-m+fp/hard/crtn.o
                0x20050000                        _estack = (ORIGIN (RAM) + LENGTH (RAM))
                0x00000200                        _Min_Heap_Size = 0x200
                0x00000400                        _Min_Stack_Size = 0x400

.isr_vector     0x08000000      0x1ac
                0x08000000                        . = ALIGN (0x4)
 *(.isr_vector)
 .isr_vector    0x08000000      0x1ac ./Core/Startup/startup_stm32l4a6zgtx.o
                0x08000000                g_pfnVectors
                0x080001ac                        . = ALIGN (0x4)

.text           0x080001ac     0x9754
                0x080001ac                        . = ALIGN (0x4)
 *(.text)
 .text          0x080001ac       0x40 E:/ST/STM32CubeIDE_1.18.1/STM32CubeIDE/plugins/com.st.stm32cube.ide.mcu.externaltools.gnu-tools-for-stm32.13.3.rel1.win32_1.0.0.202411081344/tools/bin/../lib/gcc/arm-none-eabi/13.3.1/thumb/v7e-m+fp/hard/crtbegin.o
 .text          0x080001ec       0x30 E:/ST/STM32CubeIDE_1.18.1/STM32CubeIDE/plugins/com.st.stm32cube.ide.mcu.externaltools.gnu-tools-for-stm32.13.3.rel1.win32_1.0.0.202411081344/tools/bin/../lib/gcc/arm-none-eabi/13.3.1/thumb/v7e-m+fp/hard\libgcc.a(_aeabi_uldivmod.o)
                0x080001ec                __aeabi_uldivmod
 .text          0x0800021c      0x2f8 E:/ST/STM32CubeIDE_1.18.1/STM32CubeIDE/plugins/com.st.stm32cube.ide.mcu.externaltools.gnu-tools-for-stm32.13.3.rel1.win32_1.0.0.202411081344/tools/bin/../lib/gcc/arm-none-eabi/13.3.1/thumb/v7e-m+fp/hard\libgcc.a(_udivmoddi4.o)
                0x0800021c                __udivmoddi4
 .text          0x08000514        0x4 E:/ST/STM32CubeIDE_1.18.1/STM32CubeIDE/plugins/com.st.stm32cube.ide.mcu.externaltools.gnu-tools-for-stm32.13.3.rel1.win32_1.0.0.202411081344/tools/bin/../lib/gcc/arm-none-eabi/13.3.1/thumb/v7e-m+fp/hard\libgcc.a(_dvmd_tls.o)
                0x08000514                __aeabi_idiv0
                0x08000514                __aeabi_ldiv0
 *(.text*)
 .text.drawPixel
                0x08000518       0x26 ./Core/Src/GFX_FUNCTIONS.o
                0x08000518                drawPixel
 *fill*         0x0800053e        0x2 
 .text.fillRect
                0x08000540       0x48 ./Core/Src/GFX_FUNCTIONS.o
                0x08000540                fillRect
 .text.writePixel
                0x08000588       0x2a ./Core/Src/GFX_FUNCTIONS.o
                0x08000588                writePixel
 .text.writeLine
                0x080005b2      0x144 ./Core/Src/GFX_FUNCTIONS.o
                0x080005b2                writeLine
 .text.drawFastVLine
                0x080006f6       0x4a ./Core/Src/GFX_FUNCTIONS.o
                0x080006f6                drawFastVLine
 .text.drawFastHLine
                0x08000740       0x4a ./Core/Src/GFX_FUNCTIONS.o
                0x08000740                drawFastHLine
 .text.drawLine
                0x0800078a       0xc4 ./Core/Src/GFX_FUNCTIONS.o
                0x0800078a                drawLine
 .text.drawCircle
                0x0800084e      0x1d8 ./Core/Src/GFX_FUNCTIONS.o
                0x0800084e                drawCircle
 .text.drawCircleHelper
                0x08000a26      0x1a8 ./Core/Src/GFX_FUNCTIONS.o
                0x08000a26                drawCircleHelper
 .text.fillCircleHelper
                0x08000bce      0x19c ./Core/Src/GFX_FUNCTIONS.o
                0x08000bce                fillCircleHelper
 .text.fillCircle
                0x08000d6a       0x60 ./Core/Src/GFX_FUNCTIONS.o
                0x08000d6a                fillCircle
 .text.drawRect
                0x08000dca       0x82 ./Core/Src/GFX_FUNCTIONS.o
                0x08000dca                drawRect
 .text.drawRoundRect
                0x08000e4c      0x19a ./Core/Src/GFX_FUNCTIONS.o
                0x08000e4c                drawRoundRect
 .text.fillRoundRect
                0x08000fe6       0xf2 ./Core/Src/GFX_FUNCTIONS.o
                0x08000fe6                fillRoundRect
 .text.drawTriangle
                0x080010d8       0x74 ./Core/Src/GFX_FUNCTIONS.o
                0x080010d8                drawTriangle
 .text.fillTriangle
                0x0800114c      0x2be ./Core/Src/GFX_FUNCTIONS.o
                0x0800114c                fillTriangle
 *fill*         0x0800140a        0x2 
 .text.fillScreen
                0x0800140c       0x34 ./Core/Src/GFX_FUNCTIONS.o
                0x0800140c                fillScreen
 .text.testLines
                0x08001440      0x204 ./Core/Src/GFX_FUNCTIONS.o
                0x08001440                testLines
 .text.testFastLines
                0x08001644       0x80 ./Core/Src/GFX_FUNCTIONS.o
                0x08001644                testFastLines
 .text.testRects
                0x080016c4       0xa4 ./Core/Src/GFX_FUNCTIONS.o
                0x080016c4                testRects
 .text.testFilledRects
                0x08001768       0xdc ./Core/Src/GFX_FUNCTIONS.o
                0x08001768                testFilledRects
 .text.testFilledCircles
                0x08001844       0x7c ./Core/Src/GFX_FUNCTIONS.o
                0x08001844                testFilledCircles
 .text.testCircles
                0x080018c0       0x84 ./Core/Src/GFX_FUNCTIONS.o
                0x080018c0                testCircles
 .text.testTriangles
                0x08001944       0xc8 ./Core/Src/GFX_FUNCTIONS.o
                0x08001944                testTriangles
 .text.testFilledTriangles
                0x08001a0c      0x160 ./Core/Src/GFX_FUNCTIONS.o
                0x08001a0c                testFilledTriangles
 .text.testRoundRects
                0x08001b6c       0xdc ./Core/Src/GFX_FUNCTIONS.o
                0x08001b6c                testRoundRects
 .text.testFilledRoundRects
                0x08001c48       0xe8 ./Core/Src/GFX_FUNCTIONS.o
                0x08001c48                testFilledRoundRects
 .text.testFillScreen
                0x08001d30       0x2a ./Core/Src/GFX_FUNCTIONS.o
                0x08001d30                testFillScreen
 .text.testAll  0x08001d5a       0x56 ./Core/Src/GFX_FUNCTIONS.o
                0x08001d5a                testAll
 .text.HAL_SPI_ErrorCallback
                0x08001db0       0x6c ./Core/Src/ST7735.o
                0x08001db0                HAL_SPI_ErrorCallback
 .text.HAL_SPI_TxCpltCallback
                0x08001e1c       0x60 ./Core/Src/ST7735.o
                0x08001e1c                HAL_SPI_TxCpltCallback
 .text.ST7735_WaitForDMA
                0x08001e7c       0x4c ./Core/Src/ST7735.o
                0x08001e7c                ST7735_WaitForDMA
 .text.ST7735_Select
                0x08001ec8       0x18 ./Core/Src/ST7735.o
                0x08001ec8                ST7735_Select
 .text.ST7735_Unselect
                0x08001ee0       0x18 ./Core/Src/ST7735.o
                0x08001ee0                ST7735_Unselect
 .text.ST7735_Reset
                0x08001ef8       0x2c ./Core/Src/ST7735.o
                0x08001ef8                ST7735_Reset
 .text.ST7735_WriteCommand
                0x08001f24       0x38 ./Core/Src/ST7735.o
                0x08001f24                ST7735_WriteCommand
 .text.ST7735_WriteData
                0x08001f5c       0x3c ./Core/Src/ST7735.o
                0x08001f5c                ST7735_WriteData
 .text.DisplayInit
                0x08001f98       0x92 ./Core/Src/ST7735.o
                0x08001f98                DisplayInit
 *fill*         0x0800202a        0x2 
 .text.ST7735_SetAddressWindow
                0x0800202c       0x90 ./Core/Src/ST7735.o
                0x0800202c                ST7735_SetAddressWindow
 .text.ST7735_Init
                0x080020bc       0x58 ./Core/Src/ST7735.o
                0x080020bc                ST7735_Init
 .text.ST7735_SetRotation
                0x08002114      0x100 ./Core/Src/ST7735.o
                0x08002114                ST7735_SetRotation
 .text.ST7735_DrawPixel
                0x08002214       0x7c ./Core/Src/ST7735.o
                0x08002214                ST7735_DrawPixel
 .text.ST7735_WriteChar
                0x08002290       0xee ./Core/Src/ST7735.o
                0x08002290                ST7735_WriteChar
 *fill*         0x0800237e        0x2 
 .text.ST7735_WriteString
                0x08002380       0xec ./Core/Src/ST7735.o
                0x08002380                ST7735_WriteString
 .text.ST7735_FillRectangle
                0x0800246c      0x194 ./Core/Src/ST7735.o
                0x0800246c                ST7735_FillRectangle
 .text.HAL_UART_RxCpltCallback
                0x08002600       0x48 ./Core/Src/main.o
                0x08002600                HAL_UART_RxCpltCallback
 .text.menu_option
                0x08002648      0x188 ./Core/Src/main.o
                0x08002648                menu_option
 .text.main     0x080027d0      0x28c ./Core/Src/main.o
                0x080027d0                main
 .text.SystemClock_Config
                0x08002a5c       0xa2 ./Core/Src/main.o
                0x08002a5c                SystemClock_Config
 *fill*         0x08002afe        0x2 
 .text.MX_AES_Init
                0x08002b00       0x58 ./Core/Src/main.o
 .text.MX_LPUART1_UART_Init
                0x08002b58       0x58 ./Core/Src/main.o
 .text.MX_SPI1_Init
                0x08002bb0       0x7c ./Core/Src/main.o
 .text.MX_TIM1_Init
                0x08002c2c      0x120 ./Core/Src/main.o
 .text.MX_DMA_Init
                0x08002d4c       0x4c ./Core/Src/main.o
 .text.MX_GPIO_Init
                0x08002d98      0x140 ./Core/Src/main.o
 .text.Error_Handler
                0x08002ed8        0xc ./Core/Src/main.o
                0x08002ed8                Error_Handler
 .text.action_test_lcd
                0x08002ee4        0xc ./Core/Src/menu.o
                0x08002ee4                action_test_lcd
 .text.draw_bulb_on
                0x08002ef0       0x44 ./Core/Src/menu.o
                0x08002ef0                draw_bulb_on
 .text.draw_bulb_off
                0x08002f34       0x44 ./Core/Src/menu.o
                0x08002f34                draw_bulb_off
 .text.action_led_on
                0x08002f78       0x58 ./Core/Src/menu.o
                0x08002f78                action_led_on
 .text.action_led_off
                0x08002fd0       0x5c ./Core/Src/menu.o
                0x08002fd0                action_led_off
 .text.led_toggle
                0x0800302c       0x54 ./Core/Src/menu.o
                0x0800302c                led_toggle
 .text.draw_menu
                0x08003080       0xa0 ./Core/Src/menu.o
                0x08003080                draw_menu
 .text.set_backlight_brightness
                0x08003120       0x48 ./Core/Src/menu.o
                0x08003120                set_backlight_brightness
 .text.backlight_display
                0x08003168       0xc0 ./Core/Src/menu.o
                0x08003168                backlight_display
 .text.HAL_MspInit
                0x08003228       0x48 ./Core/Src/stm32l4xx_hal_msp.o
                0x08003228                HAL_MspInit
 .text.HAL_CRYP_MspInit
                0x08003270       0x40 ./Core/Src/stm32l4xx_hal_msp.o
                0x08003270                HAL_CRYP_MspInit
 .text.HAL_CRYP_MspDeInit
                0x080032b0       0x34 ./Core/Src/stm32l4xx_hal_msp.o
                0x080032b0                HAL_CRYP_MspDeInit
 .text.HAL_UART_MspInit
                0x080032e4       0xd0 ./Core/Src/stm32l4xx_hal_msp.o
                0x080032e4                HAL_UART_MspInit
 .text.HAL_SPI_MspInit
                0x080033b4      0x138 ./Core/Src/stm32l4xx_hal_msp.o
                0x080033b4                HAL_SPI_MspInit
 .text.HAL_SPI_MspDeInit
                0x080034ec       0x4c ./Core/Src/stm32l4xx_hal_msp.o
                0x080034ec                HAL_SPI_MspDeInit
 .text.HAL_TIM_PWM_MspInit
                0x08003538       0x40 ./Core/Src/stm32l4xx_hal_msp.o
                0x08003538                HAL_TIM_PWM_MspInit
 .text.HAL_TIM_MspPostInit
                0x08003578       0x70 ./Core/Src/stm32l4xx_hal_msp.o
                0x08003578                HAL_TIM_MspPostInit
 .text.NMI_Handler
                0x080035e8        0x8 ./Core/Src/stm32l4xx_it.o
                0x080035e8                NMI_Handler
 .text.HardFault_Handler
                0x080035f0        0x8 ./Core/Src/stm32l4xx_it.o
                0x080035f0                HardFault_Handler
 .text.MemManage_Handler
                0x080035f8        0x8 ./Core/Src/stm32l4xx_it.o
                0x080035f8                MemManage_Handler
 .text.BusFault_Handler
                0x08003600        0x8 ./Core/Src/stm32l4xx_it.o
                0x08003600                BusFault_Handler
 .text.UsageFault_Handler
                0x08003608        0x8 ./Core/Src/stm32l4xx_it.o
                0x08003608                UsageFault_Handler
 .text.SVC_Handler
                0x08003610        0xe ./Core/Src/stm32l4xx_it.o
                0x08003610                SVC_Handler
 .text.DebugMon_Handler
                0x0800361e        0xe ./Core/Src/stm32l4xx_it.o
                0x0800361e                DebugMon_Handler
 .text.PendSV_Handler
                0x0800362c        0xe ./Core/Src/stm32l4xx_it.o
                0x0800362c                PendSV_Handler
 .text.SysTick_Handler
                0x0800363a        0xc ./Core/Src/stm32l4xx_it.o
                0x0800363a                SysTick_Handler
 *fill*         0x08003646        0x2 
 .text.DMA1_Channel2_IRQHandler
                0x08003648       0x14 ./Core/Src/stm32l4xx_it.o
                0x08003648                DMA1_Channel2_IRQHandler
 .text.DMA1_Channel3_IRQHandler
                0x0800365c       0x14 ./Core/Src/stm32l4xx_it.o
                0x0800365c                DMA1_Channel3_IRQHandler
 .text.LPUART1_IRQHandler
                0x08003670       0x14 ./Core/Src/stm32l4xx_it.o
                0x08003670                LPUART1_IRQHandler
 .text._sbrk    0x08003684       0x6c ./Core/Src/sysmem.o
                0x08003684                _sbrk
 .text.SystemInit
                0x080036f0       0x24 ./Core/Src/system_stm32l4xx.o
                0x080036f0                SystemInit
 .text.Reset_Handler
                0x08003714       0x50 ./Core/Startup/startup_stm32l4a6zgtx.o
                0x08003714                Reset_Handler
 .text.Default_Handler
                0x08003764        0x2 ./Core/Startup/startup_stm32l4a6zgtx.o
                0x08003764                RTC_Alarm_IRQHandler
                0x08003764                HASH_RNG_IRQHandler
                0x08003764                EXTI2_IRQHandler
                0x08003764                TIM8_TRG_COM_IRQHandler
                0x08003764                TIM8_CC_IRQHandler
                0x08003764                TIM1_CC_IRQHandler
                0x08003764                TSC_IRQHandler
                0x08003764                TAMP_STAMP_IRQHandler
                0x08003764                CAN2_RX1_IRQHandler
                0x08003764                EXTI3_IRQHandler
                0x08003764                LPTIM2_IRQHandler
                0x08003764                DFSDM1_FLT1_IRQHandler
                0x08003764                I2C3_ER_IRQHandler
                0x08003764                DFSDM1_FLT2_IRQHandler
                0x08003764                EXTI0_IRQHandler
                0x08003764                I2C2_EV_IRQHandler
                0x08003764                CAN1_RX0_IRQHandler
                0x08003764                FPU_IRQHandler
                0x08003764                TIM1_UP_TIM16_IRQHandler
                0x08003764                CAN2_SCE_IRQHandler
                0x08003764                ADC1_2_IRQHandler
                0x08003764                SPI1_IRQHandler
                0x08003764                TIM6_DAC_IRQHandler
                0x08003764                DCMI_IRQHandler
                0x08003764                CAN2_RX0_IRQHandler
                0x08003764                TIM8_UP_IRQHandler
                0x08003764                DMA2_Channel2_IRQHandler
                0x08003764                DMA1_Channel4_IRQHandler
                0x08003764                SAI2_IRQHandler
                0x08003764                DFSDM1_FLT3_IRQHandler
                0x08003764                USART3_IRQHandler
                0x08003764                DMA1_Channel7_IRQHandler
                0x08003764                CAN1_RX1_IRQHandler
                0x08003764                LCD_IRQHandler
                0x08003764                UART5_IRQHandler
                0x08003764                ADC3_IRQHandler
                0x08003764                TIM4_IRQHandler
                0x08003764                DMA2_Channel1_IRQHandler
                0x08003764                QUADSPI_IRQHandler
                0x08003764                I2C1_EV_IRQHandler
                0x08003764                DMA1_Channel6_IRQHandler
                0x08003764                UART4_IRQHandler
                0x08003764                DMA2_Channel4_IRQHandler
                0x08003764                TIM3_IRQHandler
                0x08003764                RCC_IRQHandler
                0x08003764                DMA1_Channel1_IRQHandler
                0x08003764                Default_Handler
                0x08003764                DMA2_Channel7_IRQHandler
                0x08003764                EXTI15_10_IRQHandler
                0x08003764                TIM7_IRQHandler
                0x08003764                SDMMC1_IRQHandler
                0x08003764                CAN2_TX_IRQHandler
                0x08003764                TIM5_IRQHandler
                0x08003764                I2C3_EV_IRQHandler
                0x08003764                EXTI9_5_IRQHandler
                0x08003764                RTC_WKUP_IRQHandler
                0x08003764                PVD_PVM_IRQHandler
                0x08003764                SPI2_IRQHandler
                0x08003764                CAN1_TX_IRQHandler
                0x08003764                DMA2_Channel5_IRQHandler
                0x08003764                CRS_IRQHandler
                0x08003764                DMA1_Channel5_IRQHandler
                0x08003764                EXTI4_IRQHandler
                0x08003764                TIM1_TRG_COM_TIM17_IRQHandler
                0x08003764                COMP_IRQHandler
                0x08003764                WWDG_IRQHandler
                0x08003764                I2C4_EV_IRQHandler
                0x08003764                DMA2_Channel6_IRQHandler
                0x08003764                TIM2_IRQHandler
                0x08003764                DMA2D_IRQHandler
                0x08003764                EXTI1_IRQHandler
                0x08003764                AES_IRQHandler
                0x08003764                USART2_IRQHandler
                0x08003764                DFSDM1_FLT0_IRQHandler
                0x08003764                I2C2_ER_IRQHandler
                0x08003764                TIM8_BRK_IRQHandler
                0x08003764                CAN1_SCE_IRQHandler
                0x08003764                FLASH_IRQHandler
                0x08003764                USART1_IRQHandler
                0x08003764                OTG_FS_IRQHandler
                0x08003764                SPI3_IRQHandler
                0x08003764                I2C1_ER_IRQHandler
                0x08003764                FMC_IRQHandler
                0x08003764                SWPMI1_IRQHandler
                0x08003764                LPTIM1_IRQHandler
                0x08003764                I2C4_ER_IRQHandler
                0x08003764                SAI1_IRQHandler
                0x08003764                DMA2_Channel3_IRQHandler
                0x08003764                TIM1_BRK_TIM15_IRQHandler
 .text.HAL_Init
                0x08003766       0x30 ./Drivers/STM32L4xx_HAL_Driver/Src/stm32l4xx_hal.o
                0x08003766                HAL_Init
 *fill*         0x08003796        0x2 
 .text.HAL_InitTick
                0x08003798       0x78 ./Drivers/STM32L4xx_HAL_Driver/Src/stm32l4xx_hal.o
                0x08003798                HAL_InitTick
 .text.HAL_IncTick
                0x08003810       0x28 ./Drivers/STM32L4xx_HAL_Driver/Src/stm32l4xx_hal.o
                0x08003810                HAL_IncTick
 .text.HAL_GetTick
                0x08003838       0x18 ./Drivers/STM32L4xx_HAL_Driver/Src/stm32l4xx_hal.o
                0x08003838                HAL_GetTick
 .text.HAL_Delay
                0x08003850       0x48 ./Drivers/STM32L4xx_HAL_Driver/Src/stm32l4xx_hal.o
                0x08003850                HAL_Delay
 .text.__NVIC_SetPriorityGrouping
                0x08003898       0x48 ./Drivers/STM32L4xx_HAL_Driver/Src/stm32l4xx_hal_cortex.o
 .text.__NVIC_GetPriorityGrouping
                0x080038e0       0x1c ./Drivers/STM32L4xx_HAL_Driver/Src/stm32l4xx_hal_cortex.o
 .text.__NVIC_EnableIRQ
                0x080038fc       0x3c ./Drivers/STM32L4xx_HAL_Driver/Src/stm32l4xx_hal_cortex.o
 .text.__NVIC_SetPriority
                0x08003938       0x54 ./Drivers/STM32L4xx_HAL_Driver/Src/stm32l4xx_hal_cortex.o
 .text.NVIC_EncodePriority
                0x0800398c       0x66 ./Drivers/STM32L4xx_HAL_Driver/Src/stm32l4xx_hal_cortex.o
 *fill*         0x080039f2        0x2 
 .text.SysTick_Config
                0x080039f4       0x44 ./Drivers/STM32L4xx_HAL_Driver/Src/stm32l4xx_hal_cortex.o
 .text.HAL_NVIC_SetPriorityGrouping
                0x08003a38       0x16 ./Drivers/STM32L4xx_HAL_Driver/Src/stm32l4xx_hal_cortex.o
                0x08003a38                HAL_NVIC_SetPriorityGrouping
 .text.HAL_NVIC_SetPriority
                0x08003a4e       0x38 ./Drivers/STM32L4xx_HAL_Driver/Src/stm32l4xx_hal_cortex.o
                0x08003a4e                HAL_NVIC_SetPriority
 .text.HAL_NVIC_EnableIRQ
                0x08003a86       0x1c ./Drivers/STM32L4xx_HAL_Driver/Src/stm32l4xx_hal_cortex.o
                0x08003a86                HAL_NVIC_EnableIRQ
 .text.HAL_SYSTICK_Config
                0x08003aa2       0x18 ./Drivers/STM32L4xx_HAL_Driver/Src/stm32l4xx_hal_cortex.o
                0x08003aa2                HAL_SYSTICK_Config
 .text.HAL_CRYP_Init
                0x08003aba      0x1b6 ./Drivers/STM32L4xx_HAL_Driver/Src/stm32l4xx_hal_cryp.o
                0x08003aba                HAL_CRYP_Init
 .text.HAL_CRYP_DeInit
                0x08003c70       0x5e ./Drivers/STM32L4xx_HAL_Driver/Src/stm32l4xx_hal_cryp.o
                0x08003c70                HAL_CRYP_DeInit
 .text.HAL_CRYP_AESCBC_Encrypt
                0x08003cce       0x5c ./Drivers/STM32L4xx_HAL_Driver/Src/stm32l4xx_hal_cryp.o
                0x08003cce                HAL_CRYP_AESCBC_Encrypt
 .text.CRYP_SetKey
                0x08003d2a       0xdc ./Drivers/STM32L4xx_HAL_Driver/Src/stm32l4xx_hal_cryp.o
 .text.CRYP_SetInitVector
                0x08003e06       0xa6 ./Drivers/STM32L4xx_HAL_Driver/Src/stm32l4xx_hal_cryp.o
 .text.HAL_CRYPEx_AES
                0x08003eac       0xc2 ./Drivers/STM32L4xx_HAL_Driver/Src/stm32l4xx_hal_cryp_ex.o
                0x08003eac                HAL_CRYPEx_AES
 .text.CRYP_ProcessData
                0x08003f6e      0x12e ./Drivers/STM32L4xx_HAL_Driver/Src/stm32l4xx_hal_cryp_ex.o
 .text.CRYP_ReadKey
                0x0800409c      0x100 ./Drivers/STM32L4xx_HAL_Driver/Src/stm32l4xx_hal_cryp_ex.o
 .text.CRYP_WaitOnCCFlag
                0x0800419c       0x46 ./Drivers/STM32L4xx_HAL_Driver/Src/stm32l4xx_hal_cryp_ex.o
 *fill*         0x080041e2        0x2 
 .text.HAL_DMA_Init
                0x080041e4      0x170 ./Drivers/STM32L4xx_HAL_Driver/Src/stm32l4xx_hal_dma.o
                0x080041e4                HAL_DMA_Init
 .text.HAL_DMA_DeInit
                0x08004354      0x124 ./Drivers/STM32L4xx_HAL_Driver/Src/stm32l4xx_hal_dma.o
                0x08004354                HAL_DMA_DeInit
 .text.HAL_DMA_Start_IT
                0x08004478       0xc0 ./Drivers/STM32L4xx_HAL_Driver/Src/stm32l4xx_hal_dma.o
                0x08004478                HAL_DMA_Start_IT
 .text.HAL_DMA_Abort
                0x08004538       0x7c ./Drivers/STM32L4xx_HAL_Driver/Src/stm32l4xx_hal_dma.o
                0x08004538                HAL_DMA_Abort
 .text.HAL_DMA_Abort_IT
                0x080045b4       0x82 ./Drivers/STM32L4xx_HAL_Driver/Src/stm32l4xx_hal_dma.o
                0x080045b4                HAL_DMA_Abort_IT
 .text.HAL_DMA_IRQHandler
                0x08004636      0x15e ./Drivers/STM32L4xx_HAL_Driver/Src/stm32l4xx_hal_dma.o
                0x08004636                HAL_DMA_IRQHandler
 .text.DMA_SetConfig
                0x08004794       0x60 ./Drivers/STM32L4xx_HAL_Driver/Src/stm32l4xx_hal_dma.o
 .text.HAL_GPIO_Init
                0x080047f4      0x324 ./Drivers/STM32L4xx_HAL_Driver/Src/stm32l4xx_hal_gpio.o
                0x080047f4                HAL_GPIO_Init
 .text.HAL_GPIO_DeInit
                0x08004b18      0x1e4 ./Drivers/STM32L4xx_HAL_Driver/Src/stm32l4xx_hal_gpio.o
                0x08004b18                HAL_GPIO_DeInit
 .text.HAL_GPIO_WritePin
                0x08004cfc       0x30 ./Drivers/STM32L4xx_HAL_Driver/Src/stm32l4xx_hal_gpio.o
                0x08004cfc                HAL_GPIO_WritePin
 .text.HAL_GPIO_TogglePin
                0x08004d2c       0x34 ./Drivers/STM32L4xx_HAL_Driver/Src/stm32l4xx_hal_gpio.o
                0x08004d2c                HAL_GPIO_TogglePin
 .text.HAL_PWREx_GetVoltageRange
                0x08004d60       0x1c ./Drivers/STM32L4xx_HAL_Driver/Src/stm32l4xx_hal_pwr_ex.o
                0x08004d60                HAL_PWREx_GetVoltageRange
 .text.HAL_PWREx_ControlVoltageScaling
                0x08004d7c       0xac ./Drivers/STM32L4xx_HAL_Driver/Src/stm32l4xx_hal_pwr_ex.o
                0x08004d7c                HAL_PWREx_ControlVoltageScaling
 .text.HAL_PWREx_EnableVddIO2
                0x08004e28       0x20 ./Drivers/STM32L4xx_HAL_Driver/Src/stm32l4xx_hal_pwr_ex.o
                0x08004e28                HAL_PWREx_EnableVddIO2
 .text.HAL_RCC_OscConfig
                0x08004e48      0x834 ./Drivers/STM32L4xx_HAL_Driver/Src/stm32l4xx_hal_rcc.o
                0x08004e48                HAL_RCC_OscConfig
 .text.HAL_RCC_ClockConfig
                0x0800567c      0x200 ./Drivers/STM32L4xx_HAL_Driver/Src/stm32l4xx_hal_rcc.o
                0x0800567c                HAL_RCC_ClockConfig
 .text.HAL_RCC_GetSysClockFreq
                0x0800587c      0x118 ./Drivers/STM32L4xx_HAL_Driver/Src/stm32l4xx_hal_rcc.o
                0x0800587c                HAL_RCC_GetSysClockFreq
 .text.HAL_RCC_GetHCLKFreq
                0x08005994       0x18 ./Drivers/STM32L4xx_HAL_Driver/Src/stm32l4xx_hal_rcc.o
                0x08005994                HAL_RCC_GetHCLKFreq
 .text.HAL_RCC_GetPCLK1Freq
                0x080059ac       0x2c ./Drivers/STM32L4xx_HAL_Driver/Src/stm32l4xx_hal_rcc.o
                0x080059ac                HAL_RCC_GetPCLK1Freq
 .text.HAL_RCC_GetPCLK2Freq
                0x080059d8       0x2c ./Drivers/STM32L4xx_HAL_Driver/Src/stm32l4xx_hal_rcc.o
                0x080059d8                HAL_RCC_GetPCLK2Freq
 .text.RCC_SetFlashLatencyFromMSIRange
                0x08005a04       0xc0 ./Drivers/STM32L4xx_HAL_Driver/Src/stm32l4xx_hal_rcc.o
 .text.HAL_RCCEx_PeriphCLKConfig
                0x08005ac4      0x5f8 ./Drivers/STM32L4xx_HAL_Driver/Src/stm32l4xx_hal_rcc_ex.o
                0x08005ac4                HAL_RCCEx_PeriphCLKConfig
 .text.RCCEx_PLLSAI1_Config
                0x080060bc      0x1e4 ./Drivers/STM32L4xx_HAL_Driver/Src/stm32l4xx_hal_rcc_ex.o
 .text.RCCEx_PLLSAI2_Config
                0x080062a0      0x1b8 ./Drivers/STM32L4xx_HAL_Driver/Src/stm32l4xx_hal_rcc_ex.o
 .text.HAL_SPI_Init
                0x08006458      0x146 ./Drivers/STM32L4xx_HAL_Driver/Src/stm32l4xx_hal_spi.o
                0x08006458                HAL_SPI_Init
 .text.HAL_SPI_DeInit
                0x0800659e       0x50 ./Drivers/STM32L4xx_HAL_Driver/Src/stm32l4xx_hal_spi.o
                0x0800659e                HAL_SPI_DeInit
 .text.HAL_SPI_Transmit
                0x080065ee      0x2ec ./Drivers/STM32L4xx_HAL_Driver/Src/stm32l4xx_hal_spi.o
                0x080065ee                HAL_SPI_Transmit
 *fill*         0x080068da        0x2 
 .text.HAL_SPI_Transmit_DMA
                0x080068dc      0x1dc ./Drivers/STM32L4xx_HAL_Driver/Src/stm32l4xx_hal_spi.o
                0x080068dc                HAL_SPI_Transmit_DMA
 .text.HAL_SPI_TxHalfCpltCallback
                0x08006ab8       0x14 ./Drivers/STM32L4xx_HAL_Driver/Src/stm32l4xx_hal_spi.o
                0x08006ab8                HAL_SPI_TxHalfCpltCallback
 .text.SPI_DMATransmitCplt
                0x08006acc       0xa6 ./Drivers/STM32L4xx_HAL_Driver/Src/stm32l4xx_hal_spi.o
 .text.SPI_DMAHalfTransmitCplt
                0x08006b72       0x1c ./Drivers/STM32L4xx_HAL_Driver/Src/stm32l4xx_hal_spi.o
 .text.SPI_DMAError
                0x08006b8e       0x40 ./Drivers/STM32L4xx_HAL_Driver/Src/stm32l4xx_hal_spi.o
 *fill*         0x08006bce        0x2 
 .text.SPI_WaitFlagStateUntilTimeout
                0x08006bd0      0x110 ./Drivers/STM32L4xx_HAL_Driver/Src/stm32l4xx_hal_spi.o
 .text.SPI_WaitFifoStateUntilTimeout
                0x08006ce0      0x12c ./Drivers/STM32L4xx_HAL_Driver/Src/stm32l4xx_hal_spi.o
 .text.SPI_EndRxTxTransaction
                0x08006e0c       0x8c ./Drivers/STM32L4xx_HAL_Driver/Src/stm32l4xx_hal_spi.o
 .text.HAL_TIM_PWM_Init
                0x08006e98       0xae ./Drivers/STM32L4xx_HAL_Driver/Src/stm32l4xx_hal_tim.o
                0x08006e98                HAL_TIM_PWM_Init
 *fill*         0x08006f46        0x2 
 .text.HAL_TIM_PWM_Start
                0x08006f48      0x20c ./Drivers/STM32L4xx_HAL_Driver/Src/stm32l4xx_hal_tim.o
                0x08006f48                HAL_TIM_PWM_Start
 .text.HAL_TIM_PWM_ConfigChannel
                0x08007154      0x228 ./Drivers/STM32L4xx_HAL_Driver/Src/stm32l4xx_hal_tim.o
                0x08007154                HAL_TIM_PWM_ConfigChannel
 .text.TIM_Base_SetConfig
                0x0800737c      0x14c ./Drivers/STM32L4xx_HAL_Driver/Src/stm32l4xx_hal_tim.o
                0x0800737c                TIM_Base_SetConfig
 .text.TIM_OC1_SetConfig
                0x080074c8      0x120 ./Drivers/STM32L4xx_HAL_Driver/Src/stm32l4xx_hal_tim.o
 .text.TIM_OC2_SetConfig
                0x080075e8      0x114 ./Drivers/STM32L4xx_HAL_Driver/Src/stm32l4xx_hal_tim.o
                0x080075e8                TIM_OC2_SetConfig
 .text.TIM_OC3_SetConfig
                0x080076fc      0x110 ./Drivers/STM32L4xx_HAL_Driver/Src/stm32l4xx_hal_tim.o
 .text.TIM_OC4_SetConfig
                0x0800780c       0xd4 ./Drivers/STM32L4xx_HAL_Driver/Src/stm32l4xx_hal_tim.o
 .text.TIM_OC5_SetConfig
                0x080078e0       0xc8 ./Drivers/STM32L4xx_HAL_Driver/Src/stm32l4xx_hal_tim.o
 .text.TIM_OC6_SetConfig
                0x080079a8       0xcc ./Drivers/STM32L4xx_HAL_Driver/Src/stm32l4xx_hal_tim.o
 .text.TIM_CCxChannelCmd
                0x08007a74       0x4a ./Drivers/STM32L4xx_HAL_Driver/Src/stm32l4xx_hal_tim.o
                0x08007a74                TIM_CCxChannelCmd
 *fill*         0x08007abe        0x2 
 .text.HAL_TIMEx_MasterConfigSynchronization
                0x08007ac0      0x110 ./Drivers/STM32L4xx_HAL_Driver/Src/stm32l4xx_hal_tim_ex.o
                0x08007ac0                HAL_TIMEx_MasterConfigSynchronization
 .text.HAL_TIMEx_ConfigBreakDeadTime
                0x08007bd0       0xfc ./Drivers/STM32L4xx_HAL_Driver/Src/stm32l4xx_hal_tim_ex.o
                0x08007bd0                HAL_TIMEx_ConfigBreakDeadTime
 .text.HAL_UART_Init
                0x08007ccc       0x9c ./Drivers/STM32L4xx_HAL_Driver/Src/stm32l4xx_hal_uart.o
                0x08007ccc                HAL_UART_Init
 .text.HAL_UART_Transmit
                0x08007d68      0x112 ./Drivers/STM32L4xx_HAL_Driver/Src/stm32l4xx_hal_uart.o
                0x08007d68                HAL_UART_Transmit
 .text.HAL_UART_Receive
                0x08007e7a      0x192 ./Drivers/STM32L4xx_HAL_Driver/Src/stm32l4xx_hal_uart.o
                0x08007e7a                HAL_UART_Receive
 .text.HAL_UART_Receive_IT
                0x0800800c       0x98 ./Drivers/STM32L4xx_HAL_Driver/Src/stm32l4xx_hal_uart.o
                0x0800800c                HAL_UART_Receive_IT
 .text.HAL_UART_IRQHandler
                0x080080a4      0x60c ./Drivers/STM32L4xx_HAL_Driver/Src/stm32l4xx_hal_uart.o
                0x080080a4                HAL_UART_IRQHandler
 .text.HAL_UART_TxCpltCallback
                0x080086b0       0x14 ./Drivers/STM32L4xx_HAL_Driver/Src/stm32l4xx_hal_uart.o
                0x080086b0                HAL_UART_TxCpltCallback
 .text.HAL_UART_ErrorCallback
                0x080086c4       0x14 ./Drivers/STM32L4xx_HAL_Driver/Src/stm32l4xx_hal_uart.o
                0x080086c4                HAL_UART_ErrorCallback
 .text.HAL_UARTEx_RxEventCallback
                0x080086d8       0x18 ./Drivers/STM32L4xx_HAL_Driver/Src/stm32l4xx_hal_uart.o
                0x080086d8                HAL_UARTEx_RxEventCallback
 .text.UART_SetConfig
                0x080086f0      0x570 ./Drivers/STM32L4xx_HAL_Driver/Src/stm32l4xx_hal_uart.o
                0x080086f0                UART_SetConfig
 .text.UART_AdvFeatureConfig
                0x08008c60      0x144 ./Drivers/STM32L4xx_HAL_Driver/Src/stm32l4xx_hal_uart.o
                0x08008c60                UART_AdvFeatureConfig
 .text.UART_CheckIdleState
                0x08008da4      0x150 ./Drivers/STM32L4xx_HAL_Driver/Src/stm32l4xx_hal_uart.o
                0x08008da4                UART_CheckIdleState
 .text.UART_WaitOnFlagUntilTimeout
                0x08008ef4       0xda ./Drivers/STM32L4xx_HAL_Driver/Src/stm32l4xx_hal_uart.o
                0x08008ef4                UART_WaitOnFlagUntilTimeout
 *fill*         0x08008fce        0x2 
 .text.UART_Start_Receive_IT
                0x08008fd0      0x18c ./Drivers/STM32L4xx_HAL_Driver/Src/stm32l4xx_hal_uart.o
                0x08008fd0                UART_Start_Receive_IT
 .text.UART_EndRxTransfer
                0x0800915c       0xc8 ./Drivers/STM32L4xx_HAL_Driver/Src/stm32l4xx_hal_uart.o
 .text.UART_DMAAbortOnError
                0x08009224       0x2c ./Drivers/STM32L4xx_HAL_Driver/Src/stm32l4xx_hal_uart.o
 .text.UART_EndTransmit_IT
                0x08009250       0x54 ./Drivers/STM32L4xx_HAL_Driver/Src/stm32l4xx_hal_uart.o
 .text.UART_RxISR_8BIT
                0x080092a4      0x1bc ./Drivers/STM32L4xx_HAL_Driver/Src/stm32l4xx_hal_uart.o
 .text.UART_RxISR_16BIT
                0x08009460      0x1bc ./Drivers/STM32L4xx_HAL_Driver/Src/stm32l4xx_hal_uart.o
 .text.HAL_UARTEx_WakeupCallback
                0x0800961c       0x14 ./Drivers/STM32L4xx_HAL_Driver/Src/stm32l4xx_hal_uart_ex.o
                0x0800961c                HAL_UARTEx_WakeupCallback
 .text.malloc   0x08009630       0x10 E:/ST/STM32CubeIDE_1.18.1/STM32CubeIDE/plugins/com.st.stm32cube.ide.mcu.externaltools.gnu-tools-for-stm32.13.3.rel1.win32_1.0.0.202411081344/tools/bin/../lib/gcc/arm-none-eabi/13.3.1/../../../../arm-none-eabi/lib/thumb/v7e-m+fp/hard\libc_nano.a(libc_a-malloc.o)
                0x08009630                malloc
 .text.free     0x08009640       0x10 E:/ST/STM32CubeIDE_1.18.1/STM32CubeIDE/plugins/com.st.stm32cube.ide.mcu.externaltools.gnu-tools-for-stm32.13.3.rel1.win32_1.0.0.202411081344/tools/bin/../lib/gcc/arm-none-eabi/13.3.1/../../../../arm-none-eabi/lib/thumb/v7e-m+fp/hard\libc_nano.a(libc_a-malloc.o)
                0x08009640                free
 .text.sbrk_aligned
                0x08009650       0x44 E:/ST/STM32CubeIDE_1.18.1/STM32CubeIDE/plugins/com.st.stm32cube.ide.mcu.externaltools.gnu-tools-for-stm32.13.3.rel1.win32_1.0.0.202411081344/tools/bin/../lib/gcc/arm-none-eabi/13.3.1/../../../../arm-none-eabi/lib/thumb/v7e-m+fp/hard\libc_nano.a(libc_a-mallocr.o)
 .text._malloc_r
                0x08009694      0x100 E:/ST/STM32CubeIDE_1.18.1/STM32CubeIDE/plugins/com.st.stm32cube.ide.mcu.externaltools.gnu-tools-for-stm32.13.3.rel1.win32_1.0.0.202411081344/tools/bin/../lib/gcc/arm-none-eabi/13.3.1/../../../../arm-none-eabi/lib/thumb/v7e-m+fp/hard\libc_nano.a(libc_a-mallocr.o)
                0x08009694                _malloc_r
 .text.__malloc_lock
                0x08009794        0xc E:/ST/STM32CubeIDE_1.18.1/STM32CubeIDE/plugins/com.st.stm32cube.ide.mcu.externaltools.gnu-tools-for-stm32.13.3.rel1.win32_1.0.0.202411081344/tools/bin/../lib/gcc/arm-none-eabi/13.3.1/../../../../arm-none-eabi/lib/thumb/v7e-m+fp/hard\libc_nano.a(libc_a-mlock.o)
                0x08009794                __malloc_lock
 .text.__malloc_unlock
                0x080097a0        0xc E:/ST/STM32CubeIDE_1.18.1/STM32CubeIDE/plugins/com.st.stm32cube.ide.mcu.externaltools.gnu-tools-for-stm32.13.3.rel1.win32_1.0.0.202411081344/tools/bin/../lib/gcc/arm-none-eabi/13.3.1/../../../../arm-none-eabi/lib/thumb/v7e-m+fp/hard\libc_nano.a(libc_a-mlock.o)
                0x080097a0                __malloc_unlock
 .text.memcmp   0x080097ac       0x20 E:/ST/STM32CubeIDE_1.18.1/STM32CubeIDE/plugins/com.st.stm32cube.ide.mcu.externaltools.gnu-tools-for-stm32.13.3.rel1.win32_1.0.0.202411081344/tools/bin/../lib/gcc/arm-none-eabi/13.3.1/../../../../arm-none-eabi/lib/thumb/v7e-m+fp/hard\libc_nano.a(libc_a-memcmp.o)
                0x080097ac                memcmp
 .text.memset   0x080097cc       0x10 E:/ST/STM32CubeIDE_1.18.1/STM32CubeIDE/plugins/com.st.stm32cube.ide.mcu.externaltools.gnu-tools-for-stm32.13.3.rel1.win32_1.0.0.202411081344/tools/bin/../lib/gcc/arm-none-eabi/13.3.1/../../../../arm-none-eabi/lib/thumb/v7e-m+fp/hard\libc_nano.a(libc_a-memset.o)
                0x080097cc                memset
 .text._sbrk_r  0x080097dc       0x20 E:/ST/STM32CubeIDE_1.18.1/STM32CubeIDE/plugins/com.st.stm32cube.ide.mcu.externaltools.gnu-tools-for-stm32.13.3.rel1.win32_1.0.0.202411081344/tools/bin/../lib/gcc/arm-none-eabi/13.3.1/../../../../arm-none-eabi/lib/thumb/v7e-m+fp/hard\libc_nano.a(libc_a-sbrkr.o)
                0x080097dc                _sbrk_r
 .text.__errno  0x080097fc        0xc E:/ST/STM32CubeIDE_1.18.1/STM32CubeIDE/plugins/com.st.stm32cube.ide.mcu.externaltools.gnu-tools-for-stm32.13.3.rel1.win32_1.0.0.202411081344/tools/bin/../lib/gcc/arm-none-eabi/13.3.1/../../../../arm-none-eabi/lib/thumb/v7e-m+fp/hard\libc_nano.a(libc_a-errno.o)
                0x080097fc                __errno
 .text.__libc_init_array
                0x08009808       0x48 E:/ST/STM32CubeIDE_1.18.1/STM32CubeIDE/plugins/com.st.stm32cube.ide.mcu.externaltools.gnu-tools-for-stm32.13.3.rel1.win32_1.0.0.202411081344/tools/bin/../lib/gcc/arm-none-eabi/13.3.1/../../../../arm-none-eabi/lib/thumb/v7e-m+fp/hard\libc_nano.a(libc_a-init.o)
                0x08009808                __libc_init_array
 .text.__retarget_lock_acquire_recursive
                0x08009850        0x2 E:/ST/STM32CubeIDE_1.18.1/STM32CubeIDE/plugins/com.st.stm32cube.ide.mcu.externaltools.gnu-tools-for-stm32.13.3.rel1.win32_1.0.0.202411081344/tools/bin/../lib/gcc/arm-none-eabi/13.3.1/../../../../arm-none-eabi/lib/thumb/v7e-m+fp/hard\libc_nano.a(libc_a-lock.o)
                0x08009850                __retarget_lock_acquire_recursive
 .text.__retarget_lock_release_recursive
                0x08009852        0x2 E:/ST/STM32CubeIDE_1.18.1/STM32CubeIDE/plugins/com.st.stm32cube.ide.mcu.externaltools.gnu-tools-for-stm32.13.3.rel1.win32_1.0.0.202411081344/tools/bin/../lib/gcc/arm-none-eabi/13.3.1/../../../../arm-none-eabi/lib/thumb/v7e-m+fp/hard\libc_nano.a(libc_a-lock.o)
                0x08009852                __retarget_lock_release_recursive
 .text._free_r  0x08009854       0x94 E:/ST/STM32CubeIDE_1.18.1/STM32CubeIDE/plugins/com.st.stm32cube.ide.mcu.externaltools.gnu-tools-for-stm32.13.3.rel1.win32_1.0.0.202411081344/tools/bin/../lib/gcc/arm-none-eabi/13.3.1/../../../../arm-none-eabi/lib/thumb/v7e-m+fp/hard\libc_nano.a(libc_a-freer.o)
                0x08009854                _free_r
 *(.glue_7)
 .glue_7        0x080098e8        0x0 linker stubs
 *(.glue_7t)
 .glue_7t       0x080098e8        0x0 linker stubs
 *(.eh_frame)
 .eh_frame      0x080098e8        0x0 E:/ST/STM32CubeIDE_1.18.1/STM32CubeIDE/plugins/com.st.stm32cube.ide.mcu.externaltools.gnu-tools-for-stm32.13.3.rel1.win32_1.0.0.202411081344/tools/bin/../lib/gcc/arm-none-eabi/13.3.1/thumb/v7e-m+fp/hard/crtbegin.o
 *(.init)
 .init          0x080098e8        0x4 E:/ST/STM32CubeIDE_1.18.1/STM32CubeIDE/plugins/com.st.stm32cube.ide.mcu.externaltools.gnu-tools-for-stm32.13.3.rel1.win32_1.0.0.202411081344/tools/bin/../lib/gcc/arm-none-eabi/13.3.1/thumb/v7e-m+fp/hard/crti.o
                0x080098e8                _init
 .init          0x080098ec        0x8 E:/ST/STM32CubeIDE_1.18.1/STM32CubeIDE/plugins/com.st.stm32cube.ide.mcu.externaltools.gnu-tools-for-stm32.13.3.rel1.win32_1.0.0.202411081344/tools/bin/../lib/gcc/arm-none-eabi/13.3.1/thumb/v7e-m+fp/hard/crtn.o
 *(.fini)
 .fini          0x080098f4        0x4 E:/ST/STM32CubeIDE_1.18.1/STM32CubeIDE/plugins/com.st.stm32cube.ide.mcu.externaltools.gnu-tools-for-stm32.13.3.rel1.win32_1.0.0.202411081344/tools/bin/../lib/gcc/arm-none-eabi/13.3.1/thumb/v7e-m+fp/hard/crti.o
                0x080098f4                _fini
 .fini          0x080098f8        0x8 E:/ST/STM32CubeIDE_1.18.1/STM32CubeIDE/plugins/com.st.stm32cube.ide.mcu.externaltools.gnu-tools-for-stm32.13.3.rel1.win32_1.0.0.202411081344/tools/bin/../lib/gcc/arm-none-eabi/13.3.1/thumb/v7e-m+fp/hard/crtn.o
                0x08009900                        . = ALIGN (0x4)
                0x08009900                        _etext = .

.vfp11_veneer   0x08009900        0x0
 .vfp11_veneer  0x08009900        0x0 linker stubs

.v4_bx          0x08009900        0x0
 .v4_bx         0x08009900        0x0 linker stubs

.iplt           0x08009900        0x0
 .iplt          0x08009900        0x0 E:/ST/STM32CubeIDE_1.18.1/STM32CubeIDE/plugins/com.st.stm32cube.ide.mcu.externaltools.gnu-tools-for-stm32.13.3.rel1.win32_1.0.0.202411081344/tools/bin/../lib/gcc/arm-none-eabi/13.3.1/thumb/v7e-m+fp/hard/crtbegin.o

.rodata         0x08009900      0xf10
                0x08009900                        . = ALIGN (0x4)
 *(.rodata)
 .rodata        0x08009900       0x68 ./Core/Src/main.o
 .rodata        0x08009968       0x69 ./Core/Src/menu.o
 *(.rodata*)
 *fill*         0x080099d1        0x3 
 .rodata.init_cmds1
                0x080099d4       0x38 ./Core/Src/ST7735.o
                0x080099d4                init_cmds1
 .rodata.init_cmds2
                0x08009a0c        0xd ./Core/Src/ST7735.o
                0x08009a0c                init_cmds2
 *fill*         0x08009a19        0x3 
 .rodata.init_cmds3
                0x08009a1c       0x2b ./Core/Src/ST7735.o
                0x08009a1c                init_cmds3
 *fill*         0x08009a47        0x1 
 .rodata.Font11x18
                0x08009a48      0xd5c ./Core/Src/fonts.o
 .rodata.pKeyAES
                0x0800a7a4       0x10 ./Core/Src/main.o
 .rodata.pInitVectAES
                0x0800a7b4       0x10 ./Core/Src/main.o
 .rodata.NUM_OPTIONS
                0x0800a7c4        0x4 ./Core/Src/menu.o
                0x0800a7c4                NUM_OPTIONS
 .rodata.AHBPrescTable
                0x0800a7c8       0x10 ./Core/Src/system_stm32l4xx.o
                0x0800a7c8                AHBPrescTable
 .rodata.APBPrescTable
                0x0800a7d8        0x8 ./Core/Src/system_stm32l4xx.o
                0x0800a7d8                APBPrescTable
 .rodata.MSIRangeTable
                0x0800a7e0       0x30 ./Core/Src/system_stm32l4xx.o
                0x0800a7e0                MSIRangeTable
                0x0800a810                        . = ALIGN (0x4)

.ARM.extab      0x0800a810        0x0
                0x0800a810                        . = ALIGN (0x4)
 *(.ARM.extab* .gnu.linkonce.armextab.*)
                0x0800a810                        . = ALIGN (0x4)

.ARM            0x0800a810        0x8
                0x0800a810                        . = ALIGN (0x4)
                0x0800a810                        __exidx_start = .
 *(.ARM.exidx*)
 .ARM.exidx     0x0800a810        0x8 E:/ST/STM32CubeIDE_1.18.1/STM32CubeIDE/plugins/com.st.stm32cube.ide.mcu.externaltools.gnu-tools-for-stm32.13.3.rel1.win32_1.0.0.202411081344/tools/bin/../lib/gcc/arm-none-eabi/13.3.1/thumb/v7e-m+fp/hard\libgcc.a(_udivmoddi4.o)
                0x0800a818                        __exidx_end = .
                0x0800a818                        . = ALIGN (0x4)

.preinit_array  0x0800a818        0x0
                0x0800a818                        . = ALIGN (0x4)
                0x0800a818                        PROVIDE (__preinit_array_start = .)
 *(.preinit_array*)
                0x0800a818                        PROVIDE (__preinit_array_end = .)
                0x0800a818                        . = ALIGN (0x4)

.init_array     0x0800a818        0x4
                0x0800a818                        . = ALIGN (0x4)
                0x0800a818                        PROVIDE (__init_array_start = .)
 *(SORT_BY_NAME(.init_array.*))
 *(.init_array*)
 .init_array    0x0800a818        0x4 E:/ST/STM32CubeIDE_1.18.1/STM32CubeIDE/plugins/com.st.stm32cube.ide.mcu.externaltools.gnu-tools-for-stm32.13.3.rel1.win32_1.0.0.202411081344/tools/bin/../lib/gcc/arm-none-eabi/13.3.1/thumb/v7e-m+fp/hard/crtbegin.o
                0x0800a81c                        PROVIDE (__init_array_end = .)
                0x0800a81c                        . = ALIGN (0x4)

.fini_array     0x0800a81c        0x4
                0x0800a81c                        . = ALIGN (0x4)
                [!provide]                        PROVIDE (__fini_array_start = .)
 *(SORT_BY_NAME(.fini_array.*))
 *(.fini_array*)
 .fini_array    0x0800a81c        0x4 E:/ST/STM32CubeIDE_1.18.1/STM32CubeIDE/plugins/com.st.stm32cube.ide.mcu.externaltools.gnu-tools-for-stm32.13.3.rel1.win32_1.0.0.202411081344/tools/bin/../lib/gcc/arm-none-eabi/13.3.1/thumb/v7e-m+fp/hard/crtbegin.o
                [!provide]                        PROVIDE (__fini_array_end = .)
                0x0800a820                        . = ALIGN (0x4)
                0x0800a820                        _sidata = LOADADDR (.data)

.rel.dyn        0x0800a820        0x0
 .rel.iplt      0x0800a820        0x0 E:/ST/STM32CubeIDE_1.18.1/STM32CubeIDE/plugins/com.st.stm32cube.ide.mcu.externaltools.gnu-tools-for-stm32.13.3.rel1.win32_1.0.0.202411081344/tools/bin/../lib/gcc/arm-none-eabi/13.3.1/thumb/v7e-m+fp/hard/crtbegin.o

.data           0x20000000       0x9c load address 0x0800a820
                0x20000000                        . = ALIGN (0x4)
                0x20000000                        _sdata = .
 *(.data)
 *(.data*)
 .data.spi_ready
                0x20000000        0x1 ./Core/Src/ST7735.o
                0x20000000                spi_ready
 *fill*         0x20000001        0x3 
 .data.Font_11x18
                0x20000004        0x8 ./Core/Src/fonts.o
                0x20000004                Font_11x18
 .data.plain_text
                0x2000000c       0x10 ./Core/Src/main.o
                0x2000000c                plain_text
 .data.menu     0x2000001c       0x20 ./Core/Src/menu.o
                0x2000001c                menu
 .data.brightness
                0x2000003c        0x1 ./Core/Src/menu.o
                0x2000003c                brightness
 *fill*         0x2000003d        0x3 
 .data.SystemCoreClock
                0x20000040        0x4 ./Core/Src/system_stm32l4xx.o
                0x20000040                SystemCoreClock
 .data.uwTickPrio
                0x20000044        0x4 ./Drivers/STM32L4xx_HAL_Driver/Src/stm32l4xx_hal.o
                0x20000044                uwTickPrio
 .data.uwTickFreq
                0x20000048        0x1 ./Drivers/STM32L4xx_HAL_Driver/Src/stm32l4xx_hal.o
                0x20000048                uwTickFreq
 *fill*         0x20000049        0x3 
 .data._impure_ptr
                0x2000004c        0x4 E:/ST/STM32CubeIDE_1.18.1/STM32CubeIDE/plugins/com.st.stm32cube.ide.mcu.externaltools.gnu-tools-for-stm32.13.3.rel1.win32_1.0.0.202411081344/tools/bin/../lib/gcc/arm-none-eabi/13.3.1/../../../../arm-none-eabi/lib/thumb/v7e-m+fp/hard\libc_nano.a(libc_a-impure.o)
                0x2000004c                _impure_ptr
 .data._impure_data
                0x20000050       0x4c E:/ST/STM32CubeIDE_1.18.1/STM32CubeIDE/plugins/com.st.stm32cube.ide.mcu.externaltools.gnu-tools-for-stm32.13.3.rel1.win32_1.0.0.202411081344/tools/bin/../lib/gcc/arm-none-eabi/13.3.1/../../../../arm-none-eabi/lib/thumb/v7e-m+fp/hard\libc_nano.a(libc_a-impure.o)
                0x20000050                _impure_data
 *(.RamFunc)
 *(.RamFunc*)
                0x2000009c                        . = ALIGN (0x4)
                0x2000009c                        _edata = .

.igot.plt       0x2000009c        0x0 load address 0x0800a8bc
 .igot.plt      0x2000009c        0x0 E:/ST/STM32CubeIDE_1.18.1/STM32CubeIDE/plugins/com.st.stm32cube.ide.mcu.externaltools.gnu-tools-for-stm32.13.3.rel1.win32_1.0.0.202411081344/tools/bin/../lib/gcc/arm-none-eabi/13.3.1/thumb/v7e-m+fp/hard/crtbegin.o
                0x2000009c                        . = ALIGN (0x4)

.bss            0x200000a0      0x3e0 load address 0x0800a8bc
                0x200000a0                        _sbss = .
                0x200000a0                        __bss_start__ = _sbss
 *(.bss)
 .bss           0x200000a0       0x1c E:/ST/STM32CubeIDE_1.18.1/STM32CubeIDE/plugins/com.st.stm32cube.ide.mcu.externaltools.gnu-tools-for-stm32.13.3.rel1.win32_1.0.0.202411081344/tools/bin/../lib/gcc/arm-none-eabi/13.3.1/thumb/v7e-m+fp/hard/crtbegin.o
 *(.bss*)
 .bss._width    0x200000bc        0x2 ./Core/Src/ST7735.o
                0x200000bc                _width
 .bss._height   0x200000be        0x2 ./Core/Src/ST7735.o
                0x200000be                _height
 .bss.rotation  0x200000c0        0x1 ./Core/Src/ST7735.o
                0x200000c0                rotation
 .bss._colstart
                0x200000c1        0x1 ./Core/Src/ST7735.o
                0x200000c1                _colstart
 .bss._rowstart
                0x200000c2        0x1 ./Core/Src/ST7735.o
                0x200000c2                _rowstart
 .bss._xstart   0x200000c3        0x1 ./Core/Src/ST7735.o
                0x200000c3                _xstart
 .bss._ystart   0x200000c4        0x1 ./Core/Src/ST7735.o
                0x200000c4                _ystart
 .bss.dma_active
                0x200000c5        0x1 ./Core/Src/ST7735.o
                0x200000c5                dma_active
 *fill*         0x200000c6        0x2 
 .bss.dma_buffer
                0x200000c8        0x4 ./Core/Src/ST7735.o
                0x200000c8                dma_buffer
 .bss.dma_buffer_size
                0x200000cc        0x4 ./Core/Src/ST7735.o
                0x200000cc                dma_buffer_size
 .bss.hcryp     0x200000d0       0x60 ./Core/Src/main.o
                0x200000d0                hcryp
 .bss.hlpuart1  0x20000130       0x88 ./Core/Src/main.o
                0x20000130                hlpuart1
 .bss.hspi1     0x200001b8       0x64 ./Core/Src/main.o
                0x200001b8                hspi1
 .bss.hdma_spi1_rx
                0x2000021c       0x48 ./Core/Src/main.o
                0x2000021c                hdma_spi1_rx
 .bss.hdma_spi1_tx
                0x20000264       0x48 ./Core/Src/main.o
                0x20000264                hdma_spi1_tx
 .bss.htim1     0x200002ac       0x4c ./Core/Src/main.o
                0x200002ac                htim1
 .bss.encrypted_text
                0x200002f8       0x10 ./Core/Src/main.o
                0x200002f8                encrypted_text
 .bss.selected  0x20000308        0x4 ./Core/Src/main.o
                0x20000308                selected
 .bss.user_encrypted_text
                0x2000030c       0x10 ./Core/Src/main.o
                0x2000030c                user_encrypted_text
 .bss.rx_buffer
                0x2000031c       0x10 ./Core/Src/main.o
                0x2000031c                rx_buffer
 .bss.rx_ready  0x2000032c        0x1 ./Core/Src/main.o
                0x2000032c                rx_ready
 .bss.last_char
                0x2000032d        0x1 ./Core/Src/main.o
                0x2000032d                last_char
 .bss.rx_char   0x2000032e        0x1 ./Core/Src/main.o
                0x2000032e                rx_char
 *fill*         0x2000032f        0x1 
 .bss.__sbrk_heap_end
                0x20000330        0x4 ./Core/Src/sysmem.o
 .bss.uwTick    0x20000334        0x4 ./Drivers/STM32L4xx_HAL_Driver/Src/stm32l4xx_hal.o
                0x20000334                uwTick
 .bss.__malloc_sbrk_start
                0x20000338        0x4 E:/ST/STM32CubeIDE_1.18.1/STM32CubeIDE/plugins/com.st.stm32cube.ide.mcu.externaltools.gnu-tools-for-stm32.13.3.rel1.win32_1.0.0.202411081344/tools/bin/../lib/gcc/arm-none-eabi/13.3.1/../../../../arm-none-eabi/lib/thumb/v7e-m+fp/hard\libc_nano.a(libc_a-mallocr.o)
                0x20000338                __malloc_sbrk_start
 .bss.__malloc_free_list
                0x2000033c        0x4 E:/ST/STM32CubeIDE_1.18.1/STM32CubeIDE/plugins/com.st.stm32cube.ide.mcu.externaltools.gnu-tools-for-stm32.13.3.rel1.win32_1.0.0.202411081344/tools/bin/../lib/gcc/arm-none-eabi/13.3.1/../../../../arm-none-eabi/lib/thumb/v7e-m+fp/hard\libc_nano.a(libc_a-mallocr.o)
                0x2000033c                __malloc_free_list
 .bss.__sf      0x20000340      0x138 E:/ST/STM32CubeIDE_1.18.1/STM32CubeIDE/plugins/com.st.stm32cube.ide.mcu.externaltools.gnu-tools-for-stm32.13.3.rel1.win32_1.0.0.202411081344/tools/bin/../lib/gcc/arm-none-eabi/13.3.1/../../../../arm-none-eabi/lib/thumb/v7e-m+fp/hard\libc_nano.a(libc_a-findfp.o)
                0x20000340                __sf
 .bss.errno     0x20000478        0x4 E:/ST/STM32CubeIDE_1.18.1/STM32CubeIDE/plugins/com.st.stm32cube.ide.mcu.externaltools.gnu-tools-for-stm32.13.3.rel1.win32_1.0.0.202411081344/tools/bin/../lib/gcc/arm-none-eabi/13.3.1/../../../../arm-none-eabi/lib/thumb/v7e-m+fp/hard\libc_nano.a(libc_a-reent.o)
                0x20000478                errno
 .bss.__lock___malloc_recursive_mutex
                0x2000047c        0x1 E:/ST/STM32CubeIDE_1.18.1/STM32CubeIDE/plugins/com.st.stm32cube.ide.mcu.externaltools.gnu-tools-for-stm32.13.3.rel1.win32_1.0.0.202411081344/tools/bin/../lib/gcc/arm-none-eabi/13.3.1/../../../../arm-none-eabi/lib/thumb/v7e-m+fp/hard\libc_nano.a(libc_a-lock.o)
                0x2000047c                __lock___malloc_recursive_mutex
 *(COMMON)
                0x20000480                        . = ALIGN (0x4)
 *fill*         0x2000047d        0x3 
                0x20000480                        _ebss = .
                0x20000480                        __bss_end__ = _ebss

._user_heap_stack
                0x20000480      0x600 load address 0x0800a8bc
                0x20000480                        . = ALIGN (0x8)
                [!provide]                        PROVIDE (end = .)
                0x20000480                        PROVIDE (_end = .)
                0x20000680                        . = (. + _Min_Heap_Size)
 *fill*         0x20000480      0x200 
                0x20000a80                        . = (. + _Min_Stack_Size)
 *fill*         0x20000680      0x400 
                0x20000a80                        . = ALIGN (0x8)

/DISCARD/
 libc.a(*)
 libm.a(*)
 libgcc.a(*)

.ARM.attributes
                0x00000000       0x30
 *(.ARM.attributes)
 .ARM.attributes
                0x00000000       0x22 E:/ST/STM32CubeIDE_1.18.1/STM32CubeIDE/plugins/com.st.stm32cube.ide.mcu.externaltools.gnu-tools-for-stm32.13.3.rel1.win32_1.0.0.202411081344/tools/bin/../lib/gcc/arm-none-eabi/13.3.1/thumb/v7e-m+fp/hard/crti.o
 .ARM.attributes
                0x00000022       0x34 E:/ST/STM32CubeIDE_1.18.1/STM32CubeIDE/plugins/com.st.stm32cube.ide.mcu.externaltools.gnu-tools-for-stm32.13.3.rel1.win32_1.0.0.202411081344/tools/bin/../lib/gcc/arm-none-eabi/13.3.1/thumb/v7e-m+fp/hard/crtbegin.o
 .ARM.attributes
                0x00000056       0x34 ./Core/Src/GFX_FUNCTIONS.o
 .ARM.attributes
                0x0000008a       0x34 ./Core/Src/ST7735.o
 .ARM.attributes
                0x000000be       0x34 ./Core/Src/fonts.o
 .ARM.attributes
                0x000000f2       0x34 ./Core/Src/main.o
 .ARM.attributes
                0x00000126       0x34 ./Core/Src/menu.o
 .ARM.attributes
                0x0000015a       0x34 ./Core/Src/stm32l4xx_hal_msp.o
 .ARM.attributes
                0x0000018e       0x34 ./Core/Src/stm32l4xx_it.o
 .ARM.attributes
                0x000001c2       0x34 ./Core/Src/sysmem.o
 .ARM.attributes
                0x000001f6       0x34 ./Core/Src/system_stm32l4xx.o
 .ARM.attributes
                0x0000022a       0x21 ./Core/Startup/startup_stm32l4a6zgtx.o
 .ARM.attributes
                0x0000024b       0x34 ./Drivers/STM32L4xx_HAL_Driver/Src/stm32l4xx_hal.o
 .ARM.attributes
                0x0000027f       0x34 ./Drivers/STM32L4xx_HAL_Driver/Src/stm32l4xx_hal_cortex.o
 .ARM.attributes
                0x000002b3       0x34 ./Drivers/STM32L4xx_HAL_Driver/Src/stm32l4xx_hal_cryp.o
 .ARM.attributes
                0x000002e7       0x34 ./Drivers/STM32L4xx_HAL_Driver/Src/stm32l4xx_hal_cryp_ex.o
 .ARM.attributes
                0x0000031b       0x34 ./Drivers/STM32L4xx_HAL_Driver/Src/stm32l4xx_hal_dma.o
 .ARM.attributes
                0x0000034f       0x34 ./Drivers/STM32L4xx_HAL_Driver/Src/stm32l4xx_hal_gpio.o
 .ARM.attributes
                0x00000383       0x34 ./Drivers/STM32L4xx_HAL_Driver/Src/stm32l4xx_hal_pwr_ex.o
 .ARM.attributes
                0x000003b7       0x34 ./Drivers/STM32L4xx_HAL_Driver/Src/stm32l4xx_hal_rcc.o
 .ARM.attributes
                0x000003eb       0x34 ./Drivers/STM32L4xx_HAL_Driver/Src/stm32l4xx_hal_rcc_ex.o
 .ARM.attributes
                0x0000041f       0x34 ./Drivers/STM32L4xx_HAL_Driver/Src/stm32l4xx_hal_spi.o
 .ARM.attributes
                0x00000453       0x34 ./Drivers/STM32L4xx_HAL_Driver/Src/stm32l4xx_hal_tim.o
 .ARM.attributes
                0x00000487       0x34 ./Drivers/STM32L4xx_HAL_Driver/Src/stm32l4xx_hal_tim_ex.o
 .ARM.attributes
                0x000004bb       0x34 ./Drivers/STM32L4xx_HAL_Driver/Src/stm32l4xx_hal_uart.o
 .ARM.attributes
                0x000004ef       0x34 ./Drivers/STM32L4xx_HAL_Driver/Src/stm32l4xx_hal_uart_ex.o
 .ARM.attributes
                0x00000523       0x34 E:/ST/STM32CubeIDE_1.18.1/STM32CubeIDE/plugins/com.st.stm32cube.ide.mcu.externaltools.gnu-tools-for-stm32.13.3.rel1.win32_1.0.0.202411081344/tools/bin/../lib/gcc/arm-none-eabi/13.3.1/../../../../arm-none-eabi/lib/thumb/v7e-m+fp/hard\libc_nano.a(libc_a-malloc.o)
 .ARM.attributes
                0x00000557       0x34 E:/ST/STM32CubeIDE_1.18.1/STM32CubeIDE/plugins/com.st.stm32cube.ide.mcu.externaltools.gnu-tools-for-stm32.13.3.rel1.win32_1.0.0.202411081344/tools/bin/../lib/gcc/arm-none-eabi/13.3.1/../../../../arm-none-eabi/lib/thumb/v7e-m+fp/hard\libc_nano.a(libc_a-mallocr.o)
 .ARM.attributes
                0x0000058b       0x34 E:/ST/STM32CubeIDE_1.18.1/STM32CubeIDE/plugins/com.st.stm32cube.ide.mcu.externaltools.gnu-tools-for-stm32.13.3.rel1.win32_1.0.0.202411081344/tools/bin/../lib/gcc/arm-none-eabi/13.3.1/../../../../arm-none-eabi/lib/thumb/v7e-m+fp/hard\libc_nano.a(libc_a-mlock.o)
 .ARM.attributes
                0x000005bf       0x34 E:/ST/STM32CubeIDE_1.18.1/STM32CubeIDE/plugins/com.st.stm32cube.ide.mcu.externaltools.gnu-tools-for-stm32.13.3.rel1.win32_1.0.0.202411081344/tools/bin/../lib/gcc/arm-none-eabi/13.3.1/../../../../arm-none-eabi/lib/thumb/v7e-m+fp/hard\libc_nano.a(libc_a-findfp.o)
 .ARM.attributes
                0x000005f3       0x34 E:/ST/STM32CubeIDE_1.18.1/STM32CubeIDE/plugins/com.st.stm32cube.ide.mcu.externaltools.gnu-tools-for-stm32.13.3.rel1.win32_1.0.0.202411081344/tools/bin/../lib/gcc/arm-none-eabi/13.3.1/../../../../arm-none-eabi/lib/thumb/v7e-m+fp/hard\libc_nano.a(libc_a-memcmp.o)
 .ARM.attributes
                0x00000627       0x34 E:/ST/STM32CubeIDE_1.18.1/STM32CubeIDE/plugins/com.st.stm32cube.ide.mcu.externaltools.gnu-tools-for-stm32.13.3.rel1.win32_1.0.0.202411081344/tools/bin/../lib/gcc/arm-none-eabi/13.3.1/../../../../arm-none-eabi/lib/thumb/v7e-m+fp/hard\libc_nano.a(libc_a-memset.o)
 .ARM.attributes
                0x0000065b       0x34 E:/ST/STM32CubeIDE_1.18.1/STM32CubeIDE/plugins/com.st.stm32cube.ide.mcu.externaltools.gnu-tools-for-stm32.13.3.rel1.win32_1.0.0.202411081344/tools/bin/../lib/gcc/arm-none-eabi/13.3.1/../../../../arm-none-eabi/lib/thumb/v7e-m+fp/hard\libc_nano.a(libc_a-reent.o)
 .ARM.attributes
                0x0000068f       0x34 E:/ST/STM32CubeIDE_1.18.1/STM32CubeIDE/plugins/com.st.stm32cube.ide.mcu.externaltools.gnu-tools-for-stm32.13.3.rel1.win32_1.0.0.202411081344/tools/bin/../lib/gcc/arm-none-eabi/13.3.1/../../../../arm-none-eabi/lib/thumb/v7e-m+fp/hard\libc_nano.a(libc_a-impure.o)
 .ARM.attributes
                0x000006c3       0x34 E:/ST/STM32CubeIDE_1.18.1/STM32CubeIDE/plugins/com.st.stm32cube.ide.mcu.externaltools.gnu-tools-for-stm32.13.3.rel1.win32_1.0.0.202411081344/tools/bin/../lib/gcc/arm-none-eabi/13.3.1/../../../../arm-none-eabi/lib/thumb/v7e-m+fp/hard\libc_nano.a(libc_a-sbrkr.o)
 .ARM.attributes
                0x000006f7       0x34 E:/ST/STM32CubeIDE_1.18.1/STM32CubeIDE/plugins/com.st.stm32cube.ide.mcu.externaltools.gnu-tools-for-stm32.13.3.rel1.win32_1.0.0.202411081344/tools/bin/../lib/gcc/arm-none-eabi/13.3.1/../../../../arm-none-eabi/lib/thumb/v7e-m+fp/hard\libc_nano.a(libc_a-errno.o)
 .ARM.attributes
                0x0000072b       0x34 E:/ST/STM32CubeIDE_1.18.1/STM32CubeIDE/plugins/com.st.stm32cube.ide.mcu.externaltools.gnu-tools-for-stm32.13.3.rel1.win32_1.0.0.202411081344/tools/bin/../lib/gcc/arm-none-eabi/13.3.1/../../../../arm-none-eabi/lib/thumb/v7e-m+fp/hard\libc_nano.a(libc_a-init.o)
 .ARM.attributes
                0x0000075f       0x34 E:/ST/STM32CubeIDE_1.18.1/STM32CubeIDE/plugins/com.st.stm32cube.ide.mcu.externaltools.gnu-tools-for-stm32.13.3.rel1.win32_1.0.0.202411081344/tools/bin/../lib/gcc/arm-none-eabi/13.3.1/../../../../arm-none-eabi/lib/thumb/v7e-m+fp/hard\libc_nano.a(libc_a-lock.o)
 .ARM.attributes
                0x00000793       0x34 E:/ST/STM32CubeIDE_1.18.1/STM32CubeIDE/plugins/com.st.stm32cube.ide.mcu.externaltools.gnu-tools-for-stm32.13.3.rel1.win32_1.0.0.202411081344/tools/bin/../lib/gcc/arm-none-eabi/13.3.1/../../../../arm-none-eabi/lib/thumb/v7e-m+fp/hard\libc_nano.a(libc_a-freer.o)
 .ARM.attributes
                0x000007c7       0x22 E:/ST/STM32CubeIDE_1.18.1/STM32CubeIDE/plugins/com.st.stm32cube.ide.mcu.externaltools.gnu-tools-for-stm32.13.3.rel1.win32_1.0.0.202411081344/tools/bin/../lib/gcc/arm-none-eabi/13.3.1/thumb/v7e-m+fp/hard\libgcc.a(_aeabi_uldivmod.o)
 .ARM.attributes
                0x000007e9       0x34 E:/ST/STM32CubeIDE_1.18.1/STM32CubeIDE/plugins/com.st.stm32cube.ide.mcu.externaltools.gnu-tools-for-stm32.13.3.rel1.win32_1.0.0.202411081344/tools/bin/../lib/gcc/arm-none-eabi/13.3.1/thumb/v7e-m+fp/hard\libgcc.a(_udivmoddi4.o)
 .ARM.attributes
                0x0000081d       0x22 E:/ST/STM32CubeIDE_1.18.1/STM32CubeIDE/plugins/com.st.stm32cube.ide.mcu.externaltools.gnu-tools-for-stm32.13.3.rel1.win32_1.0.0.202411081344/tools/bin/../lib/gcc/arm-none-eabi/13.3.1/thumb/v7e-m+fp/hard\libgcc.a(_dvmd_tls.o)
 .ARM.attributes
                0x0000083f       0x22 E:/ST/STM32CubeIDE_1.18.1/STM32CubeIDE/plugins/com.st.stm32cube.ide.mcu.externaltools.gnu-tools-for-stm32.13.3.rel1.win32_1.0.0.202411081344/tools/bin/../lib/gcc/arm-none-eabi/13.3.1/thumb/v7e-m+fp/hard/crtn.o
OUTPUT(Password_login.elf elf32-littlearm)
LOAD linker stubs
LOAD E:/ST/STM32CubeIDE_1.18.1/STM32CubeIDE/plugins/com.st.stm32cube.ide.mcu.externaltools.gnu-tools-for-stm32.13.3.rel1.win32_1.0.0.202411081344/tools/bin/../lib/gcc/arm-none-eabi/13.3.1/../../../../arm-none-eabi/lib/thumb/v7e-m+fp/hard\libc.a
LOAD E:/ST/STM32CubeIDE_1.18.1/STM32CubeIDE/plugins/com.st.stm32cube.ide.mcu.externaltools.gnu-tools-for-stm32.13.3.rel1.win32_1.0.0.202411081344/tools/bin/../lib/gcc/arm-none-eabi/13.3.1/../../../../arm-none-eabi/lib/thumb/v7e-m+fp/hard\libm.a
LOAD E:/ST/STM32CubeIDE_1.18.1/STM32CubeIDE/plugins/com.st.stm32cube.ide.mcu.externaltools.gnu-tools-for-stm32.13.3.rel1.win32_1.0.0.202411081344/tools/bin/../lib/gcc/arm-none-eabi/13.3.1/thumb/v7e-m+fp/hard\libgcc.a

.debug_info     0x00000000    0x19233
 .debug_info    0x00000000      0xe51 ./Core/Src/GFX_FUNCTIONS.o
 .debug_info    0x00000e51      0xe51 ./Core/Src/ST7735.o
 .debug_info    0x00001ca2      0x19a ./Core/Src/fonts.o
 .debug_info    0x00001e3c     0x2174 ./Core/Src/main.o
 .debug_info    0x00003fb0      0xae2 ./Core/Src/menu.o
 .debug_info    0x00004a92     0x1b76 ./Core/Src/stm32l4xx_hal_msp.o
 .debug_info    0x00006608      0x773 ./Core/Src/stm32l4xx_it.o
 .debug_info    0x00006d7b      0x168 ./Core/Src/sysmem.o
 .debug_info    0x00006ee3      0x5cd ./Core/Src/system_stm32l4xx.o
 .debug_info    0x000074b0       0x30 ./Core/Startup/startup_stm32l4a6zgtx.o
 .debug_info    0x000074e0      0xb51 ./Drivers/STM32L4xx_HAL_Driver/Src/stm32l4xx_hal.o
 .debug_info    0x00008031      0xdbd ./Drivers/STM32L4xx_HAL_Driver/Src/stm32l4xx_hal_cortex.o
 .debug_info    0x00008dee     0x1222 ./Drivers/STM32L4xx_HAL_Driver/Src/stm32l4xx_hal_cryp.o
 .debug_info    0x0000a010     0x1d29 ./Drivers/STM32L4xx_HAL_Driver/Src/stm32l4xx_hal_cryp_ex.o
 .debug_info    0x0000bd39      0x6f4 ./Drivers/STM32L4xx_HAL_Driver/Src/stm32l4xx_hal_dma.o
 .debug_info    0x0000c42d      0x76f ./Drivers/STM32L4xx_HAL_Driver/Src/stm32l4xx_hal_gpio.o
 .debug_info    0x0000cb9c      0x996 ./Drivers/STM32L4xx_HAL_Driver/Src/stm32l4xx_hal_pwr_ex.o
 .debug_info    0x0000d532      0xc3b ./Drivers/STM32L4xx_HAL_Driver/Src/stm32l4xx_hal_rcc.o
 .debug_info    0x0000e16d     0x10c1 ./Drivers/STM32L4xx_HAL_Driver/Src/stm32l4xx_hal_rcc_ex.o
 .debug_info    0x0000f22e     0x1549 ./Drivers/STM32L4xx_HAL_Driver/Src/stm32l4xx_hal_spi.o
 .debug_info    0x00010777     0x2a9a ./Drivers/STM32L4xx_HAL_Driver/Src/stm32l4xx_hal_tim.o
 .debug_info    0x00013211     0x169e ./Drivers/STM32L4xx_HAL_Driver/Src/stm32l4xx_hal_tim_ex.o
 .debug_info    0x000148af     0x3b85 ./Drivers/STM32L4xx_HAL_Driver/Src/stm32l4xx_hal_uart.o
 .debug_info    0x00018434      0xdff ./Drivers/STM32L4xx_HAL_Driver/Src/stm32l4xx_hal_uart_ex.o

.debug_abbrev   0x00000000     0x3466
 .debug_abbrev  0x00000000      0x1b0 ./Core/Src/GFX_FUNCTIONS.o
 .debug_abbrev  0x000001b0      0x2d2 ./Core/Src/ST7735.o
 .debug_abbrev  0x00000482       0xb3 ./Core/Src/fonts.o
 .debug_abbrev  0x00000535      0x3a7 ./Core/Src/main.o
 .debug_abbrev  0x000008dc      0x26a ./Core/Src/menu.o
 .debug_abbrev  0x00000b46      0x293 ./Core/Src/stm32l4xx_hal_msp.o
 .debug_abbrev  0x00000dd9      0x174 ./Core/Src/stm32l4xx_it.o
 .debug_abbrev  0x00000f4d       0xbc ./Core/Src/sysmem.o
 .debug_abbrev  0x00001009      0x11a ./Core/Src/system_stm32l4xx.o
 .debug_abbrev  0x00001123       0x24 ./Core/Startup/startup_stm32l4a6zgtx.o
 .debug_abbrev  0x00001147      0x242 ./Drivers/STM32L4xx_HAL_Driver/Src/stm32l4xx_hal.o
 .debug_abbrev  0x00001389      0x31c ./Drivers/STM32L4xx_HAL_Driver/Src/stm32l4xx_hal_cortex.o
 .debug_abbrev  0x000016a5      0x283 ./Drivers/STM32L4xx_HAL_Driver/Src/stm32l4xx_hal_cryp.o
 .debug_abbrev  0x00001928      0x33f ./Drivers/STM32L4xx_HAL_Driver/Src/stm32l4xx_hal_cryp_ex.o
 .debug_abbrev  0x00001c67      0x1e4 ./Drivers/STM32L4xx_HAL_Driver/Src/stm32l4xx_hal_dma.o
 .debug_abbrev  0x00001e4b      0x1cb ./Drivers/STM32L4xx_HAL_Driver/Src/stm32l4xx_hal_gpio.o
 .debug_abbrev  0x00002016      0x1f9 ./Drivers/STM32L4xx_HAL_Driver/Src/stm32l4xx_hal_pwr_ex.o
 .debug_abbrev  0x0000220f      0x2cb ./Drivers/STM32L4xx_HAL_Driver/Src/stm32l4xx_hal_rcc.o
 .debug_abbrev  0x000024da      0x2a3 ./Drivers/STM32L4xx_HAL_Driver/Src/stm32l4xx_hal_rcc_ex.o
 .debug_abbrev  0x0000277d      0x260 ./Drivers/STM32L4xx_HAL_Driver/Src/stm32l4xx_hal_spi.o
 .debug_abbrev  0x000029dd      0x278 ./Drivers/STM32L4xx_HAL_Driver/Src/stm32l4xx_hal_tim.o
 .debug_abbrev  0x00002c55      0x283 ./Drivers/STM32L4xx_HAL_Driver/Src/stm32l4xx_hal_tim_ex.o
 .debug_abbrev  0x00002ed8      0x2d0 ./Drivers/STM32L4xx_HAL_Driver/Src/stm32l4xx_hal_uart.o
 .debug_abbrev  0x000031a8      0x2be ./Drivers/STM32L4xx_HAL_Driver/Src/stm32l4xx_hal_uart_ex.o

.debug_aranges  0x00000000     0x1608
 .debug_aranges
                0x00000000      0x100 ./Core/Src/GFX_FUNCTIONS.o
 .debug_aranges
                0x00000100       0xb0 ./Core/Src/ST7735.o
 .debug_aranges
                0x000001b0       0x18 ./Core/Src/fonts.o
 .debug_aranges
                0x000001c8       0x80 ./Core/Src/main.o
 .debug_aranges
                0x00000248       0x60 ./Core/Src/menu.o
 .debug_aranges
                0x000002a8       0x68 ./Core/Src/stm32l4xx_hal_msp.o
 .debug_aranges
                0x00000310       0x78 ./Core/Src/stm32l4xx_it.o
 .debug_aranges
                0x00000388       0x20 ./Core/Src/sysmem.o
 .debug_aranges
                0x000003a8       0x28 ./Core/Src/system_stm32l4xx.o
 .debug_aranges
                0x000003d0       0x28 ./Core/Startup/startup_stm32l4a6zgtx.o
 .debug_aranges
                0x000003f8      0x130 ./Drivers/STM32L4xx_HAL_Driver/Src/stm32l4xx_hal.o
 .debug_aranges
                0x00000528      0x128 ./Drivers/STM32L4xx_HAL_Driver/Src/stm32l4xx_hal_cortex.o
 .debug_aranges
                0x00000650      0x110 ./Drivers/STM32L4xx_HAL_Driver/Src/stm32l4xx_hal_cryp.o
 .debug_aranges
                0x00000760      0x108 ./Drivers/STM32L4xx_HAL_Driver/Src/stm32l4xx_hal_cryp_ex.o
 .debug_aranges
                0x00000868       0x80 ./Drivers/STM32L4xx_HAL_Driver/Src/stm32l4xx_hal_dma.o
 .debug_aranges
                0x000008e8       0x58 ./Drivers/STM32L4xx_HAL_Driver/Src/stm32l4xx_hal_gpio.o
 .debug_aranges
                0x00000940      0x150 ./Drivers/STM32L4xx_HAL_Driver/Src/stm32l4xx_hal_pwr_ex.o
 .debug_aranges
                0x00000a90       0x90 ./Drivers/STM32L4xx_HAL_Driver/Src/stm32l4xx_hal_rcc.o
 .debug_aranges
                0x00000b20      0x108 ./Drivers/STM32L4xx_HAL_Driver/Src/stm32l4xx_hal_rcc_ex.o
 .debug_aranges
                0x00000c28      0x1d8 ./Drivers/STM32L4xx_HAL_Driver/Src/stm32l4xx_hal_spi.o
 .debug_aranges
                0x00000e00      0x3e0 ./Drivers/STM32L4xx_HAL_Driver/Src/stm32l4xx_hal_tim.o
 .debug_aranges
                0x000011e0      0x180 ./Drivers/STM32L4xx_HAL_Driver/Src/stm32l4xx_hal_tim_ex.o
 .debug_aranges
                0x00001360      0x228 ./Drivers/STM32L4xx_HAL_Driver/Src/stm32l4xx_hal_uart.o
 .debug_aranges
                0x00001588       0x80 ./Drivers/STM32L4xx_HAL_Driver/Src/stm32l4xx_hal_uart_ex.o

.debug_rnglists
                0x00000000     0x1134
 .debug_rnglists
                0x00000000       0xcd ./Core/Src/GFX_FUNCTIONS.o
 .debug_rnglists
                0x000000cd       0x87 ./Core/Src/ST7735.o
 .debug_rnglists
                0x00000154       0x70 ./Core/Src/main.o
 .debug_rnglists
                0x000001c4       0x45 ./Core/Src/menu.o
 .debug_rnglists
                0x00000209       0x4b ./Core/Src/stm32l4xx_hal_msp.o
 .debug_rnglists
                0x00000254       0x55 ./Core/Src/stm32l4xx_it.o
 .debug_rnglists
                0x000002a9       0x13 ./Core/Src/sysmem.o
 .debug_rnglists
                0x000002bc       0x1a ./Core/Src/system_stm32l4xx.o
 .debug_rnglists
                0x000002d6       0x19 ./Core/Startup/startup_stm32l4a6zgtx.o
 .debug_rnglists
                0x000002ef       0xdf ./Drivers/STM32L4xx_HAL_Driver/Src/stm32l4xx_hal.o
 .debug_rnglists
                0x000003ce       0xda ./Drivers/STM32L4xx_HAL_Driver/Src/stm32l4xx_hal_cortex.o
 .debug_rnglists
                0x000004a8       0xcc ./Drivers/STM32L4xx_HAL_Driver/Src/stm32l4xx_hal_cryp.o
 .debug_rnglists
                0x00000574       0xd1 ./Drivers/STM32L4xx_HAL_Driver/Src/stm32l4xx_hal_cryp_ex.o
 .debug_rnglists
                0x00000645       0x64 ./Drivers/STM32L4xx_HAL_Driver/Src/stm32l4xx_hal_dma.o
 .debug_rnglists
                0x000006a9       0x3f ./Drivers/STM32L4xx_HAL_Driver/Src/stm32l4xx_hal_gpio.o
 .debug_rnglists
                0x000006e8       0xfd ./Drivers/STM32L4xx_HAL_Driver/Src/stm32l4xx_hal_pwr_ex.o
 .debug_rnglists
                0x000007e5       0x6d ./Drivers/STM32L4xx_HAL_Driver/Src/stm32l4xx_hal_rcc.o
 .debug_rnglists
                0x00000852       0xce ./Drivers/STM32L4xx_HAL_Driver/Src/stm32l4xx_hal_rcc_ex.o
 .debug_rnglists
                0x00000920      0x178 ./Drivers/STM32L4xx_HAL_Driver/Src/stm32l4xx_hal_spi.o
 .debug_rnglists
                0x00000a98      0x328 ./Drivers/STM32L4xx_HAL_Driver/Src/stm32l4xx_hal_tim.o
 .debug_rnglists
                0x00000dc0      0x139 ./Drivers/STM32L4xx_HAL_Driver/Src/stm32l4xx_hal_tim_ex.o
 .debug_rnglists
                0x00000ef9      0x1db ./Drivers/STM32L4xx_HAL_Driver/Src/stm32l4xx_hal_uart.o
 .debug_rnglists
                0x000010d4       0x60 ./Drivers/STM32L4xx_HAL_Driver/Src/stm32l4xx_hal_uart_ex.o

.debug_macro    0x00000000    0x2b342
 .debug_macro   0x00000000      0x2e4 ./Core/Src/GFX_FUNCTIONS.o
 .debug_macro   0x000002e4      0xad8 ./Core/Src/GFX_FUNCTIONS.o
 .debug_macro   0x00000dbc       0x22 ./Core/Src/GFX_FUNCTIONS.o
 .debug_macro   0x00000dde       0x8e ./Core/Src/GFX_FUNCTIONS.o
 .debug_macro   0x00000e6c       0x51 ./Core/Src/GFX_FUNCTIONS.o
 .debug_macro   0x00000ebd      0x103 ./Core/Src/GFX_FUNCTIONS.o
 .debug_macro   0x00000fc0       0x6a ./Core/Src/GFX_FUNCTIONS.o
 .debug_macro   0x0000102a      0x1df ./Core/Src/GFX_FUNCTIONS.o
 .debug_macro   0x00001209      0x1b3 ./Core/Src/GFX_FUNCTIONS.o
 .debug_macro   0x000013bc       0x2e ./Core/Src/GFX_FUNCTIONS.o
 .debug_macro   0x000013ea       0x28 ./Core/Src/GFX_FUNCTIONS.o
 .debug_macro   0x00001412       0x1c ./Core/Src/GFX_FUNCTIONS.o
 .debug_macro   0x0000142e       0x22 ./Core/Src/GFX_FUNCTIONS.o
 .debug_macro   0x00001450       0xfb ./Core/Src/GFX_FUNCTIONS.o
 .debug_macro   0x0000154b     0x1011 ./Core/Src/GFX_FUNCTIONS.o
 .debug_macro   0x0000255c      0x11f ./Core/Src/GFX_FUNCTIONS.o
 .debug_macro   0x0000267b    0x1c8c1 ./Core/Src/GFX_FUNCTIONS.o
 .debug_macro   0x0001ef3c       0x6d ./Core/Src/GFX_FUNCTIONS.o
 .debug_macro   0x0001efa9     0x38fb ./Core/Src/GFX_FUNCTIONS.o
 .debug_macro   0x000228a4      0x190 ./Core/Src/GFX_FUNCTIONS.o
 .debug_macro   0x00022a34       0x5c ./Core/Src/GFX_FUNCTIONS.o
 .debug_macro   0x00022a90     0x1909 ./Core/Src/GFX_FUNCTIONS.o
 .debug_macro   0x00024399      0x773 ./Core/Src/GFX_FUNCTIONS.o
 .debug_macro   0x00024b0c      0x1b9 ./Core/Src/GFX_FUNCTIONS.o
 .debug_macro   0x00024cc5      0x202 ./Core/Src/GFX_FUNCTIONS.o
 .debug_macro   0x00024ec7      0x26b ./Core/Src/GFX_FUNCTIONS.o
 .debug_macro   0x00025132      0x23d ./Core/Src/GFX_FUNCTIONS.o
 .debug_macro   0x0002536f      0x1ea ./Core/Src/GFX_FUNCTIONS.o
 .debug_macro   0x00025559      0x241 ./Core/Src/GFX_FUNCTIONS.o
 .debug_macro   0x0002579a      0x3ad ./Core/Src/GFX_FUNCTIONS.o
 .debug_macro   0x00025b47       0xe4 ./Core/Src/GFX_FUNCTIONS.o
 .debug_macro   0x00025c2b      0x122 ./Core/Src/GFX_FUNCTIONS.o
 .debug_macro   0x00025d4d      0x3ef ./Core/Src/GFX_FUNCTIONS.o
 .debug_macro   0x0002613c      0x2fe ./Core/Src/GFX_FUNCTIONS.o
 .debug_macro   0x0002643a      0xa98 ./Core/Src/GFX_FUNCTIONS.o
 .debug_macro   0x00026ed2      0x1fb ./Core/Src/GFX_FUNCTIONS.o
 .debug_macro   0x000270cd      0x5cf ./Core/Src/GFX_FUNCTIONS.o
 .debug_macro   0x0002769c       0x44 ./Core/Src/GFX_FUNCTIONS.o
 .debug_macro   0x000276e0      0x433 ./Core/Src/GFX_FUNCTIONS.o
 .debug_macro   0x00027b13       0x22 ./Core/Src/GFX_FUNCTIONS.o
 .debug_macro   0x00027b35      0x196 ./Core/Src/GFX_FUNCTIONS.o
 .debug_macro   0x00027ccb       0x2a ./Core/Src/GFX_FUNCTIONS.o
 .debug_macro   0x00027cf5       0x61 ./Core/Src/GFX_FUNCTIONS.o
 .debug_macro   0x00027d56       0x43 ./Core/Src/GFX_FUNCTIONS.o
 .debug_macro   0x00027d99       0x34 ./Core/Src/GFX_FUNCTIONS.o
 .debug_macro   0x00027dcd       0x16 ./Core/Src/GFX_FUNCTIONS.o
 .debug_macro   0x00027de3       0x3c ./Core/Src/GFX_FUNCTIONS.o
 .debug_macro   0x00027e1f      0x370 ./Core/Src/GFX_FUNCTIONS.o
 .debug_macro   0x0002818f       0x16 ./Core/Src/GFX_FUNCTIONS.o
 .debug_macro   0x000281a5       0x4a ./Core/Src/GFX_FUNCTIONS.o
 .debug_macro   0x000281ef       0x34 ./Core/Src/GFX_FUNCTIONS.o
 .debug_macro   0x00028223       0x10 ./Core/Src/GFX_FUNCTIONS.o
 .debug_macro   0x00028233       0x58 ./Core/Src/GFX_FUNCTIONS.o
 .debug_macro   0x0002828b       0x8e ./Core/Src/GFX_FUNCTIONS.o
 .debug_macro   0x00028319       0x1c ./Core/Src/GFX_FUNCTIONS.o
 .debug_macro   0x00028335      0x185 ./Core/Src/GFX_FUNCTIONS.o
 .debug_macro   0x000284ba       0x16 ./Core/Src/GFX_FUNCTIONS.o
 .debug_macro   0x000284d0       0x29 ./Core/Src/GFX_FUNCTIONS.o
 .debug_macro   0x000284f9      0x308 ./Core/Src/ST7735.o
 .debug_macro   0x00028801       0x16 ./Core/Src/ST7735.o
 .debug_macro   0x00028817       0x20 ./Core/Src/ST7735.o
 .debug_macro   0x00028837       0x6d ./Core/Src/fonts.o
 .debug_macro   0x000288a4      0x303 ./Core/Src/main.o
 .debug_macro   0x00028ba7       0x28 ./Core/Src/main.o
 .debug_macro   0x00028bcf       0x10 ./Core/Src/main.o
 .debug_macro   0x00028bdf      0x220 ./Core/Src/menu.o
 .debug_macro   0x00028dff      0x1f9 ./Core/Src/stm32l4xx_hal_msp.o
 .debug_macro   0x00028ff8      0x203 ./Core/Src/stm32l4xx_it.o
 .debug_macro   0x000291fb      0x112 ./Core/Src/sysmem.o
 .debug_macro   0x0002930d      0x23c ./Core/Src/sysmem.o
 .debug_macro   0x00029549      0x1ea ./Core/Src/system_stm32l4xx.o
 .debug_macro   0x00029733      0x238 ./Drivers/STM32L4xx_HAL_Driver/Src/stm32l4xx_hal.o
 .debug_macro   0x0002996b      0x1ea ./Drivers/STM32L4xx_HAL_Driver/Src/stm32l4xx_hal_cortex.o
 .debug_macro   0x00029b55      0x1ea ./Drivers/STM32L4xx_HAL_Driver/Src/stm32l4xx_hal_cryp.o
 .debug_macro   0x00029d3f      0x202 ./Drivers/STM32L4xx_HAL_Driver/Src/stm32l4xx_hal_cryp_ex.o
 .debug_macro   0x00029f41      0x1ea ./Drivers/STM32L4xx_HAL_Driver/Src/stm32l4xx_hal_dma.o
 .debug_macro   0x0002a12b      0x1f1 ./Drivers/STM32L4xx_HAL_Driver/Src/stm32l4xx_hal_gpio.o
 .debug_macro   0x0002a31c      0x214 ./Drivers/STM32L4xx_HAL_Driver/Src/stm32l4xx_hal_pwr_ex.o
 .debug_macro   0x0002a530      0x22c ./Drivers/STM32L4xx_HAL_Driver/Src/stm32l4xx_hal_rcc.o
 .debug_macro   0x0002a75c      0x220 ./Drivers/STM32L4xx_HAL_Driver/Src/stm32l4xx_hal_rcc_ex.o
 .debug_macro   0x0002a97c      0x1f2 ./Drivers/STM32L4xx_HAL_Driver/Src/stm32l4xx_hal_spi.o
 .debug_macro   0x0002ab6e      0x1eb ./Drivers/STM32L4xx_HAL_Driver/Src/stm32l4xx_hal_tim.o
 .debug_macro   0x0002ad59      0x1ea ./Drivers/STM32L4xx_HAL_Driver/Src/stm32l4xx_hal_tim_ex.o
 .debug_macro   0x0002af43      0x215 ./Drivers/STM32L4xx_HAL_Driver/Src/stm32l4xx_hal_uart.o
 .debug_macro   0x0002b158      0x1ea ./Drivers/STM32L4xx_HAL_Driver/Src/stm32l4xx_hal_uart_ex.o

.debug_line     0x00000000    0x1b83b
 .debug_line    0x00000000     0x1469 ./Core/Src/GFX_FUNCTIONS.o
 .debug_line    0x00001469      0xeed ./Core/Src/ST7735.o
 .debug_line    0x00002356      0x40a ./Core/Src/fonts.o
 .debug_line    0x00002760      0xd5d ./Core/Src/main.o
 .debug_line    0x000034bd      0x912 ./Core/Src/menu.o
 .debug_line    0x00003dcf      0x955 ./Core/Src/stm32l4xx_hal_msp.o
 .debug_line    0x00004724      0x8a2 ./Core/Src/stm32l4xx_it.o
 .debug_line    0x00004fc6      0x588 ./Core/Src/sysmem.o
 .debug_line    0x0000554e      0x849 ./Core/Src/system_stm32l4xx.o
 .debug_line    0x00005d97       0x7a ./Core/Startup/startup_stm32l4a6zgtx.o
 .debug_line    0x00005e11      0xbb1 ./Drivers/STM32L4xx_HAL_Driver/Src/stm32l4xx_hal.o
 .debug_line    0x000069c2      0xd4c ./Drivers/STM32L4xx_HAL_Driver/Src/stm32l4xx_hal_cortex.o
 .debug_line    0x0000770e     0x117d ./Drivers/STM32L4xx_HAL_Driver/Src/stm32l4xx_hal_cryp.o
 .debug_line    0x0000888b     0x29f3 ./Drivers/STM32L4xx_HAL_Driver/Src/stm32l4xx_hal_cryp_ex.o
 .debug_line    0x0000b27e      0xd8b ./Drivers/STM32L4xx_HAL_Driver/Src/stm32l4xx_hal_dma.o
 .debug_line    0x0000c009      0xbed ./Drivers/STM32L4xx_HAL_Driver/Src/stm32l4xx_hal_gpio.o
 .debug_line    0x0000cbf6      0xd6d ./Drivers/STM32L4xx_HAL_Driver/Src/stm32l4xx_hal_pwr_ex.o
 .debug_line    0x0000d963     0x115e ./Drivers/STM32L4xx_HAL_Driver/Src/stm32l4xx_hal_rcc.o
 .debug_line    0x0000eac1     0x1842 ./Drivers/STM32L4xx_HAL_Driver/Src/stm32l4xx_hal_rcc_ex.o
 .debug_line    0x00010303     0x2091 ./Drivers/STM32L4xx_HAL_Driver/Src/stm32l4xx_hal_spi.o
 .debug_line    0x00012394     0x3e9d ./Drivers/STM32L4xx_HAL_Driver/Src/stm32l4xx_hal_tim.o
 .debug_line    0x00016231     0x1bee ./Drivers/STM32L4xx_HAL_Driver/Src/stm32l4xx_hal_tim_ex.o
 .debug_line    0x00017e1f     0x2dd4 ./Drivers/STM32L4xx_HAL_Driver/Src/stm32l4xx_hal_uart.o
 .debug_line    0x0001abf3      0xc48 ./Drivers/STM32L4xx_HAL_Driver/Src/stm32l4xx_hal_uart_ex.o

.debug_str      0x00000000   0x10781b
 .debug_str     0x00000000   0x10781b ./Core/Src/GFX_FUNCTIONS.o
                             0x100f97 (size before relaxing)
 .debug_str     0x0010781b   0x1014cf ./Core/Src/ST7735.o
 .debug_str     0x0010781b     0x3e1d ./Core/Src/fonts.o
 .debug_str     0x0010781b   0x10280f ./Core/Src/main.o
 .debug_str     0x0010781b    0xfe195 ./Core/Src/menu.o
 .debug_str     0x0010781b    0xfed96 ./Core/Src/stm32l4xx_hal_msp.o
 .debug_str     0x0010781b    0xfdb28 ./Core/Src/stm32l4xx_it.o
 .debug_str     0x0010781b     0x7783 ./Core/Src/sysmem.o
 .debug_str     0x0010781b    0xfd752 ./Core/Src/system_stm32l4xx.o
 .debug_str     0x0010781b       0x85 ./Core/Startup/startup_stm32l4a6zgtx.o
 .debug_str     0x0010781b    0xfe368 ./Drivers/STM32L4xx_HAL_Driver/Src/stm32l4xx_hal.o
 .debug_str     0x0010781b    0xfe03b ./Drivers/STM32L4xx_HAL_Driver/Src/stm32l4xx_hal_cortex.o
 .debug_str     0x0010781b    0xfde73 ./Drivers/STM32L4xx_HAL_Driver/Src/stm32l4xx_hal_cryp.o
 .debug_str     0x0010781b    0xfdfab ./Drivers/STM32L4xx_HAL_Driver/Src/stm32l4xx_hal_cryp_ex.o
 .debug_str     0x0010781b    0xfd9af ./Drivers/STM32L4xx_HAL_Driver/Src/stm32l4xx_hal_dma.o
 .debug_str     0x0010781b    0xfd8cc ./Drivers/STM32L4xx_HAL_Driver/Src/stm32l4xx_hal_gpio.o
 .debug_str     0x0010781b    0xfdca1 ./Drivers/STM32L4xx_HAL_Driver/Src/stm32l4xx_hal_pwr_ex.o
 .debug_str     0x0010781b    0xfdd9f ./Drivers/STM32L4xx_HAL_Driver/Src/stm32l4xx_hal_rcc.o
 .debug_str     0x0010781b    0xfe13a ./Drivers/STM32L4xx_HAL_Driver/Src/stm32l4xx_hal_rcc_ex.o
 .debug_str     0x0010781b    0xfdf60 ./Drivers/STM32L4xx_HAL_Driver/Src/stm32l4xx_hal_spi.o
 .debug_str     0x0010781b    0xfea85 ./Drivers/STM32L4xx_HAL_Driver/Src/stm32l4xx_hal_tim.o
 .debug_str     0x0010781b    0xfe399 ./Drivers/STM32L4xx_HAL_Driver/Src/stm32l4xx_hal_tim_ex.o
 .debug_str     0x0010781b    0xfe4aa ./Drivers/STM32L4xx_HAL_Driver/Src/stm32l4xx_hal_uart.o
 .debug_str     0x0010781b    0xfdcc9 ./Drivers/STM32L4xx_HAL_Driver/Src/stm32l4xx_hal_uart_ex.o

.comment        0x00000000       0x43
 .comment       0x00000000       0x43 ./Core/Src/GFX_FUNCTIONS.o
                                 0x44 (size before relaxing)
 .comment       0x00000043       0x44 ./Core/Src/ST7735.o
 .comment       0x00000043       0x44 ./Core/Src/fonts.o
 .comment       0x00000043       0x44 ./Core/Src/main.o
 .comment       0x00000043       0x44 ./Core/Src/menu.o
 .comment       0x00000043       0x44 ./Core/Src/stm32l4xx_hal_msp.o
 .comment       0x00000043       0x44 ./Core/Src/stm32l4xx_it.o
 .comment       0x00000043       0x44 ./Core/Src/sysmem.o
 .comment       0x00000043       0x44 ./Core/Src/system_stm32l4xx.o
 .comment       0x00000043       0x44 ./Drivers/STM32L4xx_HAL_Driver/Src/stm32l4xx_hal.o
 .comment       0x00000043       0x44 ./Drivers/STM32L4xx_HAL_Driver/Src/stm32l4xx_hal_cortex.o
 .comment       0x00000043       0x44 ./Drivers/STM32L4xx_HAL_Driver/Src/stm32l4xx_hal_cryp.o
 .comment       0x00000043       0x44 ./Drivers/STM32L4xx_HAL_Driver/Src/stm32l4xx_hal_cryp_ex.o
 .comment       0x00000043       0x44 ./Drivers/STM32L4xx_HAL_Driver/Src/stm32l4xx_hal_dma.o
 .comment       0x00000043       0x44 ./Drivers/STM32L4xx_HAL_Driver/Src/stm32l4xx_hal_gpio.o
 .comment       0x00000043       0x44 ./Drivers/STM32L4xx_HAL_Driver/Src/stm32l4xx_hal_pwr_ex.o
 .comment       0x00000043       0x44 ./Drivers/STM32L4xx_HAL_Driver/Src/stm32l4xx_hal_rcc.o
 .comment       0x00000043       0x44 ./Drivers/STM32L4xx_HAL_Driver/Src/stm32l4xx_hal_rcc_ex.o
 .comment       0x00000043       0x44 ./Drivers/STM32L4xx_HAL_Driver/Src/stm32l4xx_hal_spi.o
 .comment       0x00000043       0x44 ./Drivers/STM32L4xx_HAL_Driver/Src/stm32l4xx_hal_tim.o
 .comment       0x00000043       0x44 ./Drivers/STM32L4xx_HAL_Driver/Src/stm32l4xx_hal_tim_ex.o
 .comment       0x00000043       0x44 ./Drivers/STM32L4xx_HAL_Driver/Src/stm32l4xx_hal_uart.o
 .comment       0x00000043       0x44 ./Drivers/STM32L4xx_HAL_Driver/Src/stm32l4xx_hal_uart_ex.o

.debug_frame    0x00000000     0x60e8
 .debug_frame   0x00000000      0x478 ./Core/Src/GFX_FUNCTIONS.o
 .debug_frame   0x00000478      0x2dc ./Core/Src/ST7735.o
 .debug_frame   0x00000754      0x1bc ./Core/Src/main.o
 .debug_frame   0x00000910      0x164 ./Core/Src/menu.o
 .debug_frame   0x00000a74      0x190 ./Core/Src/stm32l4xx_hal_msp.o
 .debug_frame   0x00000c04      0x158 ./Core/Src/stm32l4xx_it.o
 .debug_frame   0x00000d5c       0x34 ./Core/Src/sysmem.o
 .debug_frame   0x00000d90       0x58 ./Core/Src/system_stm32l4xx.o
 .debug_frame   0x00000de8      0x498 ./Drivers/STM32L4xx_HAL_Driver/Src/stm32l4xx_hal.o
 .debug_frame   0x00001280      0x4e8 ./Drivers/STM32L4xx_HAL_Driver/Src/stm32l4xx_hal_cortex.o
 .debug_frame   0x00001768      0x490 ./Drivers/STM32L4xx_HAL_Driver/Src/stm32l4xx_hal_cryp.o
 .debug_frame   0x00001bf8      0x4ac ./Drivers/STM32L4xx_HAL_Driver/Src/stm32l4xx_hal_cryp_ex.o
 .debug_frame   0x000020a4      0x204 ./Drivers/STM32L4xx_HAL_Driver/Src/stm32l4xx_hal_dma.o
 .debug_frame   0x000022a8      0x14c ./Drivers/STM32L4xx_HAL_Driver/Src/stm32l4xx_hal_gpio.o
 .debug_frame   0x000023f4      0x544 ./Drivers/STM32L4xx_HAL_Driver/Src/stm32l4xx_hal_pwr_ex.o
 .debug_frame   0x00002938      0x21c ./Drivers/STM32L4xx_HAL_Driver/Src/stm32l4xx_hal_rcc.o
 .debug_frame   0x00002b54      0x43c ./Drivers/STM32L4xx_HAL_Driver/Src/stm32l4xx_hal_rcc_ex.o
 .debug_frame   0x00002f90      0x860 ./Drivers/STM32L4xx_HAL_Driver/Src/stm32l4xx_hal_spi.o
 .debug_frame   0x000037f0     0x121c ./Drivers/STM32L4xx_HAL_Driver/Src/stm32l4xx_hal_tim.o
 .debug_frame   0x00004a0c      0x6b0 ./Drivers/STM32L4xx_HAL_Driver/Src/stm32l4xx_hal_tim_ex.o
 .debug_frame   0x000050bc      0x9f4 ./Drivers/STM32L4xx_HAL_Driver/Src/stm32l4xx_hal_uart.o
 .debug_frame   0x00005ab0      0x204 ./Drivers/STM32L4xx_HAL_Driver/Src/stm32l4xx_hal_uart_ex.o
 .debug_frame   0x00005cb4       0x30 E:/ST/STM32CubeIDE_1.18.1/STM32CubeIDE/plugins/com.st.stm32cube.ide.mcu.externaltools.gnu-tools-for-stm32.13.3.rel1.win32_1.0.0.202411081344/tools/bin/../lib/gcc/arm-none-eabi/13.3.1/../../../../arm-none-eabi/lib/thumb/v7e-m+fp/hard\libc_nano.a(libc_a-malloc.o)
 .debug_frame   0x00005ce4       0x50 E:/ST/STM32CubeIDE_1.18.1/STM32CubeIDE/plugins/com.st.stm32cube.ide.mcu.externaltools.gnu-tools-for-stm32.13.3.rel1.win32_1.0.0.202411081344/tools/bin/../lib/gcc/arm-none-eabi/13.3.1/../../../../arm-none-eabi/lib/thumb/v7e-m+fp/hard\libc_nano.a(libc_a-mallocr.o)
 .debug_frame   0x00005d34       0x30 E:/ST/STM32CubeIDE_1.18.1/STM32CubeIDE/plugins/com.st.stm32cube.ide.mcu.externaltools.gnu-tools-for-stm32.13.3.rel1.win32_1.0.0.202411081344/tools/bin/../lib/gcc/arm-none-eabi/13.3.1/../../../../arm-none-eabi/lib/thumb/v7e-m+fp/hard\libc_nano.a(libc_a-mlock.o)
 .debug_frame   0x00005d64      0x144 E:/ST/STM32CubeIDE_1.18.1/STM32CubeIDE/plugins/com.st.stm32cube.ide.mcu.externaltools.gnu-tools-for-stm32.13.3.rel1.win32_1.0.0.202411081344/tools/bin/../lib/gcc/arm-none-eabi/13.3.1/../../../../arm-none-eabi/lib/thumb/v7e-m+fp/hard\libc_nano.a(libc_a-findfp.o)
 .debug_frame   0x00005ea8       0x28 E:/ST/STM32CubeIDE_1.18.1/STM32CubeIDE/plugins/com.st.stm32cube.ide.mcu.externaltools.gnu-tools-for-stm32.13.3.rel1.win32_1.0.0.202411081344/tools/bin/../lib/gcc/arm-none-eabi/13.3.1/../../../../arm-none-eabi/lib/thumb/v7e-m+fp/hard\libc_nano.a(libc_a-memcmp.o)
 .debug_frame   0x00005ed0       0x20 E:/ST/STM32CubeIDE_1.18.1/STM32CubeIDE/plugins/com.st.stm32cube.ide.mcu.externaltools.gnu-tools-for-stm32.13.3.rel1.win32_1.0.0.202411081344/tools/bin/../lib/gcc/arm-none-eabi/13.3.1/../../../../arm-none-eabi/lib/thumb/v7e-m+fp/hard\libc_nano.a(libc_a-memset.o)
 .debug_frame   0x00005ef0       0x38 E:/ST/STM32CubeIDE_1.18.1/STM32CubeIDE/plugins/com.st.stm32cube.ide.mcu.externaltools.gnu-tools-for-stm32.13.3.rel1.win32_1.0.0.202411081344/tools/bin/../lib/gcc/arm-none-eabi/13.3.1/../../../../arm-none-eabi/lib/thumb/v7e-m+fp/hard\libc_nano.a(libc_a-reent.o)
 .debug_frame   0x00005f28       0x2c E:/ST/STM32CubeIDE_1.18.1/STM32CubeIDE/plugins/com.st.stm32cube.ide.mcu.externaltools.gnu-tools-for-stm32.13.3.rel1.win32_1.0.0.202411081344/tools/bin/../lib/gcc/arm-none-eabi/13.3.1/../../../../arm-none-eabi/lib/thumb/v7e-m+fp/hard\libc_nano.a(libc_a-sbrkr.o)