Archive member included to satisfy reference by file (symbol)

E:/ST/STM32CubeIDE_1.18.1/STM32CubeIDE/plugins/com.st.stm32cube.ide.mcu.externaltools.gnu-tools-for-stm32.13.3.rel1.win32_1.0.0.202411081344/tools/bin/../lib/gcc/arm-none-eabi/13.3.1/../../../../arm-none-eabi/lib/thumb/v7e-m+fp/hard\libc_nano.a(libc_a-exit.o)
                              E:/ST/STM32CubeIDE_1.18.1/STM32CubeIDE/plugins/com.st.stm32cube.ide.mcu.externaltools.gnu-tools-for-stm32.13.3.rel1.win32_1.0.0.202411081344/tools/bin/../lib/gcc/arm-none-eabi/13.3.1/../../../../arm-none-eabi/lib/thumb/v7e-m+fp/hard/crt0.o (exit)
E:/ST/STM32CubeIDE_1.18.1/STM32CubeIDE/plugins/com.st.stm32cube.ide.mcu.externaltools.gnu-tools-for-stm32.13.3.rel1.win32_1.0.0.202411081344/tools/bin/../lib/gcc/arm-none-eabi/13.3.1/../../../../arm-none-eabi/lib/thumb/v7e-m+fp/hard\libc_nano.a(libc_a-malloc.o)
                              ./Core/Src/ST7735.o (malloc)
E:/ST/STM32CubeIDE_1.18.1/STM32CubeIDE/plugins/com.st.stm32cube.ide.mcu.externaltools.gnu-tools-for-stm32.13.3.rel1.win32_1.0.0.202411081344/tools/bin/../lib/gcc/arm-none-eabi/13.3.1/../../../../arm-none-eabi/lib/thumb/v7e-m+fp/hard\libc_nano.a(libc_a-mallocr.o)
                              E:/ST/STM32CubeIDE_1.18.1/STM32CubeIDE/plugins/com.st.stm32cube.ide.mcu.externaltools.gnu-tools-for-stm32.13.3.rel1.win32_1.0.0.202411081344/tools/bin/../lib/gcc/arm-none-eabi/13.3.1/../../../../arm-none-eabi/lib/thumb/v7e-m+fp/hard\libc_nano.a(libc_a-malloc.o) (_malloc_r)
E:/ST/STM32CubeIDE_1.18.1/STM32CubeIDE/plugins/com.st.stm32cube.ide.mcu.externaltools.gnu-tools-for-stm32.13.3.rel1.win32_1.0.0.202411081344/tools/bin/../lib/gcc/arm-none-eabi/13.3.1/../../../../arm-none-eabi/lib/thumb/v7e-m+fp/hard\libc_nano.a(libc_a-mlock.o)
                              E:/ST/STM32CubeIDE_1.18.1/STM32CubeIDE/plugins/com.st.stm32cube.ide.mcu.externaltools.gnu-tools-for-stm32.13.3.rel1.win32_1.0.0.202411081344/tools/bin/../lib/gcc/arm-none-eabi/13.3.1/../../../../arm-none-eabi/lib/thumb/v7e-m+fp/hard\libc_nano.a(libc_a-mallocr.o) (__malloc_lock)
E:/ST/STM32CubeIDE_1.18.1/STM32CubeIDE/plugins/com.st.stm32cube.ide.mcu.externaltools.gnu-tools-for-stm32.13.3.rel1.win32_1.0.0.202411081344/tools/bin/../lib/gcc/arm-none-eabi/13.3.1/../../../../arm-none-eabi/lib/thumb/v7e-m+fp/hard\libc_nano.a(libc_a-findfp.o)
                              E:/ST/STM32CubeIDE_1.18.1/STM32CubeIDE/plugins/com.st.stm32cube.ide.mcu.externaltools.gnu-tools-for-stm32.13.3.rel1.win32_1.0.0.202411081344/tools/bin/../lib/gcc/arm-none-eabi/13.3.1/../../../../arm-none-eabi/lib/thumb/v7e-m+fp/hard\libc_nano.a(libc_a-exit.o) (__stdio_exit_handler)
E:/ST/STM32CubeIDE_1.18.1/STM32CubeIDE/plugins/com.st.stm32cube.ide.mcu.externaltools.gnu-tools-for-stm32.13.3.rel1.win32_1.0.0.202411081344/tools/bin/../lib/gcc/arm-none-eabi/13.3.1/../../../../arm-none-eabi/lib/thumb/v7e-m+fp/hard\libc_nano.a(libc_a-fwalk.o)
                              E:/ST/STM32CubeIDE_1.18.1/STM32CubeIDE/plugins/com.st.stm32cube.ide.mcu.externaltools.gnu-tools-for-stm32.13.3.rel1.win32_1.0.0.202411081344/tools/bin/../lib/gcc/arm-none-eabi/13.3.1/../../../../arm-none-eabi/lib/thumb/v7e-m+fp/hard\libc_nano.a(libc_a-findfp.o) (_fwalk_sglue)
E:/ST/STM32CubeIDE_1.18.1/STM32CubeIDE/plugins/com.st.stm32cube.ide.mcu.externaltools.gnu-tools-for-stm32.13.3.rel1.win32_1.0.0.202411081344/tools/bin/../lib/gcc/arm-none-eabi/13.3.1/../../../../arm-none-eabi/lib/thumb/v7e-m+fp/hard\libc_nano.a(libc_a-stdio.o)
                              E:/ST/STM32CubeIDE_1.18.1/STM32CubeIDE/plugins/com.st.stm32cube.ide.mcu.externaltools.gnu-tools-for-stm32.13.3.rel1.win32_1.0.0.202411081344/tools/bin/../lib/gcc/arm-none-eabi/13.3.1/../../../../arm-none-eabi/lib/thumb/v7e-m+fp/hard\libc_nano.a(libc_a-findfp.o) (__sread)
E:/ST/STM32CubeIDE_1.18.1/STM32CubeIDE/plugins/com.st.stm32cube.ide.mcu.externaltools.gnu-tools-for-stm32.13.3.rel1.win32_1.0.0.202411081344/tools/bin/../lib/gcc/arm-none-eabi/13.3.1/../../../../arm-none-eabi/lib/thumb/v7e-m+fp/hard\libc_nano.a(libc_a-memset.o)
                              E:/ST/STM32CubeIDE_1.18.1/STM32CubeIDE/plugins/com.st.stm32cube.ide.mcu.externaltools.gnu-tools-for-stm32.13.3.rel1.win32_1.0.0.202411081344/tools/bin/../lib/gcc/arm-none-eabi/13.3.1/../../../../arm-none-eabi/lib/thumb/v7e-m+fp/hard/crt0.o (memset)
E:/ST/STM32CubeIDE_1.18.1/STM32CubeIDE/plugins/com.st.stm32cube.ide.mcu.externaltools.gnu-tools-for-stm32.13.3.rel1.win32_1.0.0.202411081344/tools/bin/../lib/gcc/arm-none-eabi/13.3.1/../../../../arm-none-eabi/lib/thumb/v7e-m+fp/hard\libc_nano.a(libc_a-closer.o)
                              E:/ST/STM32CubeIDE_1.18.1/STM32CubeIDE/plugins/com.st.stm32cube.ide.mcu.externaltools.gnu-tools-for-stm32.13.3.rel1.win32_1.0.0.202411081344/tools/bin/../lib/gcc/arm-none-eabi/13.3.1/../../../../arm-none-eabi/lib/thumb/v7e-m+fp/hard\libc_nano.a(libc_a-stdio.o) (_close_r)
[...]
Memory Configuration

Name             Origin             Length             Attributes
RAM              0x20000000         0x00050000         xrw
RAM2             0x10000000         0x00010000         xrw
FLASH            0x08000000         0x00100000         xr
*default*        0x00000000         0xffffffff

Linker script and memory map

LOAD E:/ST/STM32CubeIDE_1.18.1/STM32CubeIDE/plugins/com.st.stm32cube.ide.mcu.externaltools.gnu-tools-for-stm32.13.3.rel1.win32_1.0.0.202411081344/tools/bin/../lib/gcc/arm-none-eabi/13.3.1/thumb/v7e-m+fp/hard/crti.o
LOAD E:/ST/STM32CubeIDE_1.18.1/STM32CubeIDE/plugins/com.st.stm32cube.ide.mcu.externaltools.gnu-tools-for-stm32.13.3.rel1.win32_1.0.0.202411081344/tools/bin/../lib/gcc/arm-none-eabi/13.3.1/thumb/v7e-m+fp/hard/crtbegin.o
LOAD E:/ST/STM32CubeIDE_1.18.1/STM32CubeIDE/plugins/com.st.stm32cube.ide.mcu.externaltools.gnu-tools-for-stm32.13.3.rel1.win32_1.0.0.202411081344/tools/bin/../lib/gcc/arm-none-eabi/13.3.1/../../../../arm-none-eabi/lib/thumb/v7e-m+fp/hard/crt0.o
LOAD ./Core/Src/GFX_FUNCTIONS.o
LOAD ./Core/Src/ST7735.o
LOAD ./Core/Src/fonts.o
LOAD ./Core/Src/main.o
LOAD ./Core/Src/stm32l4xx_hal_msp.o
LOAD ./Core/Src/stm32l4xx_it.o
LOAD ./Core/Src/syscalls.o
LOAD ./Core/Src/sysmem.o
LOAD ./Core/Src/system_stm32l4xx.o
LOAD ./Core/Startup/startup_stm32l4a6zgtx.o
LOAD ./Drivers/STM32L4xx_HAL_Driver/Src/stm32l4xx_hal.o
LOAD ./Drivers/STM32L4xx_HAL_Driver/Src/stm32l4xx_hal_cortex.o
LOAD ./Drivers/STM32L4xx_HAL_Driver/Src/stm32l4xx_hal_dma.o
LOAD ./Drivers/STM32L4xx_HAL_Driver/Src/stm32l4xx_hal_dma_ex.o
LOAD ./Drivers/STM32L4xx_HAL_Driver/Src/stm32l4xx_hal_exti.o
LOAD ./Drivers/STM32L4xx_HAL_Driver/Src/stm32l4xx_hal_flash.o
LOAD ./Drivers/STM32L4xx_HAL_Driver/Src/stm32l4xx_hal_flash_ex.o
LOAD ./Drivers/STM32L4xx_HAL_Driver/Src/stm32l4xx_hal_flash_ramfunc.o
LOAD ./Drivers/STM32L4xx_HAL_Driver/Src/stm32l4xx_hal_gpio.o
LOAD ./Drivers/STM32L4xx_HAL_Driver/Src/stm32l4xx_hal_i2c.o
LOAD ./Drivers/STM32L4xx_HAL_Driver/Src/stm32l4xx_hal_i2c_ex.o
LOAD ./Drivers/STM32L4xx_HAL_Driver/Src/stm32l4xx_hal_pwr.o
LOAD ./Drivers/STM32L4xx_HAL_Driver/Src/stm32l4xx_hal_pwr_ex.o
LOAD ./Drivers/STM32L4xx_HAL_Driver/Src/stm32l4xx_hal_rcc.o
LOAD ./Drivers/STM32L4xx_HAL_Driver/Src/stm32l4xx_hal_rcc_ex.o
LOAD ./Drivers/STM32L4xx_HAL_Driver/Src/stm32l4xx_hal_spi.o
LOAD ./Drivers/STM32L4xx_HAL_Driver/Src/stm32l4xx_hal_spi_ex.o
LOAD ./Drivers/STM32L4xx_HAL_Driver/Src/stm32l4xx_hal_tim.o
LOAD ./Drivers/STM32L4xx_HAL_Driver/Src/stm32l4xx_hal_tim_ex.o
LOAD ./Drivers/STM32L4xx_HAL_Driver/Src/stm32l4xx_hal_uart.o
LOAD ./Drivers/STM32L4xx_HAL_Driver/Src/stm32l4xx_hal_uart_ex.o
START GROUP
LOAD E:/ST/STM32CubeIDE_1.18.1/STM32CubeIDE/plugins/com.st.stm32cube.ide.mcu.externaltools.gnu-tools-for-stm32.13.3.rel1.win32_1.0.0.202411081344/tools/bin/../lib/gcc/arm-none-eabi/13.3.1/../../../../arm-none-eabi/lib/thumb/v7e-m+fp/hard\libc_nano.a
LOAD E:/ST/STM32CubeIDE_1.18.1/STM32CubeIDE/plugins/com.st.stm32cube.ide.mcu.externaltools.gnu-tools-for-stm32.13.3.rel1.win32_1.0.0.202411081344/tools/bin/../lib/gcc/arm-none-eabi/13.3.1/../../../../arm-none-eabi/lib/thumb/v7e-m+fp/hard\libm.a
END GROUP
START GROUP
LOAD E:/ST/STM32CubeIDE_1.18.1/STM32CubeIDE/plugins/com.st.stm32cube.ide.mcu.externaltools.gnu-tools-for-stm32.13.3.rel1.win32_1.0.0.202411081344/tools/bin/../lib/gcc/arm-none-eabi/13.3.1/thumb/v7e-m+fp/hard\libgcc.a
LOAD E:/ST/STM32CubeIDE_1.18.1/STM32CubeIDE/plugins/com.st.stm32cube.ide.mcu.externaltools.gnu-tools-for-stm32.13.3.rel1.win32_1.0.0.202411081344/tools/bin/../lib/gcc/arm-none-eabi/13.3.1/../../../../arm-none-eabi/lib/thumb/v7e-m+fp/hard\libc_nano.a
END GROUP
START GROUP
LOAD E:/ST/STM32CubeIDE_1.18.1/STM32CubeIDE/plugins/com.st.stm32cube.ide.mcu.externaltools.gnu-tools-for-stm32.13.3.rel1.win32_1.0.0.202411081344/tools/bin/../lib/gcc/arm-none-eabi/13.3.1/thumb/v7e-m+fp/hard\libgcc.a
LOAD E:/ST/STM32CubeIDE_1.18.1/STM32CubeIDE/plugins/com.st.stm32cube.ide.mcu.externaltools.gnu-tools-for-stm32.13.3.rel1.win32_1.0.0.202411081344/tools/bin/../lib/gcc/arm-none-eabi/13.3.1/../../../../arm-none-eabi/lib/thumb/v7e-m+fp/hard\libc_nano.a
LOAD E:/ST/STM32CubeIDE_1.18.1/STM32CubeIDE/plugins/com.st.stm32cube.ide.mcu.externaltools.gnu-tools-for-stm32.13.3.rel1.win32_1.0.0.202411081344/tools/bin/../lib/gcc/arm-none-eabi/13.3.1/../../../../arm-none-eabi/lib/thumb/v7e-m+fp/hard\libnosys.a
END GROUP
START GROUP
LOAD E:/ST/STM32CubeIDE_1.18.1/STM32CubeIDE/plugins/com.st.stm32cube.ide.mcu.externaltools.gnu-tools-for-stm32.13.3.rel1.win32_1.0.0.202411081344/tools/bin/../lib/gcc/arm-none-eabi/13.3.1/thumb/v7e-m+fp/hard\libgcc.a
LOAD E:/ST/STM32CubeIDE_1.18.1/STM32CubeIDE/plugins/com.st.stm32cube.ide.mcu.externaltools.gnu-tools-for-stm32.13.3.rel1.win32_1.0.0.202411081344/tools/bin/../lib/gcc/arm-none-eabi/13.3.1/../../../../arm-none-eabi/lib/thumb/v7e-m+fp/hard\libc_nano.a
LOAD E:/ST/STM32CubeIDE_1.18.1/STM32CubeIDE/plugins/com.st.stm32cube.ide.mcu.externaltools.gnu-tools-for-stm32.13.3.rel1.win32_1.0.0.202411081344/tools/bin/../lib/gcc/arm-none-eabi/13.3.1/../../../../arm-none-eabi/lib/thumb/v7e-m+fp/hard\libnosys.a
END GROUP
LOAD E:/ST/STM32CubeIDE_1.18.1/STM32CubeIDE/plugins/com.st.stm32cube.ide.mcu.externaltools.gnu-tools-for-stm32.13.3.rel1.win32_1.0.0.202411081344/tools/bin/../lib/gcc/arm-none-eabi/13.3.1/thumb/v7e-m+fp/hard/crtend.o
LOAD E:/ST/STM32CubeIDE_1.18.1/STM32CubeIDE/plugins/com.st.stm32cube.ide.mcu.externaltools.gnu-tools-for-stm32.13.3.rel1.win32_1.0.0.202411081344/tools/bin/../lib/gcc/arm-none-eabi/13.3.1/thumb/v7e-m+fp/hard/crtn.o
                0x20050000                        _estack = (ORIGIN (RAM) + LENGTH (RAM))
                0x00000200                        _Min_Heap_Size = 0x200
                0x00000400                        _Min_Stack_Size = 0x400

.isr_vector     0x08000000      0x1ac
                0x08000000                        . = ALIGN (0x4)
 *(.isr_vector)
 .isr_vector    0x08000000      0x1ac ./Core/Startup/startup_stm32l4a6zgtx.o
                0x08000000                g_pfnVectors
                0x080001ac                        . = ALIGN (0x4)

.text           0x080001ac     0x8a48
                0x080001ac                        . = ALIGN (0x4)
 *(.text)
 .text          0x080001ac       0x40 E:/ST/STM32CubeIDE_1.18.1/STM32CubeIDE/plugins/com.st.stm32cube.ide.mcu.externaltools.gnu-tools-for-stm32.13.3.rel1.win32_1.0.0.202411081344/tools/bin/../lib/gcc/arm-none-eabi/13.3.1/thumb/v7e-m+fp/hard/crtbegin.o
 .text          0x080001ec       0x30 E:/ST/STM32CubeIDE_1.18.1/STM32CubeIDE/plugins/com.st.stm32cube.ide.mcu.externaltools.gnu-tools-for-stm32.13.3.rel1.win32_1.0.0.202411081344/tools/bin/../lib/gcc/arm-none-eabi/13.3.1/thumb/v7e-m+fp/hard\libgcc.a(_aeabi_uldivmod.o)
                0x080001ec                __aeabi_uldivmod
 .text          0x0800021c      0x2f8 E:/ST/STM32CubeIDE_1.18.1/STM32CubeIDE/plugins/com.st.stm32cube.ide.mcu.externaltools.gnu-tools-for-stm32.13.3.rel1.win32_1.0.0.202411081344/tools/bin/../lib/gcc/arm-none-eabi/13.3.1/thumb/v7e-m+fp/hard\libgcc.a(_udivmoddi4.o)
                0x0800021c                __udivmoddi4
 .text          0x08000514        0x4 E:/ST/STM32CubeIDE_1.18.1/STM32CubeIDE/plugins/com.st.stm32cube.ide.mcu.externaltools.gnu-tools-for-stm32.13.3.rel1.win32_1.0.0.202411081344/tools/bin/../lib/gcc/arm-none-eabi/13.3.1/thumb/v7e-m+fp/hard\libgcc.a(_dvmd_tls.o)
                0x08000514                __aeabi_idiv0
                0x08000514                __aeabi_ldiv0
 *(.text*)
 .text.drawPixel
                0x08000518       0x26 ./Core/Src/GFX_FUNCTIONS.o
                0x08000518                drawPixel
 *fill*         0x0800053e        0x2 
 .text.fillRect
                0x08000540       0x48 ./Core/Src/GFX_FUNCTIONS.o
                0x08000540                fillRect
 .text.writePixel
                0x08000588       0x2a ./Core/Src/GFX_FUNCTIONS.o
                0x08000588                writePixel
 .text.writeLine
                0x080005b2      0x144 ./Core/Src/GFX_FUNCTIONS.o
                0x080005b2                writeLine
 .text.drawFastVLine
                0x080006f6       0x4a ./Core/Src/GFX_FUNCTIONS.o
                0x080006f6                drawFastVLine
 .text.drawFastHLine
                0x08000740       0x4a ./Core/Src/GFX_FUNCTIONS.o
                0x08000740                drawFastHLine
 .text.drawLine
                0x0800078a       0xc4 ./Core/Src/GFX_FUNCTIONS.o
                0x0800078a                drawLine
 .text.drawCircle
                0x0800084e      0x1d8 ./Core/Src/GFX_FUNCTIONS.o
                0x0800084e                drawCircle
 .text.drawCircleHelper
                0x08000a26      0x1a8 ./Core/Src/GFX_FUNCTIONS.o
                0x08000a26                drawCircleHelper
 .text.fillCircleHelper
                0x08000bce      0x19c ./Core/Src/GFX_FUNCTIONS.o
                0x08000bce                fillCircleHelper
 .text.fillCircle
                0x08000d6a       0x60 ./Core/Src/GFX_FUNCTIONS.o
                0x08000d6a                fillCircle
 .text.drawRect
                0x08000dca       0x82 ./Core/Src/GFX_FUNCTIONS.o
                0x08000dca                drawRect
 .text.drawRoundRect
                0x08000e4c      0x19a ./Core/Src/GFX_FUNCTIONS.o
                0x08000e4c                drawRoundRect
 .text.fillRoundRect
                0x08000fe6       0xf2 ./Core/Src/GFX_FUNCTIONS.o
                0x08000fe6                fillRoundRect
 .text.drawTriangle
                0x080010d8       0x74 ./Core/Src/GFX_FUNCTIONS.o
                0x080010d8                drawTriangle
 .text.fillTriangle
                0x0800114c      0x2be ./Core/Src/GFX_FUNCTIONS.o
                0x0800114c                fillTriangle
 *fill*         0x0800140a        0x2 
 .text.fillScreen
                0x0800140c       0x34 ./Core/Src/GFX_FUNCTIONS.o
                0x0800140c                fillScreen
 .text.testLines
                0x08001440      0x204 ./Core/Src/GFX_FUNCTIONS.o
                0x08001440                testLines
 .text.testFastLines
                0x08001644       0x80 ./Core/Src/GFX_FUNCTIONS.o
                0x08001644                testFastLines
 .text.testRects
                0x080016c4       0xa4 ./Core/Src/GFX_FUNCTIONS.o
                0x080016c4                testRects
 .text.testFilledRects
                0x08001768       0xdc ./Core/Src/GFX_FUNCTIONS.o
                0x08001768                testFilledRects
 .text.testFilledCircles
                0x08001844       0x7c ./Core/Src/GFX_FUNCTIONS.o
                0x08001844                testFilledCircles
 .text.testCircles
                0x080018c0       0x84 ./Core/Src/GFX_FUNCTIONS.o
                0x080018c0                testCircles
 .text.testTriangles
                0x08001944       0xc8 ./Core/Src/GFX_FUNCTIONS.o
                0x08001944                testTriangles
 .text.testFilledTriangles
                0x08001a0c      0x160 ./Core/Src/GFX_FUNCTIONS.o
                0x08001a0c                testFilledTriangles
 .text.testRoundRects
                0x08001b6c       0xdc ./Core/Src/GFX_FUNCTIONS.o
                0x08001b6c                testRoundRects
 .text.testFilledRoundRects
                0x08001c48       0xe8 ./Core/Src/GFX_FUNCTIONS.o
                0x08001c48                testFilledRoundRects
 .text.testFillScreen
                0x08001d30       0x2a ./Core/Src/GFX_FUNCTIONS.o
                0x08001d30                testFillScreen
 .text.testAll  0x08001d5a       0x56 ./Core/Src/GFX_FUNCTIONS.o
                0x08001d5a                testAll
 .text.HAL_SPI_ErrorCallback
                0x08001db0       0x6c ./Core/Src/ST7735.o
                0x08001db0                HAL_SPI_ErrorCallback
 .text.HAL_SPI_TxCpltCallback
                0x08001e1c       0x60 ./Core/Src/ST7735.o
                0x08001e1c                HAL_SPI_TxCpltCallback
 .text.ST7735_WaitForDMA
                0x08001e7c       0x4c ./Core/Src/ST7735.o
                0x08001e7c                ST7735_WaitForDMA
 .text.ST7735_Select
                0x08001ec8       0x18 ./Core/Src/ST7735.o
                0x08001ec8                ST7735_Select
 .text.ST7735_Unselect
                0x08001ee0       0x18 ./Core/Src/ST7735.o
                0x08001ee0                ST7735_Unselect
 .text.ST7735_Reset
                0x08001ef8       0x2c ./Core/Src/ST7735.o
                0x08001ef8                ST7735_Reset
 .text.ST7735_WriteCommand
                0x08001f24       0x38 ./Core/Src/ST7735.o
                0x08001f24                ST7735_WriteCommand
 .text.ST7735_WriteData
                0x08001f5c       0x3c ./Core/Src/ST7735.o
                0x08001f5c                ST7735_WriteData
 .text.DisplayInit
                0x08001f98       0x92 ./Core/Src/ST7735.o
                0x08001f98                DisplayInit
 *fill*         0x0800202a        0x2 
 .text.ST7735_SetAddressWindow
                0x0800202c       0x90 ./Core/Src/ST7735.o
                0x0800202c                ST7735_SetAddressWindow
 .text.ST7735_Init
                0x080020bc       0x58 ./Core/Src/ST7735.o
                0x080020bc                ST7735_Init
 .text.ST7735_SetRotation
                0x08002114      0x100 ./Core/Src/ST7735.o
                0x08002114                ST7735_SetRotation
 .text.ST7735_DrawPixel
                0x08002214       0x7c ./Core/Src/ST7735.o
                0x08002214                ST7735_DrawPixel
 .text.ST7735_WriteChar
                0x08002290       0xee ./Core/Src/ST7735.o
                0x08002290                ST7735_WriteChar
 *fill*         0x0800237e        0x2 
 .text.ST7735_WriteString
                0x08002380       0xdc ./Core/Src/ST7735.o
                0x08002380                ST7735_WriteString
 .text.ST7735_FillRectangle
                0x0800245c      0x194 ./Core/Src/ST7735.o
                0x0800245c                ST7735_FillRectangle
 .text.action_test_lcd
                0x080025f0        0xc ./Core/Src/main.o
                0x080025f0                action_test_lcd
 .text.draw_bulb_on
                0x080025fc       0x44 ./Core/Src/main.o
                0x080025fc                draw_bulb_on
 .text.draw_bulb_off
                0x08002640       0x44 ./Core/Src/main.o
                0x08002640                draw_bulb_off
 .text.action_led_on
                0x08002684       0x58 ./Core/Src/main.o
                0x08002684                action_led_on
 .text.action_led_off
                0x080026dc       0x5c ./Core/Src/main.o
                0x080026dc                action_led_off
 .text.led_toggle
                0x08002738       0x54 ./Core/Src/main.o
                0x08002738                led_toggle
 .text.draw_menu
                0x0800278c       0xa0 ./Core/Src/main.o
                0x0800278c                draw_menu
 .text.set_backlight_brightness
                0x0800282c       0x48 ./Core/Src/main.o
                0x0800282c                set_backlight_brightness
 .text.backlight_display
                0x08002874       0xc0 ./Core/Src/main.o
                0x08002874                backlight_display
 .text.HAL_UART_RxCpltCallback
                0x08002934       0x48 ./Core/Src/main.o
                0x08002934                HAL_UART_RxCpltCallback
 .text.main     0x0800297c      0x1d0 ./Core/Src/main.o
                0x0800297c                main
 .text.SystemClock_Config
                0x08002b4c       0xa2 ./Core/Src/main.o
                0x08002b4c                SystemClock_Config
 *fill*         0x08002bee        0x2 
 .text.MX_LPUART1_UART_Init
                0x08002bf0       0x58 ./Core/Src/main.o
 .text.MX_SPI1_Init
                0x08002c48       0x7c ./Core/Src/main.o
 .text.MX_TIM1_Init
                0x08002cc4      0x120 ./Core/Src/main.o
 .text.MX_DMA_Init
                0x08002de4       0x4c ./Core/Src/main.o
 .text.MX_GPIO_Init
                0x08002e30      0x140 ./Core/Src/main.o
 .text.Error_Handler
                0x08002f70        0xc ./Core/Src/main.o
                0x08002f70                Error_Handler
 .text.HAL_MspInit
                0x08002f7c       0x48 ./Core/Src/stm32l4xx_hal_msp.o
                0x08002f7c                HAL_MspInit
 .text.HAL_UART_MspInit
                0x08002fc4       0xd0 ./Core/Src/stm32l4xx_hal_msp.o
                0x08002fc4                HAL_UART_MspInit
 .text.HAL_SPI_MspInit
                0x08003094      0x138 ./Core/Src/stm32l4xx_hal_msp.o
                0x08003094                HAL_SPI_MspInit
 .text.HAL_SPI_MspDeInit
                0x080031cc       0x4c ./Core/Src/stm32l4xx_hal_msp.o
                0x080031cc                HAL_SPI_MspDeInit
 .text.HAL_TIM_PWM_MspInit
                0x08003218       0x40 ./Core/Src/stm32l4xx_hal_msp.o
                0x08003218                HAL_TIM_PWM_MspInit
 .text.HAL_TIM_MspPostInit
                0x08003258       0x70 ./Core/Src/stm32l4xx_hal_msp.o
                0x08003258                HAL_TIM_MspPostInit
 .text.NMI_Handler
                0x080032c8        0x8 ./Core/Src/stm32l4xx_it.o
                0x080032c8                NMI_Handler
 .text.HardFault_Handler
                0x080032d0        0x8 ./Core/Src/stm32l4xx_it.o
                0x080032d0                HardFault_Handler
 .text.MemManage_Handler
                0x080032d8        0x8 ./Core/Src/stm32l4xx_it.o
                0x080032d8                MemManage_Handler
 .text.BusFault_Handler
                0x080032e0        0x8 ./Core/Src/stm32l4xx_it.o
                0x080032e0                BusFault_Handler
 .text.UsageFault_Handler
                0x080032e8        0x8 ./Core/Src/stm32l4xx_it.o
                0x080032e8                UsageFault_Handler
 .text.SVC_Handler
                0x080032f0        0xe ./Core/Src/stm32l4xx_it.o
                0x080032f0                SVC_Handler
 .text.DebugMon_Handler
                0x080032fe        0xe ./Core/Src/stm32l4xx_it.o
                0x080032fe                DebugMon_Handler
 .text.PendSV_Handler
                0x0800330c        0xe ./Core/Src/stm32l4xx_it.o
                0x0800330c                PendSV_Handler
 .text.SysTick_Handler
                0x0800331a        0xc ./Core/Src/stm32l4xx_it.o
                0x0800331a                SysTick_Handler
 *fill*         0x08003326        0x2 
 .text.DMA1_Channel2_IRQHandler
                0x08003328       0x14 ./Core/Src/stm32l4xx_it.o
                0x08003328                DMA1_Channel2_IRQHandler
 .text.DMA1_Channel3_IRQHandler
                0x0800333c       0x14 ./Core/Src/stm32l4xx_it.o
                0x0800333c                DMA1_Channel3_IRQHandler
 .text.LPUART1_IRQHandler
                0x08003350       0x14 ./Core/Src/stm32l4xx_it.o
                0x08003350                LPUART1_IRQHandler
 .text._sbrk    0x08003364       0x6c ./Core/Src/sysmem.o
                0x08003364                _sbrk
 .text.SystemInit
                0x080033d0       0x24 ./Core/Src/system_stm32l4xx.o
                0x080033d0                SystemInit
 .text.Reset_Handler
                0x080033f4       0x50 ./Core/Startup/startup_stm32l4a6zgtx.o
                0x080033f4                Reset_Handler
 .text.Default_Handler
                0x08003444        0x2 ./Core/Startup/startup_stm32l4a6zgtx.o
                0x08003444                RTC_Alarm_IRQHandler
                0x08003444                HASH_RNG_IRQHandler
                0x08003444                EXTI2_IRQHandler
                0x08003444                TIM8_TRG_COM_IRQHandler
                0x08003444                TIM8_CC_IRQHandler
                0x08003444                TIM1_CC_IRQHandler
                0x08003444                TSC_IRQHandler
                0x08003444                TAMP_STAMP_IRQHandler
                0x08003444                CAN2_RX1_IRQHandler
                0x08003444                EXTI3_IRQHandler
                0x08003444                LPTIM2_IRQHandler
                0x08003444                DFSDM1_FLT1_IRQHandler
                0x08003444                I2C3_ER_IRQHandler
                0x08003444                DFSDM1_FLT2_IRQHandler
                0x08003444                EXTI0_IRQHandler
                0x08003444                I2C2_EV_IRQHandler
                0x08003444                CAN1_RX0_IRQHandler
                0x08003444                FPU_IRQHandler
                0x08003444                TIM1_UP_TIM16_IRQHandler
                0x08003444                CAN2_SCE_IRQHandler
                0x08003444                ADC1_2_IRQHandler
                0x08003444                SPI1_IRQHandler
                0x08003444                TIM6_DAC_IRQHandler
                0x08003444                DCMI_IRQHandler
                0x08003444                CAN2_RX0_IRQHandler
                0x08003444                TIM8_UP_IRQHandler
                0x08003444                DMA2_Channel2_IRQHandler
                0x08003444                DMA1_Channel4_IRQHandler
                0x08003444                SAI2_IRQHandler
                0x08003444                DFSDM1_FLT3_IRQHandler
                0x08003444                USART3_IRQHandler
                0x08003444                DMA1_Channel7_IRQHandler
                0x08003444                CAN1_RX1_IRQHandler
                0x08003444                LCD_IRQHandler
                0x08003444                UART5_IRQHandler
                0x08003444                ADC3_IRQHandler
                0x08003444                TIM4_IRQHandler
                0x08003444                DMA2_Channel1_IRQHandler
                0x08003444                QUADSPI_IRQHandler
                0x08003444                I2C1_EV_IRQHandler
                0x08003444                DMA1_Channel6_IRQHandler
                0x08003444                UART4_IRQHandler
                0x08003444                DMA2_Channel4_IRQHandler
                0x08003444                TIM3_IRQHandler
                0x08003444                RCC_IRQHandler
                0x08003444                DMA1_Channel1_IRQHandler
                0x08003444                Default_Handler
                0x08003444                DMA2_Channel7_IRQHandler
                0x08003444                EXTI15_10_IRQHandler
                0x08003444                TIM7_IRQHandler
                0x08003444                SDMMC1_IRQHandler
                0x08003444                CAN2_TX_IRQHandler
                0x08003444                TIM5_IRQHandler
                0x08003444                I2C3_EV_IRQHandler
                0x08003444                EXTI9_5_IRQHandler
                0x08003444                RTC_WKUP_IRQHandler
                0x08003444                PVD_PVM_IRQHandler
                0x08003444                SPI2_IRQHandler
                0x08003444                CAN1_TX_IRQHandler
                0x08003444                DMA2_Channel5_IRQHandler
                0x08003444                CRS_IRQHandler
                0x08003444                DMA1_Channel5_IRQHandler
                0x08003444                EXTI4_IRQHandler
                0x08003444                TIM1_TRG_COM_TIM17_IRQHandler
                0x08003444                COMP_IRQHandler
                0x08003444                WWDG_IRQHandler
                0x08003444                I2C4_EV_IRQHandler
                0x08003444                DMA2_Channel6_IRQHandler
                0x08003444                TIM2_IRQHandler
                0x08003444                DMA2D_IRQHandler
                0x08003444                EXTI1_IRQHandler
                0x08003444                AES_IRQHandler
                0x08003444                USART2_IRQHandler
                0x08003444                DFSDM1_FLT0_IRQHandler
                0x08003444                I2C2_ER_IRQHandler
                0x08003444                TIM8_BRK_IRQHandler
                0x08003444                CAN1_SCE_IRQHandler
                0x08003444                FLASH_IRQHandler
                0x08003444                USART1_IRQHandler
                0x08003444                OTG_FS_IRQHandler
                0x08003444                SPI3_IRQHandler
                0x08003444                I2C1_ER_IRQHandler
                0x08003444                FMC_IRQHandler
                0x08003444                SWPMI1_IRQHandler
                0x08003444                LPTIM1_IRQHandler
                0x08003444                I2C4_ER_IRQHandler
                0x08003444                SAI1_IRQHandler
                0x08003444                DMA2_Channel3_IRQHandler
                0x08003444                TIM1_BRK_TIM15_IRQHandler
 .text.HAL_Init
                0x08003446       0x30 ./Drivers/STM32L4xx_HAL_Driver/Src/stm32l4xx_hal.o
                0x08003446                HAL_Init
 *fill*         0x08003476        0x2 
 .text.HAL_InitTick
                0x08003478       0x78 ./Drivers/STM32L4xx_HAL_Driver/Src/stm32l4xx_hal.o
                0x08003478                HAL_InitTick
 .text.HAL_IncTick
                0x080034f0       0x28 ./Drivers/STM32L4xx_HAL_Driver/Src/stm32l4xx_hal.o
                0x080034f0                HAL_IncTick
 .text.HAL_GetTick
                0x08003518       0x18 ./Drivers/STM32L4xx_HAL_Driver/Src/stm32l4xx_hal.o
                0x08003518                HAL_GetTick
 .text.HAL_Delay
                0x08003530       0x48 ./Drivers/STM32L4xx_HAL_Driver/Src/stm32l4xx_hal.o
                0x08003530                HAL_Delay
 .text.__NVIC_SetPriorityGrouping
                0x08003578       0x48 ./Drivers/STM32L4xx_HAL_Driver/Src/stm32l4xx_hal_cortex.o
 .text.__NVIC_GetPriorityGrouping
                0x080035c0       0x1c ./Drivers/STM32L4xx_HAL_Driver/Src/stm32l4xx_hal_cortex.o
 .text.__NVIC_EnableIRQ
                0x080035dc       0x3c ./Drivers/STM32L4xx_HAL_Driver/Src/stm32l4xx_hal_cortex.o
 .text.__NVIC_SetPriority
                0x08003618       0x54 ./Drivers/STM32L4xx_HAL_Driver/Src/stm32l4xx_hal_cortex.o
 .text.NVIC_EncodePriority
                0x0800366c       0x66 ./Drivers/STM32L4xx_HAL_Driver/Src/stm32l4xx_hal_cortex.o
 *fill*         0x080036d2        0x2 
 .text.SysTick_Config
                0x080036d4       0x44 ./Drivers/STM32L4xx_HAL_Driver/Src/stm32l4xx_hal_cortex.o
 .text.HAL_NVIC_SetPriorityGrouping
                0x08003718       0x16 ./Drivers/STM32L4xx_HAL_Driver/Src/stm32l4xx_hal_cortex.o
                0x08003718                HAL_NVIC_SetPriorityGrouping
 .text.HAL_NVIC_SetPriority
                0x0800372e       0x38 ./Drivers/STM32L4xx_HAL_Driver/Src/stm32l4xx_hal_cortex.o
                0x0800372e                HAL_NVIC_SetPriority
 .text.HAL_NVIC_EnableIRQ
                0x08003766       0x1c ./Drivers/STM32L4xx_HAL_Driver/Src/stm32l4xx_hal_cortex.o
                0x08003766                HAL_NVIC_EnableIRQ
 .text.HAL_SYSTICK_Config
                0x08003782       0x18 ./Drivers/STM32L4xx_HAL_Driver/Src/stm32l4xx_hal_cortex.o
                0x08003782                HAL_SYSTICK_Config
 *fill*         0x0800379a        0x2 
 .text.HAL_DMA_Init
                0x0800379c      0x170 ./Drivers/STM32L4xx_HAL_Driver/Src/stm32l4xx_hal_dma.o
                0x0800379c                HAL_DMA_Init
 .text.HAL_DMA_DeInit
                0x0800390c      0x124 ./Drivers/STM32L4xx_HAL_Driver/Src/stm32l4xx_hal_dma.o
                0x0800390c                HAL_DMA_DeInit
 .text.HAL_DMA_Start_IT
                0x08003a30       0xc0 ./Drivers/STM32L4xx_HAL_Driver/Src/stm32l4xx_hal_dma.o
                0x08003a30                HAL_DMA_Start_IT
 .text.HAL_DMA_Abort
                0x08003af0       0x7c ./Drivers/STM32L4xx_HAL_Driver/Src/stm32l4xx_hal_dma.o
                0x08003af0                HAL_DMA_Abort
 .text.HAL_DMA_Abort_IT
                0x08003b6c       0x82 ./Drivers/STM32L4xx_HAL_Driver/Src/stm32l4xx_hal_dma.o
                0x08003b6c                HAL_DMA_Abort_IT
 .text.HAL_DMA_IRQHandler
                0x08003bee      0x15e ./Drivers/STM32L4xx_HAL_Driver/Src/stm32l4xx_hal_dma.o
                0x08003bee                HAL_DMA_IRQHandler
 .text.DMA_SetConfig
                0x08003d4c       0x60 ./Drivers/STM32L4xx_HAL_Driver/Src/stm32l4xx_hal_dma.o
 .text.HAL_GPIO_Init
                0x08003dac      0x324 ./Drivers/STM32L4xx_HAL_Driver/Src/stm32l4xx_hal_gpio.o
                0x08003dac                HAL_GPIO_Init
 .text.HAL_GPIO_DeInit
                0x080040d0      0x1e4 ./Drivers/STM32L4xx_HAL_Driver/Src/stm32l4xx_hal_gpio.o
                0x080040d0                HAL_GPIO_DeInit
 .text.HAL_GPIO_WritePin
                0x080042b4       0x30 ./Drivers/STM32L4xx_HAL_Driver/Src/stm32l4xx_hal_gpio.o
                0x080042b4                HAL_GPIO_WritePin
 .text.HAL_GPIO_TogglePin
                0x080042e4       0x34 ./Drivers/STM32L4xx_HAL_Driver/Src/stm32l4xx_hal_gpio.o
                0x080042e4                HAL_GPIO_TogglePin
 .text.HAL_PWREx_GetVoltageRange
                0x08004318       0x1c ./Drivers/STM32L4xx_HAL_Driver/Src/stm32l4xx_hal_pwr_ex.o
                0x08004318                HAL_PWREx_GetVoltageRange
 .text.HAL_PWREx_ControlVoltageScaling
                0x08004334       0xac ./Drivers/STM32L4xx_HAL_Driver/Src/stm32l4xx_hal_pwr_ex.o
                0x08004334                HAL_PWREx_ControlVoltageScaling
 .text.HAL_PWREx_EnableVddIO2
                0x080043e0       0x20 ./Drivers/STM32L4xx_HAL_Driver/Src/stm32l4xx_hal_pwr_ex.o
                0x080043e0                HAL_PWREx_EnableVddIO2
 .text.HAL_RCC_OscConfig
                0x08004400      0x834 ./Drivers/STM32L4xx_HAL_Driver/Src/stm32l4xx_hal_rcc.o
                0x08004400                HAL_RCC_OscConfig
 .text.HAL_RCC_ClockConfig
                0x08004c34      0x200 ./Drivers/STM32L4xx_HAL_Driver/Src/stm32l4xx_hal_rcc.o
                0x08004c34                HAL_RCC_ClockConfig
 .text.HAL_RCC_GetSysClockFreq
                0x08004e34      0x118 ./Drivers/STM32L4xx_HAL_Driver/Src/stm32l4xx_hal_rcc.o
                0x08004e34                HAL_RCC_GetSysClockFreq
 .text.HAL_RCC_GetHCLKFreq
                0x08004f4c       0x18 ./Drivers/STM32L4xx_HAL_Driver/Src/stm32l4xx_hal_rcc.o
                0x08004f4c                HAL_RCC_GetHCLKFreq
 .text.HAL_RCC_GetPCLK1Freq
                0x08004f64       0x2c ./Drivers/STM32L4xx_HAL_Driver/Src/stm32l4xx_hal_rcc.o
                0x08004f64                HAL_RCC_GetPCLK1Freq
 .text.HAL_RCC_GetPCLK2Freq
                0x08004f90       0x2c ./Drivers/STM32L4xx_HAL_Driver/Src/stm32l4xx_hal_rcc.o
                0x08004f90                HAL_RCC_GetPCLK2Freq
 .text.RCC_SetFlashLatencyFromMSIRange
                0x08004fbc       0xc0 ./Drivers/STM32L4xx_HAL_Driver/Src/stm32l4xx_hal_rcc.o
 .text.HAL_RCCEx_PeriphCLKConfig
                0x0800507c      0x5f8 ./Drivers/STM32L4xx_HAL_Driver/Src/stm32l4xx_hal_rcc_ex.o
                0x0800507c                HAL_RCCEx_PeriphCLKConfig
 .text.RCCEx_PLLSAI1_Config
                0x08005674      0x1e4 ./Drivers/STM32L4xx_HAL_Driver/Src/stm32l4xx_hal_rcc_ex.o
 .text.RCCEx_PLLSAI2_Config
                0x08005858      0x1b8 ./Drivers/STM32L4xx_HAL_Driver/Src/stm32l4xx_hal_rcc_ex.o
 .text.HAL_SPI_Init
                0x08005a10      0x146 ./Drivers/STM32L4xx_HAL_Driver/Src/stm32l4xx_hal_spi.o
                0x08005a10                HAL_SPI_Init
 .text.HAL_SPI_DeInit
                0x08005b56       0x50 ./Drivers/STM32L4xx_HAL_Driver/Src/stm32l4xx_hal_spi.o
                0x08005b56                HAL_SPI_DeInit
 .text.HAL_SPI_Transmit
                0x08005ba6      0x2ec ./Drivers/STM32L4xx_HAL_Driver/Src/stm32l4xx_hal_spi.o
                0x08005ba6                HAL_SPI_Transmit
 *fill*         0x08005e92        0x2 
 .text.HAL_SPI_Transmit_DMA
                0x08005e94      0x1dc ./Drivers/STM32L4xx_HAL_Driver/Src/stm32l4xx_hal_spi.o
                0x08005e94                HAL_SPI_Transmit_DMA
 .text.HAL_SPI_TxHalfCpltCallback
                0x08006070       0x14 ./Drivers/STM32L4xx_HAL_Driver/Src/stm32l4xx_hal_spi.o
                0x08006070                HAL_SPI_TxHalfCpltCallback
 .text.SPI_DMATransmitCplt
                0x08006084       0xa6 ./Drivers/STM32L4xx_HAL_Driver/Src/stm32l4xx_hal_spi.o
 .text.SPI_DMAHalfTransmitCplt
                0x0800612a       0x1c ./Drivers/STM32L4xx_HAL_Driver/Src/stm32l4xx_hal_spi.o
 .text.SPI_DMAError
                0x08006146       0x40 ./Drivers/STM32L4xx_HAL_Driver/Src/stm32l4xx_hal_spi.o
 *fill*         0x08006186        0x2 
 .text.SPI_WaitFlagStateUntilTimeout
                0x08006188      0x110 ./Drivers/STM32L4xx_HAL_Driver/Src/stm32l4xx_hal_spi.o
 .text.SPI_WaitFifoStateUntilTimeout
                0x08006298      0x12c ./Drivers/STM32L4xx_HAL_Driver/Src/stm32l4xx_hal_spi.o
 .text.SPI_EndRxTxTransaction
                0x080063c4       0x8c ./Drivers/STM32L4xx_HAL_Driver/Src/stm32l4xx_hal_spi.o
 .text.HAL_TIM_PWM_Init
                0x08006450       0xae ./Drivers/STM32L4xx_HAL_Driver/Src/stm32l4xx_hal_tim.o
                0x08006450                HAL_TIM_PWM_Init
 *fill*         0x080064fe        0x2 
 .text.HAL_TIM_PWM_Start
                0x08006500      0x20c ./Drivers/STM32L4xx_HAL_Driver/Src/stm32l4xx_hal_tim.o
                0x08006500                HAL_TIM_PWM_Start
 .text.HAL_TIM_PWM_ConfigChannel
                0x0800670c      0x228 ./Drivers/STM32L4xx_HAL_Driver/Src/stm32l4xx_hal_tim.o
                0x0800670c                HAL_TIM_PWM_ConfigChannel
 .text.TIM_Base_SetConfig
                0x08006934      0x14c ./Drivers/STM32L4xx_HAL_Driver/Src/stm32l4xx_hal_tim.o
                0x08006934                TIM_Base_SetConfig
 .text.TIM_OC1_SetConfig
                0x08006a80      0x120 ./Drivers/STM32L4xx_HAL_Driver/Src/stm32l4xx_hal_tim.o
 .text.TIM_OC2_SetConfig
                0x08006ba0      0x114 ./Drivers/STM32L4xx_HAL_Driver/Src/stm32l4xx_hal_tim.o
                0x08006ba0                TIM_OC2_SetConfig
 .text.TIM_OC3_SetConfig
                0x08006cb4      0x110 ./Drivers/STM32L4xx_HAL_Driver/Src/stm32l4xx_hal_tim.o
 .text.TIM_OC4_SetConfig
                0x08006dc4       0xd4 ./Drivers/STM32L4xx_HAL_Driver/Src/stm32l4xx_hal_tim.o
 .text.TIM_OC5_SetConfig
                0x08006e98       0xc8 ./Drivers/STM32L4xx_HAL_Driver/Src/stm32l4xx_hal_tim.o
 .text.TIM_OC6_SetConfig
                0x08006f60       0xcc ./Drivers/STM32L4xx_HAL_Driver/Src/stm32l4xx_hal_tim.o
 .text.TIM_CCxChannelCmd
                0x0800702c       0x4a ./Drivers/STM32L4xx_HAL_Driver/Src/stm32l4xx_hal_tim.o
                0x0800702c                TIM_CCxChannelCmd
 *fill*         0x08007076        0x2 
 .text.HAL_TIMEx_MasterConfigSynchronization
                0x08007078      0x110 ./Drivers/STM32L4xx_HAL_Driver/Src/stm32l4xx_hal_tim_ex.o
                0x08007078                HAL_TIMEx_MasterConfigSynchronization
 .text.HAL_TIMEx_ConfigBreakDeadTime
                0x08007188       0xfc ./Drivers/STM32L4xx_HAL_Driver/Src/stm32l4xx_hal_tim_ex.o
                0x08007188                HAL_TIMEx_ConfigBreakDeadTime
 .text.HAL_UART_Init
                0x08007284       0x9c ./Drivers/STM32L4xx_HAL_Driver/Src/stm32l4xx_hal_uart.o
                0x08007284                HAL_UART_Init
 .text.HAL_UART_Receive_IT
                0x08007320       0x98 ./Drivers/STM32L4xx_HAL_Driver/Src/stm32l4xx_hal_uart.o
                0x08007320                HAL_UART_Receive_IT
 .text.HAL_UART_IRQHandler
                0x080073b8      0x60c ./Drivers/STM32L4xx_HAL_Driver/Src/stm32l4xx_hal_uart.o
                0x080073b8                HAL_UART_IRQHandler
 .text.HAL_UART_TxCpltCallback
                0x080079c4       0x14 ./Drivers/STM32L4xx_HAL_Driver/Src/stm32l4xx_hal_uart.o
                0x080079c4                HAL_UART_TxCpltCallback
 .text.HAL_UART_ErrorCallback
                0x080079d8       0x14 ./Drivers/STM32L4xx_HAL_Driver/Src/stm32l4xx_hal_uart.o
                0x080079d8                HAL_UART_ErrorCallback
 .text.HAL_UARTEx_RxEventCallback
                0x080079ec       0x18 ./Drivers/STM32L4xx_HAL_Driver/Src/stm32l4xx_hal_uart.o
                0x080079ec                HAL_UARTEx_RxEventCallback
 .text.UART_SetConfig
                0x08007a04      0x570 ./Drivers/STM32L4xx_HAL_Driver/Src/stm32l4xx_hal_uart.o
                0x08007a04                UART_SetConfig
 .text.UART_AdvFeatureConfig
                0x08007f74      0x144 ./Drivers/STM32L4xx_HAL_Driver/Src/stm32l4xx_hal_uart.o
                0x08007f74                UART_AdvFeatureConfig
 .text.UART_CheckIdleState
                0x080080b8      0x150 ./Drivers/STM32L4xx_HAL_Driver/Src/stm32l4xx_hal_uart.o
                0x080080b8                UART_CheckIdleState
 .text.UART_WaitOnFlagUntilTimeout
                0x08008208       0xda ./Drivers/STM32L4xx_HAL_Driver/Src/stm32l4xx_hal_uart.o
                0x08008208                UART_WaitOnFlagUntilTimeout
 *fill*         0x080082e2        0x2 
 .text.UART_Start_Receive_IT
                0x080082e4      0x18c ./Drivers/STM32L4xx_HAL_Driver/Src/stm32l4xx_hal_uart.o
                0x080082e4                UART_Start_Receive_IT
 .text.UART_EndRxTransfer
                0x08008470       0xc8 ./Drivers/STM32L4xx_HAL_Driver/Src/stm32l4xx_hal_uart.o
 .text.UART_DMAAbortOnError
                0x08008538       0x2c ./Drivers/STM32L4xx_HAL_Driver/Src/stm32l4xx_hal_uart.o
 .text.UART_EndTransmit_IT
                0x08008564       0x54 ./Drivers/STM32L4xx_HAL_Driver/Src/stm32l4xx_hal_uart.o
 .text.UART_RxISR_8BIT
                0x080085b8      0x1bc ./Drivers/STM32L4xx_HAL_Driver/Src/stm32l4xx_hal_uart.o
 .text.UART_RxISR_16BIT
                0x08008774      0x1bc ./Drivers/STM32L4xx_HAL_Driver/Src/stm32l4xx_hal_uart.o
 .text.HAL_UARTEx_WakeupCallback
                0x08008930       0x14 ./Drivers/STM32L4xx_HAL_Driver/Src/stm32l4xx_hal_uart_ex.o
                0x08008930                HAL_UARTEx_WakeupCallback
 .text.malloc   0x08008944       0x10 E:/ST/STM32CubeIDE_1.18.1/STM32CubeIDE/plugins/com.st.stm32cube.ide.mcu.externaltools.gnu-tools-for-stm32.13.3.rel1.win32_1.0.0.202411081344/tools/bin/../lib/gcc/arm-none-eabi/13.3.1/../../../../arm-none-eabi/lib/thumb/v7e-m+fp/hard\libc_nano.a(libc_a-malloc.o)
                0x08008944                malloc
 .text.free     0x08008954       0x10 E:/ST/STM32CubeIDE_1.18.1/STM32CubeIDE/plugins/com.st.stm32cube.ide.mcu.externaltools.gnu-tools-for-stm32.13.3.rel1.win32_1.0.0.202411081344/tools/bin/../lib/gcc/arm-none-eabi/13.3.1/../../../../arm-none-eabi/lib/thumb/v7e-m+fp/hard\libc_nano.a(libc_a-malloc.o)
                0x08008954                free
 .text.sbrk_aligned
                0x08008964       0x44 E:/ST/STM32CubeIDE_1.18.1/STM32CubeIDE/plugins/com.st.stm32cube.ide.mcu.externaltools.gnu-tools-for-stm32.13.3.rel1.win32_1.0.0.202411081344/tools/bin/../lib/gcc/arm-none-eabi/13.3.1/../../../../arm-none-eabi/lib/thumb/v7e-m+fp/hard\libc_nano.a(libc_a-mallocr.o)
 .text._malloc_r
                0x080089a8      0x100 E:/ST/STM32CubeIDE_1.18.1/STM32CubeIDE/plugins/com.st.stm32cube.ide.mcu.externaltools.gnu-tools-for-stm32.13.3.rel1.win32_1.0.0.202411081344/tools/bin/../lib/gcc/arm-none-eabi/13.3.1/../../../../arm-none-eabi/lib/thumb/v7e-m+fp/hard\libc_nano.a(libc_a-mallocr.o)
                0x080089a8                _malloc_r
 .text.__malloc_lock
                0x08008aa8        0xc E:/ST/STM32CubeIDE_1.18.1/STM32CubeIDE/plugins/com.st.stm32cube.ide.mcu.externaltools.gnu-tools-for-stm32.13.3.rel1.win32_1.0.0.202411081344/tools/bin/../lib/gcc/arm-none-eabi/13.3.1/../../../../arm-none-eabi/lib/thumb/v7e-m+fp/hard\libc_nano.a(libc_a-mlock.o)
                0x08008aa8                __malloc_lock
 .text.__malloc_unlock
                0x08008ab4        0xc E:/ST/STM32CubeIDE_1.18.1/STM32CubeIDE/plugins/com.st.stm32cube.ide.mcu.externaltools.gnu-tools-for-stm32.13.3.rel1.win32_1.0.0.202411081344/tools/bin/../lib/gcc/arm-none-eabi/13.3.1/../../../../arm-none-eabi/lib/thumb/v7e-m+fp/hard\libc_nano.a(libc_a-mlock.o)
                0x08008ab4                __malloc_unlock
 .text.memset   0x08008ac0       0x10 E:/ST/STM32CubeIDE_1.18.1/STM32CubeIDE/plugins/com.st.stm32cube.ide.mcu.externaltools.gnu-tools-for-stm32.13.3.rel1.win32_1.0.0.202411081344/tools/bin/../lib/gcc/arm-none-eabi/13.3.1/../../../../arm-none-eabi/lib/thumb/v7e-m+fp/hard\libc_nano.a(libc_a-memset.o)
                0x08008ac0                memset
 .text._sbrk_r  0x08008ad0       0x20 E:/ST/STM32CubeIDE_1.18.1/STM32CubeIDE/plugins/com.st.stm32cube.ide.mcu.externaltools.gnu-tools-for-stm32.13.3.rel1.win32_1.0.0.202411081344/tools/bin/../lib/gcc/arm-none-eabi/13.3.1/../../../../arm-none-eabi/lib/thumb/v7e-m+fp/hard\libc_nano.a(libc_a-sbrkr.o)
                0x08008ad0                _sbrk_r
 .text.__errno  0x08008af0        0xc E:/ST/STM32CubeIDE_1.18.1/STM32CubeIDE/plugins/com.st.stm32cube.ide.mcu.externaltools.gnu-tools-for-stm32.13.3.rel1.win32_1.0.0.202411081344/tools/bin/../lib/gcc/arm-none-eabi/13.3.1/../../../../arm-none-eabi/lib/thumb/v7e-m+fp/hard\libc_nano.a(libc_a-errno.o)
                0x08008af0                __errno
 .text.__libc_init_array
                0x08008afc       0x48 E:/ST/STM32CubeIDE_1.18.1/STM32CubeIDE/plugins/com.st.stm32cube.ide.mcu.externaltools.gnu-tools-for-stm32.13.3.rel1.win32_1.0.0.202411081344/tools/bin/../lib/gcc/arm-none-eabi/13.3.1/../../../../arm-none-eabi/lib/thumb/v7e-m+fp/hard\libc_nano.a(libc_a-init.o)
                0x08008afc                __libc_init_array
 .text.__retarget_lock_acquire_recursive
                0x08008b44        0x2 E:/ST/STM32CubeIDE_1.18.1/STM32CubeIDE/plugins/com.st.stm32cube.ide.mcu.externaltools.gnu-tools-for-stm32.13.3.rel1.win32_1.0.0.202411081344/tools/bin/../lib/gcc/arm-none-eabi/13.3.1/../../../../arm-none-eabi/lib/thumb/v7e-m+fp/hard\libc_nano.a(libc_a-lock.o)
                0x08008b44                __retarget_lock_acquire_recursive
 .text.__retarget_lock_release_recursive
                0x08008b46        0x2 E:/ST/STM32CubeIDE_1.18.1/STM32CubeIDE/plugins/com.st.stm32cube.ide.mcu.externaltools.gnu-tools-for-stm32.13.3.rel1.win32_1.0.0.202411081344/tools/bin/../lib/gcc/arm-none-eabi/13.3.1/../../../../arm-none-eabi/lib/thumb/v7e-m+fp/hard\libc_nano.a(libc_a-lock.o)
                0x08008b46                __retarget_lock_release_recursive
 .text._free_r  0x08008b48       0x94 E:/ST/STM32CubeIDE_1.18.1/STM32CubeIDE/plugins/com.st.stm32cube.ide.mcu.externaltools.gnu-tools-for-stm32.13.3.rel1.win32_1.0.0.202411081344/tools/bin/../lib/gcc/arm-none-eabi/13.3.1/../../../../arm-none-eabi/lib/thumb/v7e-m+fp/hard\libc_nano.a(libc_a-freer.o)
                0x08008b48                _free_r
 *(.glue_7)
 .glue_7        0x08008bdc        0x0 linker stubs
 *(.glue_7t)
 .glue_7t       0x08008bdc        0x0 linker stubs
 *(.eh_frame)
 .eh_frame      0x08008bdc        0x0 E:/ST/STM32CubeIDE_1.18.1/STM32CubeIDE/plugins/com.st.stm32cube.ide.mcu.externaltools.gnu-tools-for-stm32.13.3.rel1.win32_1.0.0.202411081344/tools/bin/../lib/gcc/arm-none-eabi/13.3.1/thumb/v7e-m+fp/hard/crtbegin.o
 *(.init)
 .init          0x08008bdc        0x4 E:/ST/STM32CubeIDE_1.18.1/STM32CubeIDE/plugins/com.st.stm32cube.ide.mcu.externaltools.gnu-tools-for-stm32.13.3.rel1.win32_1.0.0.202411081344/tools/bin/../lib/gcc/arm-none-eabi/13.3.1/thumb/v7e-m+fp/hard/crti.o
                0x08008bdc                _init
 .init          0x08008be0        0x8 E:/ST/STM32CubeIDE_1.18.1/STM32CubeIDE/plugins/com.st.stm32cube.ide.mcu.externaltools.gnu-tools-for-stm32.13.3.rel1.win32_1.0.0.202411081344/tools/bin/../lib/gcc/arm-none-eabi/13.3.1/thumb/v7e-m+fp/hard/crtn.o
 *(.fini)
 .fini          0x08008be8        0x4 E:/ST/STM32CubeIDE_1.18.1/STM32CubeIDE/plugins/com.st.stm32cube.ide.mcu.externaltools.gnu-tools-for-stm32.13.3.rel1.win32_1.0.0.202411081344/tools/bin/../lib/gcc/arm-none-eabi/13.3.1/thumb/v7e-m+fp/hard/crti.o
                0x08008be8                _fini
 .fini          0x08008bec        0x8 E:/ST/STM32CubeIDE_1.18.1/STM32CubeIDE/plugins/com.st.stm32cube.ide.mcu.externaltools.gnu-tools-for-stm32.13.3.rel1.win32_1.0.0.202411081344/tools/bin/../lib/gcc/arm-none-eabi/13.3.1/thumb/v7e-m+fp/hard/crtn.o
                0x08008bf4                        . = ALIGN (0x4)
                0x08008bf4                        _etext = .

.vfp11_veneer   0x08008bf4        0x0
 .vfp11_veneer  0x08008bf4        0x0 linker stubs

.v4_bx          0x08008bf4        0x0
 .v4_bx         0x08008bf4        0x0 linker stubs

.iplt           0x08008bf4        0x0
 .iplt          0x08008bf4        0x0 E:/ST/STM32CubeIDE_1.18.1/STM32CubeIDE/plugins/com.st.stm32cube.ide.mcu.externaltools.gnu-tools-for-stm32.13.3.rel1.win32_1.0.0.202411081344/tools/bin/../lib/gcc/arm-none-eabi/13.3.1/thumb/v7e-m+fp/hard/crtbegin.o

.rodata         0x08008bf4      0xe84
                0x08008bf4                        . = ALIGN (0x4)
 *(.rodata)
 .rodata        0x08008bf4       0x69 ./Core/Src/main.o
 *(.rodata*)
 *fill*         0x08008c5d        0x3 
 .rodata.init_cmds1
                0x08008c60       0x38 ./Core/Src/ST7735.o
                0x08008c60                init_cmds1
 .rodata.init_cmds2
                0x08008c98        0xd ./Core/Src/ST7735.o
                0x08008c98                init_cmds2
 *fill*         0x08008ca5        0x3 
 .rodata.init_cmds3
                0x08008ca8       0x2b ./Core/Src/ST7735.o
                0x08008ca8                init_cmds3
 *fill*         0x08008cd3        0x1 
 .rodata.Font11x18
                0x08008cd4      0xd5c ./Core/Src/fonts.o
 .rodata.AHBPrescTable
                0x08009a30       0x10 ./Core/Src/system_stm32l4xx.o
                0x08009a30                AHBPrescTable
 .rodata.APBPrescTable
                0x08009a40        0x8 ./Core/Src/system_stm32l4xx.o
                0x08009a40                APBPrescTable
 .rodata.MSIRangeTable
                0x08009a48       0x30 ./Core/Src/system_stm32l4xx.o
                0x08009a48                MSIRangeTable
                0x08009a78                        . = ALIGN (0x4)

.ARM.extab      0x08009a78        0x0
                0x08009a78                        . = ALIGN (0x4)
 *(.ARM.extab* .gnu.linkonce.armextab.*)
                0x08009a78                        . = ALIGN (0x4)

.ARM            0x08009a78        0x8
                0x08009a78                        . = ALIGN (0x4)
                0x08009a78                        __exidx_start = .
 *(.ARM.exidx*)
 .ARM.exidx     0x08009a78        0x8 E:/ST/STM32CubeIDE_1.18.1/STM32CubeIDE/plugins/com.st.stm32cube.ide.mcu.externaltools.gnu-tools-for-stm32.13.3.rel1.win32_1.0.0.202411081344/tools/bin/../lib/gcc/arm-none-eabi/13.3.1/thumb/v7e-m+fp/hard\libgcc.a(_udivmoddi4.o)
                0x08009a80                        __exidx_end = .
                0x08009a80                        . = ALIGN (0x4)

.preinit_array  0x08009a80        0x0
                0x08009a80                        . = ALIGN (0x4)
                0x08009a80                        PROVIDE (__preinit_array_start = .)
 *(.preinit_array*)
                0x08009a80                        PROVIDE (__preinit_array_end = .)
                0x08009a80                        . = ALIGN (0x4)

.init_array     0x08009a80        0x4
                0x08009a80                        . = ALIGN (0x4)
                0x08009a80                        PROVIDE (__init_array_start = .)
 *(SORT_BY_NAME(.init_array.*))
 *(.init_array*)
 .init_array    0x08009a80        0x4 E:/ST/STM32CubeIDE_1.18.1/STM32CubeIDE/plugins/com.st.stm32cube.ide.mcu.externaltools.gnu-tools-for-stm32.13.3.rel1.win32_1.0.0.202411081344/tools/bin/../lib/gcc/arm-none-eabi/13.3.1/thumb/v7e-m+fp/hard/crtbegin.o
                0x08009a84                        PROVIDE (__init_array_end = .)
                0x08009a84                        . = ALIGN (0x4)

.fini_array     0x08009a84        0x4
                0x08009a84                        . = ALIGN (0x4)
                [!provide]                        PROVIDE (__fini_array_start = .)
 *(SORT_BY_NAME(.fini_array.*))
 *(.fini_array*)
 .fini_array    0x08009a84        0x4 E:/ST/STM32CubeIDE_1.18.1/STM32CubeIDE/plugins/com.st.stm32cube.ide.mcu.externaltools.gnu-tools-for-stm32.13.3.rel1.win32_1.0.0.202411081344/tools/bin/../lib/gcc/arm-none-eabi/13.3.1/thumb/v7e-m+fp/hard/crtbegin.o
                [!provide]                        PROVIDE (__fini_array_end = .)
                0x08009a88                        . = ALIGN (0x4)
                0x08009a88                        _sidata = LOADADDR (.data)

.rel.dyn        0x08009a88        0x0
 .rel.iplt      0x08009a88        0x0 E:/ST/STM32CubeIDE_1.18.1/STM32CubeIDE/plugins/com.st.stm32cube.ide.mcu.externaltools.gnu-tools-for-stm32.13.3.rel1.win32_1.0.0.202411081344/tools/bin/../lib/gcc/arm-none-eabi/13.3.1/thumb/v7e-m+fp/hard/crtbegin.o

.data           0x20000000       0x8c load address 0x08009a88
                0x20000000                        . = ALIGN (0x4)
                0x20000000                        _sdata = .
 *(.data)
 *(.data*)
 .data.spi_ready
                0x20000000        0x1 ./Core/Src/ST7735.o
                0x20000000                spi_ready
 *fill*         0x20000001        0x3 
 .data.Font_11x18
                0x20000004        0x8 ./Core/Src/fonts.o
                0x20000004                Font_11x18
 .data.brightness
                0x2000000c        0x1 ./Core/Src/main.o
                0x2000000c                brightness
 *fill*         0x2000000d        0x3 
 .data.menu     0x20000010       0x20 ./Core/Src/main.o
                0x20000010                menu
 .data.SystemCoreClock
                0x20000030        0x4 ./Core/Src/system_stm32l4xx.o
                0x20000030                SystemCoreClock
 .data.uwTickPrio
                0x20000034        0x4 ./Drivers/STM32L4xx_HAL_Driver/Src/stm32l4xx_hal.o
                0x20000034                uwTickPrio
 .data.uwTickFreq
                0x20000038        0x1 ./Drivers/STM32L4xx_HAL_Driver/Src/stm32l4xx_hal.o
                0x20000038                uwTickFreq
 *fill*         0x20000039        0x3 
 .data._impure_ptr
                0x2000003c        0x4 E:/ST/STM32CubeIDE_1.18.1/STM32CubeIDE/plugins/com.st.stm32cube.ide.mcu.externaltools.gnu-tools-for-stm32.13.3.rel1.win32_1.0.0.202411081344/tools/bin/../lib/gcc/arm-none-eabi/13.3.1/../../../../arm-none-eabi/lib/thumb/v7e-m+fp/hard\libc_nano.a(libc_a-impure.o)
                0x2000003c                _impure_ptr
 .data._impure_data
                0x20000040       0x4c E:/ST/STM32CubeIDE_1.18.1/STM32CubeIDE/plugins/com.st.stm32cube.ide.mcu.externaltools.gnu-tools-for-stm32.13.3.rel1.win32_1.0.0.202411081344/tools/bin/../lib/gcc/arm-none-eabi/13.3.1/../../../../arm-none-eabi/lib/thumb/v7e-m+fp/hard\libc_nano.a(libc_a-impure.o)
                0x20000040                _impure_data
 *(.RamFunc)
 *(.RamFunc*)
                0x2000008c                        . = ALIGN (0x4)
                0x2000008c                        _edata = .

.igot.plt       0x2000008c        0x0 load address 0x08009b14
 .igot.plt      0x2000008c        0x0 E:/ST/STM32CubeIDE_1.18.1/STM32CubeIDE/plugins/com.st.stm32cube.ide.mcu.externaltools.gnu-tools-for-stm32.13.3.rel1.win32_1.0.0.202411081344/tools/bin/../lib/gcc/arm-none-eabi/13.3.1/thumb/v7e-m+fp/hard/crtbegin.o
                0x2000008c                        . = ALIGN (0x4)

.bss            0x2000008c      0x350 load address 0x08009b14
                0x2000008c                        _sbss = .
                0x2000008c                        __bss_start__ = _sbss
 *(.bss)
 .bss           0x2000008c       0x1c E:/ST/STM32CubeIDE_1.18.1/STM32CubeIDE/plugins/com.st.stm32cube.ide.mcu.externaltools.gnu-tools-for-stm32.13.3.rel1.win32_1.0.0.202411081344/tools/bin/../lib/gcc/arm-none-eabi/13.3.1/thumb/v7e-m+fp/hard/crtbegin.o
 *(.bss*)
 .bss._width    0x200000a8        0x2 ./Core/Src/ST7735.o
                0x200000a8                _width
 .bss._height   0x200000aa        0x2 ./Core/Src/ST7735.o
                0x200000aa                _height
 .bss.rotation  0x200000ac        0x1 ./Core/Src/ST7735.o
                0x200000ac                rotation
 .bss._colstart
                0x200000ad        0x1 ./Core/Src/ST7735.o
                0x200000ad                _colstart
 .bss._rowstart
                0x200000ae        0x1 ./Core/Src/ST7735.o
                0x200000ae                _rowstart
 .bss._xstart   0x200000af        0x1 ./Core/Src/ST7735.o
                0x200000af                _xstart
 .bss._ystart   0x200000b0        0x1 ./Core/Src/ST7735.o
                0x200000b0                _ystart
 .bss.dma_active
                0x200000b1        0x1 ./Core/Src/ST7735.o
                0x200000b1                dma_active
 *fill*         0x200000b2        0x2 
 .bss.dma_buffer
                0x200000b4        0x4 ./Core/Src/ST7735.o
                0x200000b4                dma_buffer
 .bss.dma_buffer_size
                0x200000b8        0x4 ./Core/Src/ST7735.o
                0x200000b8                dma_buffer_size
 .bss.hlpuart1  0x200000bc       0x88 ./Core/Src/main.o
                0x200000bc                hlpuart1
 .bss.hspi1     0x20000144       0x64 ./Core/Src/main.o
                0x20000144                hspi1
 .bss.hdma_spi1_rx
                0x200001a8       0x48 ./Core/Src/main.o
                0x200001a8                hdma_spi1_rx
 .bss.hdma_spi1_tx
                0x200001f0       0x48 ./Core/Src/main.o
                0x200001f0                hdma_spi1_tx
 .bss.htim1     0x20000238       0x4c ./Core/Src/main.o
                0x20000238                htim1
 .bss.rx_ready  0x20000284        0x1 ./Core/Src/main.o
                0x20000284                rx_ready
 .bss.last_char
                0x20000285        0x1 ./Core/Src/main.o
                0x20000285                last_char
 .bss.rx_char   0x20000286        0x1 ./Core/Src/main.o
                0x20000286                rx_char
 *fill*         0x20000287        0x1 
 .bss.selected  0x20000288        0x4 ./Core/Src/main.o
                0x20000288                selected
 .bss.__sbrk_heap_end
                0x2000028c        0x4 ./Core/Src/sysmem.o
 .bss.uwTick    0x20000290        0x4 ./Drivers/STM32L4xx_HAL_Driver/Src/stm32l4xx_hal.o
                0x20000290                uwTick
 .bss.__malloc_sbrk_start
                0x20000294        0x4 E:/ST/STM32CubeIDE_1.18.1/STM32CubeIDE/plugins/com.st.stm32cube.ide.mcu.externaltools.gnu-tools-for-stm32.13.3.rel1.win32_1.0.0.202411081344/tools/bin/../lib/gcc/arm-none-eabi/13.3.1/../../../../arm-none-eabi/lib/thumb/v7e-m+fp/hard\libc_nano.a(libc_a-mallocr.o)
                0x20000294                __malloc_sbrk_start
 .bss.__malloc_free_list
                0x20000298        0x4 E:/ST/STM32CubeIDE_1.18.1/STM32CubeIDE/plugins/com.st.stm32cube.ide.mcu.externaltools.gnu-tools-for-stm32.13.3.rel1.win32_1.0.0.202411081344/tools/bin/../lib/gcc/arm-none-eabi/13.3.1/../../../../arm-none-eabi/lib/thumb/v7e-m+fp/hard\libc_nano.a(libc_a-mallocr.o)
                0x20000298                __malloc_free_list
 .bss.__sf      0x2000029c      0x138 E:/ST/STM32CubeIDE_1.18.1/STM32CubeIDE/plugins/com.st.stm32cube.ide.mcu.externaltools.gnu-tools-for-stm32.13.3.rel1.win32_1.0.0.202411081344/tools/bin/../lib/gcc/arm-none-eabi/13.3.1/../../../../arm-none-eabi/lib/thumb/v7e-m+fp/hard\libc_nano.a(libc_a-findfp.o)
                0x2000029c                __sf
 .bss.errno     0x200003d4        0x4 E:/ST/STM32CubeIDE_1.18.1/STM32CubeIDE/plugins/com.st.stm32cube.ide.mcu.externaltools.gnu-tools-for-stm32.13.3.rel1.win32_1.0.0.202411081344/tools/bin/../lib/gcc/arm-none-eabi/13.3.1/../../../../arm-none-eabi/lib/thumb/v7e-m+fp/hard\libc_nano.a(libc_a-reent.o)
                0x200003d4                errno
 .bss.__lock___malloc_recursive_mutex
                0x200003d8        0x1 E:/ST/STM32CubeIDE_1.18.1/STM32CubeIDE/plugins/com.st.stm32cube.ide.mcu.externaltools.gnu-tools-for-stm32.13.3.rel1.win32_1.0.0.202411081344/tools/bin/../lib/gcc/arm-none-eabi/13.3.1/../../../../arm-none-eabi/lib/thumb/v7e-m+fp/hard\libc_nano.a(libc_a-lock.o)
                0x200003d8                __lock___malloc_recursive_mutex
 *(COMMON)
                0x200003dc                        . = ALIGN (0x4)
 *fill*         0x200003d9        0x3 
                0x200003dc                        _ebss = .
                0x200003dc                        __bss_end__ = _ebss

._user_heap_stack
                0x200003dc      0x604 load address 0x08009b14
                0x200003e0                        . = ALIGN (0x8)
 *fill*         0x200003dc        0x4 
                [!provide]                        PROVIDE (end = .)
                0x200003e0                        PROVIDE (_end = .)
                0x200005e0                        . = (. + _Min_Heap_Size)
 *fill*         0x200003e0      0x200 
                0x200009e0                        . = (. + _Min_Stack_Size)
 *fill*         0x200005e0      0x400 
                0x200009e0                        . = ALIGN (0x8)

/DISCARD/
 libc.a(*)
 libm.a(*)
 libgcc.a(*)

.ARM.attributes
                0x00000000       0x30
 *(.ARM.attributes)
 .ARM.attributes
                0x00000000       0x22 E:/ST/STM32CubeIDE_1.18.1/STM32CubeIDE/plugins/com.st.stm32cube.ide.mcu.externaltools.gnu-tools-for-stm32.13.3.rel1.win32_1.0.0.202411081344/tools/bin/../lib/gcc/arm-none-eabi/13.3.1/thumb/v7e-m+fp/hard/crti.o
 .ARM.attributes
                0x00000022       0x34 E:/ST/STM32CubeIDE_1.18.1/STM32CubeIDE/plugins/com.st.stm32cube.ide.mcu.externaltools.gnu-tools-for-stm32.13.3.rel1.win32_1.0.0.202411081344/tools/bin/../lib/gcc/arm-none-eabi/13.3.1/thumb/v7e-m+fp/hard/crtbegin.o
 .ARM.attributes
                0x00000056       0x34 ./Core/Src/GFX_FUNCTIONS.o
 .ARM.attributes
                0x0000008a       0x34 ./Core/Src/ST7735.o
 .ARM.attributes
                0x000000be       0x34 ./Core/Src/fonts.o
 .ARM.attributes
                0x000000f2       0x34 ./Core/Src/main.o
 .ARM.attributes
                0x00000126       0x34 ./Core/Src/stm32l4xx_hal_msp.o
 .ARM.attributes
                0x0000015a       0x34 ./Core/Src/stm32l4xx_it.o
 .ARM.attributes
                0x0000018e       0x34 ./Core/Src/sysmem.o
 .ARM.attributes
                0x000001c2       0x34 ./Core/Src/system_stm32l4xx.o
 .ARM.attributes
                0x000001f6       0x21 ./Core/Startup/startup_stm32l4a6zgtx.o
 .ARM.attributes
                0x00000217       0x34 ./Drivers/STM32L4xx_HAL_Driver/Src/stm32l4xx_hal.o
 .ARM.attributes
                0x0000024b       0x34 ./Drivers/STM32L4xx_HAL_Driver/Src/stm32l4xx_hal_cortex.o
 .ARM.attributes
                0x0000027f       0x34 ./Drivers/STM32L4xx_HAL_Driver/Src/stm32l4xx_hal_dma.o
 .ARM.attributes
                0x000002b3       0x34 ./Drivers/STM32L4xx_HAL_Driver/Src/stm32l4xx_hal_gpio.o
 .ARM.attributes
                0x000002e7       0x34 ./Drivers/STM32L4xx_HAL_Driver/Src/stm32l4xx_hal_pwr_ex.o
 .ARM.attributes
                0x0000031b       0x34 ./Drivers/STM32L4xx_HAL_Driver/Src/stm32l4xx_hal_rcc.o
 .ARM.attributes
                0x0000034f       0x34 ./Drivers/STM32L4xx_HAL_Driver/Src/stm32l4xx_hal_rcc_ex.o
 .ARM.attributes
                0x00000383       0x34 ./Drivers/STM32L4xx_HAL_Driver/Src/stm32l4xx_hal_spi.o
 .ARM.attributes
                0x000003b7       0x34 ./Drivers/STM32L4xx_HAL_Driver/Src/stm32l4xx_hal_tim.o
 .ARM.attributes
                0x000003eb       0x34 ./Drivers/STM32L4xx_HAL_Driver/Src/stm32l4xx_hal_tim_ex.o
 .ARM.attributes
                0x0000041f       0x34 ./Drivers/STM32L4xx_HAL_Driver/Src/stm32l4xx_hal_uart.o
 .ARM.attributes
                0x00000453       0x34 ./Drivers/STM32L4xx_HAL_Driver/Src/stm32l4xx_hal_uart_ex.o
 .ARM.attributes
                0x00000487       0x34 E:/ST/STM32CubeIDE_1.18.1/STM32CubeIDE/plugins/com.st.stm32cube.ide.mcu.externaltools.gnu-tools-for-stm32.13.3.rel1.win32_1.0.0.202411081344/tools/bin/../lib/gcc/arm-none-eabi/13.3.1/../../../../arm-none-eabi/lib/thumb/v7e-m+fp/hard\libc_nano.a(libc_a-malloc.o)
 .ARM.attributes
                0x000004bb       0x34 E:/ST/STM32CubeIDE_1.18.1/STM32CubeIDE/plugins/com.st.stm32cube.ide.mcu.externaltools.gnu-tools-for-stm32.13.3.rel1.win32_1.0.0.202411081344/tools/bin/../lib/gcc/arm-none-eabi/13.3.1/../../../../arm-none-eabi/lib/thumb/v7e-m+fp/hard\libc_nano.a(libc_a-mallocr.o)
 .ARM.attributes
                0x000004ef       0x34 E:/ST/STM32CubeIDE_1.18.1/STM32CubeIDE/plugins/com.st.stm32cube.ide.mcu.externaltools.gnu-tools-for-stm32.13.3.rel1.win32_1.0.0.202411081344/tools/bin/../lib/gcc/arm-none-eabi/13.3.1/../../../../arm-none-eabi/lib/thumb/v7e-m+fp/hard\libc_nano.a(libc_a-mlock.o)
 .ARM.attributes
                0x00000523       0x34 E:/ST/STM32CubeIDE_1.18.1/STM32CubeIDE/plugins/com.st.stm32cube.ide.mcu.externaltools.gnu-tools-for-stm32.13.3.rel1.win32_1.0.0.202411081344/tools/bin/../lib/gcc/arm-none-eabi/13.3.1/../../../../arm-none-eabi/lib/thumb/v7e-m+fp/hard\libc_nano.a(libc_a-findfp.o)
 .ARM.attributes
                0x00000557       0x34 E:/ST/STM32CubeIDE_1.18.1/STM32CubeIDE/plugins/com.st.stm32cube.ide.mcu.externaltools.gnu-tools-for-stm32.13.3.rel1.win32_1.0.0.202411081344/tools/bin/../lib/gcc/arm-none-eabi/13.3.1/../../../../arm-none-eabi/lib/thumb/v7e-m+fp/hard\libc_nano.a(libc_a-memset.o)
 .ARM.attributes
                0x0000058b       0x34 E:/ST/STM32CubeIDE_1.18.1/STM32CubeIDE/plugins/com.st.stm32cube.ide.mcu.externaltools.gnu-tools-for-stm32.13.3.rel1.win32_1.0.0.202411081344/tools/bin/../lib/gcc/arm-none-eabi/13.3.1/../../../../arm-none-eabi/lib/thumb/v7e-m+fp/hard\libc_nano.a(libc_a-reent.o)
 .ARM.attributes
                0x000005bf       0x34 E:/ST/STM32CubeIDE_1.18.1/STM32CubeIDE/plugins/com.st.stm32cube.ide.mcu.externaltools.gnu-tools-for-stm32.13.3.rel1.win32_1.0.0.202411081344/tools/bin/../lib/gcc/arm-none-eabi/13.3.1/../../../../arm-none-eabi/lib/thumb/v7e-m+fp/hard\libc_nano.a(libc_a-impure.o)
 .ARM.attributes
                0x000005f3       0x34 E:/ST/STM32CubeIDE_1.18.1/STM32CubeIDE/plugins/com.st.stm32cube.ide.mcu.externaltools.gnu-tools-for-stm32.13.3.rel1.win32_1.0.0.202411081344/tools/bin/../lib/gcc/arm-none-eabi/13.3.1/../../../../arm-none-eabi/lib/thumb/v7e-m+fp/hard\libc_nano.a(libc_a-sbrkr.o)
 .ARM.attributes
                0x00000627       0x34 E:/ST/STM32CubeIDE_1.18.1/STM32CubeIDE/plugins/com.st.stm32cube.ide.mcu.externaltools.gnu-tools-for-stm32.13.3.rel1.win32_1.0.0.202411081344/tools/bin/../lib/gcc/arm-none-eabi/13.3.1/../../../../arm-none-eabi/lib/thumb/v7e-m+fp/hard\libc_nano.a(libc_a-errno.o)
 .ARM.attributes
                0x0000065b       0x34 E:/ST/STM32CubeIDE_1.18.1/STM32CubeIDE/plugins/com.st.stm32cube.ide.mcu.externaltools.gnu-tools-for-stm32.13.3.rel1.win32_1.0.0.202411081344/tools/bin/../lib/gcc/arm-none-eabi/13.3.1/../../../../arm-none-eabi/lib/thumb/v7e-m+fp/hard\libc_nano.a(libc_a-init.o)
 .ARM.attributes
                0x0000068f       0x34 E:/ST/STM32CubeIDE_1.18.1/STM32CubeIDE/plugins/com.st.stm32cube.ide.mcu.externaltools.gnu-tools-for-stm32.13.3.rel1.win32_1.0.0.202411081344/tools/bin/../lib/gcc/arm-none-eabi/13.3.1/../../../../arm-none-eabi/lib/thumb/v7e-m+fp/hard\libc_nano.a(libc_a-lock.o)
 .ARM.attributes
                0x000006c3       0x34 E:/ST/STM32CubeIDE_1.18.1/STM32CubeIDE/plugins/com.st.stm32cube.ide.mcu.externaltools.gnu-tools-for-stm32.13.3.rel1.win32_1.0.0.202411081344/tools/bin/../lib/gcc/arm-none-eabi/13.3.1/../../../../arm-none-eabi/lib/thumb/v7e-m+fp/hard\libc_nano.a(libc_a-freer.o)
 .ARM.attributes
                0x000006f7       0x22 E:/ST/STM32CubeIDE_1.18.1/STM32CubeIDE/plugins/com.st.stm32cube.ide.mcu.externaltools.gnu-tools-for-stm32.13.3.rel1.win32_1.0.0.202411081344/tools/bin/../lib/gcc/arm-none-eabi/13.3.1/thumb/v7e-m+fp/hard\libgcc.a(_aeabi_uldivmod.o)
 .ARM.attributes
                0x00000719       0x34 E:/ST/STM32CubeIDE_1.18.1/STM32CubeIDE/plugins/com.st.stm32cube.ide.mcu.externaltools.gnu-tools-for-stm32.13.3.rel1.win32_1.0.0.202411081344/tools/bin/../lib/gcc/arm-none-eabi/13.3.1/thumb/v7e-m+fp/hard\libgcc.a(_udivmoddi4.o)
 .ARM.attributes
                0x0000074d       0x22 E:/ST/STM32CubeIDE_1.18.1/STM32CubeIDE/plugins/com.st.stm32cube.ide.mcu.externaltools.gnu-tools-for-stm32.13.3.rel1.win32_1.0.0.202411081344/tools/bin/../lib/gcc/arm-none-eabi/13.3.1/thumb/v7e-m+fp/hard\libgcc.a(_dvmd_tls.o)
 .ARM.attributes
                0x0000076f       0x22 E:/ST/STM32CubeIDE_1.18.1/STM32CubeIDE/plugins/com.st.stm32cube.ide.mcu.externaltools.gnu-tools-for-stm32.13.3.rel1.win32_1.0.0.202411081344/tools/bin/../lib/gcc/arm-none-eabi/13.3.1/thumb/v7e-m+fp/hard/crtn.o
OUTPUT(Password_login.elf elf32-littlearm)
LOAD linker stubs
LOAD E:/ST/STM32CubeIDE_1.18.1/STM32CubeIDE/plugins/com.st.stm32cube.ide.mcu.externaltools.gnu-tools-for-stm32.13.3.rel1.win32_1.0.0.202411081344/tools/bin/../lib/gcc/arm-none-eabi/13.3.1/../../../../arm-none-eabi/lib/thumb/v7e-m+fp/hard\libc.a
LOAD E:/ST/STM32CubeIDE_1.18.1/STM32CubeIDE/plugins/com.st.stm32cube.ide.mcu.externaltools.gnu-tools-for-stm32.13.3.rel1.win32_1.0.0.202411081344/tools/bin/../lib/gcc/arm-none-eabi/13.3.1/../../../../arm-none-eabi/lib/thumb/v7e-m+fp/hard\libm.a
LOAD E:/ST/STM32CubeIDE_1.18.1/STM32CubeIDE/plugins/com.st.stm32cube.ide.mcu.externaltools.gnu-tools-for-stm32.13.3.rel1.win32_1.0.0.202411081344/tools/bin/../lib/gcc/arm-none-eabi/13.3.1/thumb/v7e-m+fp/hard\libgcc.a

.debug_info     0x00000000    0x14fcc
 .debug_info    0x00000000      0xe51 ./Core/Src/GFX_FUNCTIONS.o
 .debug_info    0x00000e51      0xe51 ./Core/Src/ST7735.o
 .debug_info    0x00001ca2      0x19a ./Core/Src/fonts.o
 .debug_info    0x00001e3c     0x1d2c ./Core/Src/main.o
 .debug_info    0x00003b68     0x1784 ./Core/Src/stm32l4xx_hal_msp.o
 .debug_info    0x000052ec      0x773 ./Core/Src/stm32l4xx_it.o
 .debug_info    0x00005a5f      0x168 ./Core/Src/sysmem.o
 .debug_info    0x00005bc7      0x5cd ./Core/Src/system_stm32l4xx.o
 .debug_info    0x00006194       0x30 ./Core/Startup/startup_stm32l4a6zgtx.o
 .debug_info    0x000061c4      0xb51 ./Drivers/STM32L4xx_HAL_Driver/Src/stm32l4xx_hal.o
 .debug_info    0x00006d15      0xdbd ./Drivers/STM32L4xx_HAL_Driver/Src/stm32l4xx_hal_cortex.o
 .debug_info    0x00007ad2      0x6f4 ./Drivers/STM32L4xx_HAL_Driver/Src/stm32l4xx_hal_dma.o
 .debug_info    0x000081c6      0x76f ./Drivers/STM32L4xx_HAL_Driver/Src/stm32l4xx_hal_gpio.o
 .debug_info    0x00008935      0x996 ./Drivers/STM32L4xx_HAL_Driver/Src/stm32l4xx_hal_pwr_ex.o
 .debug_info    0x000092cb      0xc3b ./Drivers/STM32L4xx_HAL_Driver/Src/stm32l4xx_hal_rcc.o
 .debug_info    0x00009f06     0x10c1 ./Drivers/STM32L4xx_HAL_Driver/Src/stm32l4xx_hal_rcc_ex.o
 .debug_info    0x0000afc7     0x1549 ./Drivers/STM32L4xx_HAL_Driver/Src/stm32l4xx_hal_spi.o
 .debug_info    0x0000c510     0x2a9a ./Drivers/STM32L4xx_HAL_Driver/Src/stm32l4xx_hal_tim.o
 .debug_info    0x0000efaa     0x169e ./Drivers/STM32L4xx_HAL_Driver/Src/stm32l4xx_hal_tim_ex.o
 .debug_info    0x00010648     0x3b85 ./Drivers/STM32L4xx_HAL_Driver/Src/stm32l4xx_hal_uart.o
 .debug_info    0x000141cd      0xdff ./Drivers/STM32L4xx_HAL_Driver/Src/stm32l4xx_hal_uart_ex.o

.debug_abbrev   0x00000000     0x2bf9
 .debug_abbrev  0x00000000      0x1b0 ./Core/Src/GFX_FUNCTIONS.o
 .debug_abbrev  0x000001b0      0x2d2 ./Core/Src/ST7735.o
 .debug_abbrev  0x00000482       0xb3 ./Core/Src/fonts.o
 .debug_abbrev  0x00000535      0x385 ./Core/Src/main.o
 .debug_abbrev  0x000008ba      0x274 ./Core/Src/stm32l4xx_hal_msp.o
 .debug_abbrev  0x00000b2e      0x174 ./Core/Src/stm32l4xx_it.o
 .debug_abbrev  0x00000ca2       0xbc ./Core/Src/sysmem.o
 .debug_abbrev  0x00000d5e      0x11a ./Core/Src/system_stm32l4xx.o
 .debug_abbrev  0x00000e78       0x24 ./Core/Startup/startup_stm32l4a6zgtx.o
 .debug_abbrev  0x00000e9c      0x242 ./Drivers/STM32L4xx_HAL_Driver/Src/stm32l4xx_hal.o
 .debug_abbrev  0x000010de      0x31c ./Drivers/STM32L4xx_HAL_Driver/Src/stm32l4xx_hal_cortex.o
 .debug_abbrev  0x000013fa      0x1e4 ./Drivers/STM32L4xx_HAL_Driver/Src/stm32l4xx_hal_dma.o
 .debug_abbrev  0x000015de      0x1cb ./Drivers/STM32L4xx_HAL_Driver/Src/stm32l4xx_hal_gpio.o
 .debug_abbrev  0x000017a9      0x1f9 ./Drivers/STM32L4xx_HAL_Driver/Src/stm32l4xx_hal_pwr_ex.o
 .debug_abbrev  0x000019a2      0x2cb ./Drivers/STM32L4xx_HAL_Driver/Src/stm32l4xx_hal_rcc.o
 .debug_abbrev  0x00001c6d      0x2a3 ./Drivers/STM32L4xx_HAL_Driver/Src/stm32l4xx_hal_rcc_ex.o
 .debug_abbrev  0x00001f10      0x260 ./Drivers/STM32L4xx_HAL_Driver/Src/stm32l4xx_hal_spi.o
 .debug_abbrev  0x00002170      0x278 ./Drivers/STM32L4xx_HAL_Driver/Src/stm32l4xx_hal_tim.o
 .debug_abbrev  0x000023e8      0x283 ./Drivers/STM32L4xx_HAL_Driver/Src/stm32l4xx_hal_tim_ex.o
 .debug_abbrev  0x0000266b      0x2d0 ./Drivers/STM32L4xx_HAL_Driver/Src/stm32l4xx_hal_uart.o
 .debug_abbrev  0x0000293b      0x2be ./Drivers/STM32L4xx_HAL_Driver/Src/stm32l4xx_hal_uart_ex.o

.debug_aranges  0x00000000     0x13a8
 .debug_aranges
                0x00000000      0x100 ./Core/Src/GFX_FUNCTIONS.o
 .debug_aranges
                0x00000100       0xb0 ./Core/Src/ST7735.o
 .debug_aranges
                0x000001b0       0x18 ./Core/Src/fonts.o
 .debug_aranges
                0x000001c8       0xa8 ./Core/Src/main.o
 .debug_aranges
                0x00000270       0x58 ./Core/Src/stm32l4xx_hal_msp.o
 .debug_aranges
                0x000002c8       0x78 ./Core/Src/stm32l4xx_it.o
 .debug_aranges
                0x00000340       0x20 ./Core/Src/sysmem.o
 .debug_aranges
                0x00000360       0x28 ./Core/Src/system_stm32l4xx.o
 .debug_aranges
                0x00000388       0x28 ./Core/Startup/startup_stm32l4a6zgtx.o
 .debug_aranges
                0x000003b0      0x130 ./Drivers/STM32L4xx_HAL_Driver/Src/stm32l4xx_hal.o
 .debug_aranges
                0x000004e0      0x128 ./Drivers/STM32L4xx_HAL_Driver/Src/stm32l4xx_hal_cortex.o
 .debug_aranges
                0x00000608       0x80 ./Drivers/STM32L4xx_HAL_Driver/Src/stm32l4xx_hal_dma.o
 .debug_aranges
                0x00000688       0x58 ./Drivers/STM32L4xx_HAL_Driver/Src/stm32l4xx_hal_gpio.o
 .debug_aranges
                0x000006e0      0x150 ./Drivers/STM32L4xx_HAL_Driver/Src/stm32l4xx_hal_pwr_ex.o
 .debug_aranges
                0x00000830       0x90 ./Drivers/STM32L4xx_HAL_Driver/Src/stm32l4xx_hal_rcc.o
 .debug_aranges
                0x000008c0      0x108 ./Drivers/STM32L4xx_HAL_Driver/Src/stm32l4xx_hal_rcc_ex.o
 .debug_aranges
                0x000009c8      0x1d8 ./Drivers/STM32L4xx_HAL_Driver/Src/stm32l4xx_hal_spi.o
 .debug_aranges
                0x00000ba0      0x3e0 ./Drivers/STM32L4xx_HAL_Driver/Src/stm32l4xx_hal_tim.o
 .debug_aranges
                0x00000f80      0x180 ./Drivers/STM32L4xx_HAL_Driver/Src/stm32l4xx_hal_tim_ex.o
 .debug_aranges
                0x00001100      0x228 ./Drivers/STM32L4xx_HAL_Driver/Src/stm32l4xx_hal_uart.o
 .debug_aranges
                0x00001328       0x80 ./Drivers/STM32L4xx_HAL_Driver/Src/stm32l4xx_hal_uart_ex.o

.debug_rnglists
                0x00000000      0xf55
 .debug_rnglists
                0x00000000       0xcd ./Core/Src/GFX_FUNCTIONS.o
 .debug_rnglists
                0x000000cd       0x87 ./Core/Src/ST7735.o
 .debug_rnglists
                0x00000154       0x7f ./Core/Src/main.o
 .debug_rnglists
                0x000001d3       0x3f ./Core/Src/stm32l4xx_hal_msp.o
 .debug_rnglists
                0x00000212       0x55 ./Core/Src/stm32l4xx_it.o
 .debug_rnglists
                0x00000267       0x13 ./Core/Src/sysmem.o
 .debug_rnglists
                0x0000027a       0x1a ./Core/Src/system_stm32l4xx.o
 .debug_rnglists
                0x00000294       0x19 ./Core/Startup/startup_stm32l4a6zgtx.o
 .debug_rnglists
                0x000002ad       0xdf ./Drivers/STM32L4xx_HAL_Driver/Src/stm32l4xx_hal.o
 .debug_rnglists
                0x0000038c       0xda ./Drivers/STM32L4xx_HAL_Driver/Src/stm32l4xx_hal_cortex.o
 .debug_rnglists
                0x00000466       0x64 ./Drivers/STM32L4xx_HAL_Driver/Src/stm32l4xx_hal_dma.o
 .debug_rnglists
                0x000004ca       0x3f ./Drivers/STM32L4xx_HAL_Driver/Src/stm32l4xx_hal_gpio.o
 .debug_rnglists
                0x00000509       0xfd ./Drivers/STM32L4xx_HAL_Driver/Src/stm32l4xx_hal_pwr_ex.o
 .debug_rnglists
                0x00000606       0x6d ./Drivers/STM32L4xx_HAL_Driver/Src/stm32l4xx_hal_rcc.o
 .debug_rnglists
                0x00000673       0xce ./Drivers/STM32L4xx_HAL_Driver/Src/stm32l4xx_hal_rcc_ex.o
 .debug_rnglists
                0x00000741      0x178 ./Drivers/STM32L4xx_HAL_Driver/Src/stm32l4xx_hal_spi.o
 .debug_rnglists
                0x000008b9      0x328 ./Drivers/STM32L4xx_HAL_Driver/Src/stm32l4xx_hal_tim.o
 .debug_rnglists
                0x00000be1      0x139 ./Drivers/STM32L4xx_HAL_Driver/Src/stm32l4xx_hal_tim_ex.o
 .debug_rnglists
                0x00000d1a      0x1db ./Drivers/STM32L4xx_HAL_Driver/Src/stm32l4xx_hal_uart.o
 .debug_rnglists
                0x00000ef5       0x60 ./Drivers/STM32L4xx_HAL_Driver/Src/stm32l4xx_hal_uart_ex.o

.debug_macro    0x00000000    0x2a9c2
 .debug_macro   0x00000000      0x2cf ./Core/Src/GFX_FUNCTIONS.o
 .debug_macro   0x000002cf      0xad8 ./Core/Src/GFX_FUNCTIONS.o
 .debug_macro   0x00000da7       0x22 ./Core/Src/GFX_FUNCTIONS.o
 .debug_macro   0x00000dc9       0x8e ./Core/Src/GFX_FUNCTIONS.o
 .debug_macro   0x00000e57       0x51 ./Core/Src/GFX_FUNCTIONS.o
 .debug_macro   0x00000ea8      0x103 ./Core/Src/GFX_FUNCTIONS.o
 .debug_macro   0x00000fab       0x6a ./Core/Src/GFX_FUNCTIONS.o
 .debug_macro   0x00001015      0x1df ./Core/Src/GFX_FUNCTIONS.o
 .debug_macro   0x000011f4      0x1ad ./Core/Src/GFX_FUNCTIONS.o
 .debug_macro   0x000013a1       0x2e ./Core/Src/GFX_FUNCTIONS.o
 .debug_macro   0x000013cf       0x28 ./Core/Src/GFX_FUNCTIONS.o
 .debug_macro   0x000013f7       0x1c ./Core/Src/GFX_FUNCTIONS.o
 .debug_macro   0x00001413       0x22 ./Core/Src/GFX_FUNCTIONS.o
 .debug_macro   0x00001435       0xfb ./Core/Src/GFX_FUNCTIONS.o
 .debug_macro   0x00001530     0x1011 ./Core/Src/GFX_FUNCTIONS.o
 .debug_macro   0x00002541      0x11f ./Core/Src/GFX_FUNCTIONS.o
 .debug_macro   0x00002660    0x1c8c1 ./Core/Src/GFX_FUNCTIONS.o
 .debug_macro   0x0001ef21       0x6d ./Core/Src/GFX_FUNCTIONS.o
 .debug_macro   0x0001ef8e     0x38fb ./Core/Src/GFX_FUNCTIONS.o
 .debug_macro   0x00022889      0x190 ./Core/Src/GFX_FUNCTIONS.o
 .debug_macro   0x00022a19       0x5c ./Core/Src/GFX_FUNCTIONS.o
 .debug_macro   0x00022a75     0x1909 ./Core/Src/GFX_FUNCTIONS.o
 .debug_macro   0x0002437e      0x773 ./Core/Src/GFX_FUNCTIONS.o
 .debug_macro   0x00024af1      0x1b9 ./Core/Src/GFX_FUNCTIONS.o
 .debug_macro   0x00024caa      0x202 ./Core/Src/GFX_FUNCTIONS.o
 .debug_macro   0x00024eac      0x26b ./Core/Src/GFX_FUNCTIONS.o
 .debug_macro   0x00025117      0x23d ./Core/Src/GFX_FUNCTIONS.o
 .debug_macro   0x00025354      0x241 ./Core/Src/GFX_FUNCTIONS.o
 .debug_macro   0x00025595      0x3ad ./Core/Src/GFX_FUNCTIONS.o
 .debug_macro   0x00025942       0xe4 ./Core/Src/GFX_FUNCTIONS.o
 .debug_macro   0x00025a26      0x122 ./Core/Src/GFX_FUNCTIONS.o
 .debug_macro   0x00025b48      0x3ef ./Core/Src/GFX_FUNCTIONS.o
 .debug_macro   0x00025f37      0x2fe ./Core/Src/GFX_FUNCTIONS.o
 .debug_macro   0x00026235      0xa98 ./Core/Src/GFX_FUNCTIONS.o
 .debug_macro   0x00026ccd      0x1fb ./Core/Src/GFX_FUNCTIONS.o
 .debug_macro   0x00026ec8      0x5cf ./Core/Src/GFX_FUNCTIONS.o
 .debug_macro   0x00027497       0x44 ./Core/Src/GFX_FUNCTIONS.o
 .debug_macro   0x000274db      0x433 ./Core/Src/GFX_FUNCTIONS.o
 .debug_macro   0x0002790e       0x22 ./Core/Src/GFX_FUNCTIONS.o
 .debug_macro   0x00027930      0x196 ./Core/Src/GFX_FUNCTIONS.o
 .debug_macro   0x00027ac6       0x2a ./Core/Src/GFX_FUNCTIONS.o
 .debug_macro   0x00027af0       0x61 ./Core/Src/GFX_FUNCTIONS.o
 .debug_macro   0x00027b51       0x43 ./Core/Src/GFX_FUNCTIONS.o
 .debug_macro   0x00027b94       0x34 ./Core/Src/GFX_FUNCTIONS.o
 .debug_macro   0x00027bc8       0x16 ./Core/Src/GFX_FUNCTIONS.o
 .debug_macro   0x00027bde       0x3c ./Core/Src/GFX_FUNCTIONS.o
 .debug_macro   0x00027c1a      0x370 ./Core/Src/GFX_FUNCTIONS.o
 .debug_macro   0x00027f8a       0x16 ./Core/Src/GFX_FUNCTIONS.o
 .debug_macro   0x00027fa0       0x4a ./Core/Src/GFX_FUNCTIONS.o
 .debug_macro   0x00027fea       0x34 ./Core/Src/GFX_FUNCTIONS.o
 .debug_macro   0x0002801e       0x10 ./Core/Src/GFX_FUNCTIONS.o
 .debug_macro   0x0002802e       0x58 ./Core/Src/GFX_FUNCTIONS.o
 .debug_macro   0x00028086       0x8e ./Core/Src/GFX_FUNCTIONS.o
 .debug_macro   0x00028114       0x1c ./Core/Src/GFX_FUNCTIONS.o
 .debug_macro   0x00028130      0x185 ./Core/Src/GFX_FUNCTIONS.o
 .debug_macro   0x000282b5       0x16 ./Core/Src/GFX_FUNCTIONS.o
 .debug_macro   0x000282cb       0x29 ./Core/Src/GFX_FUNCTIONS.o
 .debug_macro   0x000282f4      0x2f3 ./Core/Src/ST7735.o
 .debug_macro   0x000285e7       0x16 ./Core/Src/ST7735.o
 .debug_macro   0x000285fd       0x20 ./Core/Src/ST7735.o
 .debug_macro   0x0002861d       0x6d ./Core/Src/fonts.o
 .debug_macro   0x0002868a      0x2e4 ./Core/Src/main.o
 .debug_macro   0x0002896e       0x28 ./Core/Src/main.o
 .debug_macro   0x00028996       0x10 ./Core/Src/main.o
 .debug_macro   0x000289a6      0x1e4 ./Core/Src/stm32l4xx_hal_msp.o
 .debug_macro   0x00028b8a      0x1ee ./Core/Src/stm32l4xx_it.o
 .debug_macro   0x00028d78      0x112 ./Core/Src/sysmem.o
 .debug_macro   0x00028e8a      0x23c ./Core/Src/sysmem.o
 .debug_macro   0x000290c6      0x1d5 ./Core/Src/system_stm32l4xx.o
 .debug_macro   0x0002929b      0x223 ./Drivers/STM32L4xx_HAL_Driver/Src/stm32l4xx_hal.o
 .debug_macro   0x000294be      0x1d5 ./Drivers/STM32L4xx_HAL_Driver/Src/stm32l4xx_hal_cortex.o
 .debug_macro   0x00029693      0x1d5 ./Drivers/STM32L4xx_HAL_Driver/Src/stm32l4xx_hal_dma.o
 .debug_macro   0x00029868      0x1dc ./Drivers/STM32L4xx_HAL_Driver/Src/stm32l4xx_hal_gpio.o
 .debug_macro   0x00029a44      0x1ff ./Drivers/STM32L4xx_HAL_Driver/Src/stm32l4xx_hal_pwr_ex.o
 .debug_macro   0x00029c43      0x217 ./Drivers/STM32L4xx_HAL_Driver/Src/stm32l4xx_hal_rcc.o
 .debug_macro   0x00029e5a      0x20b ./Drivers/STM32L4xx_HAL_Driver/Src/stm32l4xx_hal_rcc_ex.o
 .debug_macro   0x0002a065      0x1dd ./Drivers/STM32L4xx_HAL_Driver/Src/stm32l4xx_hal_spi.o
 .debug_macro   0x0002a242      0x1d6 ./Drivers/STM32L4xx_HAL_Driver/Src/stm32l4xx_hal_tim.o
 .debug_macro   0x0002a418      0x1d5 ./Drivers/STM32L4xx_HAL_Driver/Src/stm32l4xx_hal_tim_ex.o
 .debug_macro   0x0002a5ed      0x200 ./Drivers/STM32L4xx_HAL_Driver/Src/stm32l4xx_hal_uart.o
 .debug_macro   0x0002a7ed      0x1d5 ./Drivers/STM32L4xx_HAL_Driver/Src/stm32l4xx_hal_uart_ex.o

.debug_line     0x00000000    0x16fd8
 .debug_line    0x00000000     0x1436 ./Core/Src/GFX_FUNCTIONS.o
 .debug_line    0x00001436      0xeae ./Core/Src/ST7735.o
 .debug_line    0x000022e4      0x40a ./Core/Src/fonts.o
 .debug_line    0x000026ee      0xd23 ./Core/Src/main.o
 .debug_line    0x00003411      0x8ea ./Core/Src/stm32l4xx_hal_msp.o
 .debug_line    0x00003cfb      0x86f ./Core/Src/stm32l4xx_it.o
 .debug_line    0x0000456a      0x588 ./Core/Src/sysmem.o
 .debug_line    0x00004af2      0x816 ./Core/Src/system_stm32l4xx.o
 .debug_line    0x00005308       0x7a ./Core/Startup/startup_stm32l4a6zgtx.o
 .debug_line    0x00005382      0xb7e ./Drivers/STM32L4xx_HAL_Driver/Src/stm32l4xx_hal.o
 .debug_line    0x00005f00      0xd19 ./Drivers/STM32L4xx_HAL_Driver/Src/stm32l4xx_hal_cortex.o
 .debug_line    0x00006c19      0xd58 ./Drivers/STM32L4xx_HAL_Driver/Src/stm32l4xx_hal_dma.o
 .debug_line    0x00007971      0xbba ./Drivers/STM32L4xx_HAL_Driver/Src/stm32l4xx_hal_gpio.o
 .debug_line    0x0000852b      0xd3a ./Drivers/STM32L4xx_HAL_Driver/Src/stm32l4xx_hal_pwr_ex.o
 .debug_line    0x00009265     0x112b ./Drivers/STM32L4xx_HAL_Driver/Src/stm32l4xx_hal_rcc.o
 .debug_line    0x0000a390     0x180f ./Drivers/STM32L4xx_HAL_Driver/Src/stm32l4xx_hal_rcc_ex.o
 .debug_line    0x0000bb9f     0x205e ./Drivers/STM32L4xx_HAL_Driver/Src/stm32l4xx_hal_spi.o
 .debug_line    0x0000dbfd     0x3e6a ./Drivers/STM32L4xx_HAL_Driver/Src/stm32l4xx_hal_tim.o
 .debug_line    0x00011a67     0x1bbb ./Drivers/STM32L4xx_HAL_Driver/Src/stm32l4xx_hal_tim_ex.o
 .debug_line    0x00013622     0x2da1 ./Drivers/STM32L4xx_HAL_Driver/Src/stm32l4xx_hal_uart.o
 .debug_line    0x000163c3      0xc15 ./Drivers/STM32L4xx_HAL_Driver/Src/stm32l4xx_hal_uart_ex.o

.debug_str      0x00000000   0x105b42
 .debug_str     0x00000000   0x105b42 ./Core/Src/GFX_FUNCTIONS.o
                              0xffdfe (size before relaxing)
 .debug_str     0x00105b42   0x100336 ./Core/Src/ST7735.o
 .debug_str     0x00105b42     0x3e1d ./Core/Src/fonts.o
 .debug_str     0x00105b42   0x1012aa ./Core/Src/main.o
 .debug_str     0x00105b42    0xfd85d ./Core/Src/stm32l4xx_hal_msp.o
 .debug_str     0x00105b42    0xfc98f ./Core/Src/stm32l4xx_it.o
 .debug_str     0x00105b42     0x7783 ./Core/Src/sysmem.o
 .debug_str     0x00105b42    0xfc5b9 ./Core/Src/system_stm32l4xx.o
 .debug_str     0x00105b42       0x85 ./Core/Startup/startup_stm32l4a6zgtx.o
 .debug_str     0x00105b42    0xfd1cf ./Drivers/STM32L4xx_HAL_Driver/Src/stm32l4xx_hal.o
 .debug_str     0x00105b42    0xfcea2 ./Drivers/STM32L4xx_HAL_Driver/Src/stm32l4xx_hal_cortex.o
 .debug_str     0x00105b42    0xfc816 ./Drivers/STM32L4xx_HAL_Driver/Src/stm32l4xx_hal_dma.o
 .debug_str     0x00105b42    0xfc733 ./Drivers/STM32L4xx_HAL_Driver/Src/stm32l4xx_hal_gpio.o
 .debug_str     0x00105b42    0xfcb08 ./Drivers/STM32L4xx_HAL_Driver/Src/stm32l4xx_hal_pwr_ex.o
 .debug_str     0x00105b42    0xfcc06 ./Drivers/STM32L4xx_HAL_Driver/Src/stm32l4xx_hal_rcc.o
 .debug_str     0x00105b42    0xfcfa1 ./Drivers/STM32L4xx_HAL_Driver/Src/stm32l4xx_hal_rcc_ex.o
 .debug_str     0x00105b42    0xfcdc7 ./Drivers/STM32L4xx_HAL_Driver/Src/stm32l4xx_hal_spi.o
 .debug_str     0x00105b42    0xfd8ec ./Drivers/STM32L4xx_HAL_Driver/Src/stm32l4xx_hal_tim.o
 .debug_str     0x00105b42    0xfd200 ./Drivers/STM32L4xx_HAL_Driver/Src/stm32l4xx_hal_tim_ex.o
 .debug_str     0x00105b42    0xfd311 ./Drivers/STM32L4xx_HAL_Driver/Src/stm32l4xx_hal_uart.o
 .debug_str     0x00105b42    0xfcb30 ./Drivers/STM32L4xx_HAL_Driver/Src/stm32l4xx_hal_uart_ex.o

.comment        0x00000000       0x43
 .comment       0x00000000       0x43 ./Core/Src/GFX_FUNCTIONS.o
                                 0x44 (size before relaxing)
 .comment       0x00000043       0x44 ./Core/Src/ST7735.o
 .comment       0x00000043       0x44 ./Core/Src/fonts.o
 .comment       0x00000043       0x44 ./Core/Src/main.o
 .comment       0x00000043       0x44 ./Core/Src/stm32l4xx_hal_msp.o
 .comment       0x00000043       0x44 ./Core/Src/stm32l4xx_it.o
 .comment       0x00000043       0x44 ./Core/Src/sysmem.o
 .comment       0x00000043       0x44 ./Core/Src/system_stm32l4xx.o
 .comment       0x00000043       0x44 ./Drivers/STM32L4xx_HAL_Driver/Src/stm32l4xx_hal.o
 .comment       0x00000043       0x44 ./Drivers/STM32L4xx_HAL_Driver/Src/stm32l4xx_hal_cortex.o
 .comment       0x00000043       0x44 ./Drivers/STM32L4xx_HAL_Driver/Src/stm32l4xx_hal_dma.o
 .comment       0x00000043       0x44 ./Drivers/STM32L4xx_HAL_Driver/Src/stm32l4xx_hal_gpio.o
 .comment       0x00000043       0x44 ./Drivers/STM32L4xx_HAL_Driver/Src/stm32l4xx_hal_pwr_ex.o
 .comment       0x00000043       0x44 ./Drivers/STM32L4xx_HAL_Driver/Src/stm32l4xx_hal_rcc.o
 .comment       0x00000043       0x44 ./Drivers/STM32L4xx_HAL_Driver/Src/stm32l4xx_hal_rcc_ex.o
 .comment       0x00000043       0x44 ./Drivers/STM32L4xx_HAL_Driver/Src/stm32l4xx_hal_spi.o
 .comment       0x00000043       0x44 ./Drivers/STM32L4xx_HAL_Driver/Src/stm32l4xx_hal_tim.o
 .comment       0x00000043       0x44 ./Drivers/STM32L4xx_HAL_Driver/Src/stm32l4xx_hal_tim_ex.o
 .comment       0x00000043       0x44 ./Drivers/STM32L4xx_HAL_Driver/Src/stm32l4xx_hal_uart.o
 .comment       0x00000043       0x44 ./Drivers/STM32L4xx_HAL_Driver/Src/stm32l4xx_hal_uart_ex.o

.debug_frame    0x00000000     0x5698
 .debug_frame   0x00000000      0x478 ./Core/Src/GFX_FUNCTIONS.o
 .debug_frame   0x00000478      0x2dc ./Core/Src/ST7735.o
 .debug_frame   0x00000754      0x284 ./Core/Src/main.o
 .debug_frame   0x000009d8      0x140 ./Core/Src/stm32l4xx_hal_msp.o
 .debug_frame   0x00000b18      0x158 ./Core/Src/stm32l4xx_it.o
 .debug_frame   0x00000c70       0x34 ./Core/Src/sysmem.o
 .debug_frame   0x00000ca4       0x58 ./Core/Src/system_stm32l4xx.o
 .debug_frame   0x00000cfc      0x498 ./Drivers/STM32L4xx_HAL_Driver/Src/stm32l4xx_hal.o
 .debug_frame   0x00001194      0x4e8 ./Drivers/STM32L4xx_HAL_Driver/Src/stm32l4xx_hal_cortex.o
 .debug_frame   0x0000167c      0x204 ./Drivers/STM32L4xx_HAL_Driver/Src/stm32l4xx_hal_dma.o
 .debug_frame   0x00001880      0x14c ./Drivers/STM32L4xx_HAL_Driver/Src/stm32l4xx_hal_gpio.o
 .debug_frame   0x000019cc      0x544 ./Drivers/STM32L4xx_HAL_Driver/Src/stm32l4xx_hal_pwr_ex.o
 .debug_frame   0x00001f10      0x21c ./Drivers/STM32L4xx_HAL_Driver/Src/stm32l4xx_hal_rcc.o
 .debug_frame   0x0000212c      0x43c ./Drivers/STM32L4xx_HAL_Driver/Src/stm32l4xx_hal_rcc_ex.o
 .debug_frame   0x00002568      0x860 ./Drivers/STM32L4xx_HAL_Driver/Src/stm32l4xx_hal_spi.o
 .debug_frame   0x00002dc8     0x121c ./Drivers/STM32L4xx_HAL_Driver/Src/stm32l4xx_hal_tim.o
 .debug_frame   0x00003fe4      0x6b0 ./Drivers/STM32L4xx_HAL_Driver/Src/stm32l4xx_hal_tim_ex.o
 .debug_frame   0x00004694      0x9f4 ./Drivers/STM32L4xx_HAL_Driver/Src/stm32l4xx_hal_uart.o
 .debug_frame   0x00005088      0x204 ./Drivers/STM32L4xx_HAL_Driver/Src/stm32l4xx_hal_uart_ex.o
 .debug_frame   0x0000528c       0x30 E:/ST/STM32CubeIDE_1.18.1/STM32CubeIDE/plugins/com.st.stm32cube.ide.mcu.externaltools.gnu-tools-for-stm32.13.3.rel1.win32_1.0.0.202411081344/tools/bin/../lib/gcc/arm-none-eabi/13.3.1/../../../../arm-none-eabi/lib/thumb/v7e-m+fp/hard\libc_nano.a(libc_a-malloc.o)
 .debug_frame   0x000052bc       0x50 E:/ST/STM32CubeIDE_1.18.1/STM32CubeIDE/plugins/com.st.stm32cube.ide.mcu.externaltools.gnu-tools-for-stm32.13.3.rel1.win32_1.0.0.202411081344/tools/bin/../lib/gcc/arm-none-eabi/13.3.1/../../../../arm-none-eabi/lib/thumb/v7e-m+fp/hard\libc_nano.a(libc_a-mallocr.o)
 .debug_frame   0x0000530c       0x30 E:/ST/STM32CubeIDE_1.18.1/STM32CubeIDE/plugins/com.st.stm32cube.ide.mcu.externaltools.gnu-tools-for-stm32.13.3.rel1.win32_1.0.0.202411081344/tools/bin/../lib/gcc/arm-none-eabi/13.3.1/../../../../arm-none-eabi/lib/thumb/v7e-m+fp/hard\libc_nano.a(libc_a-mlock.o)
 .debug_frame   0x0000533c      0x144 E:/ST/STM32CubeIDE_1.18.1/STM32CubeIDE/plugins/com.st.stm32cube.ide.mcu.externaltools.gnu-tools-for-stm32.13.3.rel1.win32_1.0.0.202411081344/tools/bin/../lib/gcc/arm-none-eabi/13.3.1/../../../../arm-none-eabi/lib/thumb/v7e-m+fp/hard\libc_nano.a(libc_a-findfp.o)
 .debug_frame   0x00005480       0x20 E:/ST/STM32CubeIDE_1.18.1/STM32CubeIDE/plugins/com.st.stm32cube.ide.mcu.externaltools.gnu-tools-for-stm32.13.3.rel1.win32_1.0.0.202411081344/tools/bin/../lib/gcc/arm-none-eabi/13.3.1/../../../../arm-none-eabi/lib/thumb/v7e-m+fp/hard\libc_nano.a(libc_a-memset.o)
 .debug_frame   0x000054a0       0x38 E:/ST/STM32CubeIDE_1.18.1/STM32CubeIDE/plugins/com.st.stm32cube.ide.mcu.externaltools.gnu-tools-for-stm32.13.3.rel1.win32_1.0.0.202411081344/tools/bin/../lib/gcc/arm-none-eabi/13.3.1/../../../../arm-none-eabi/lib/thumb/v7e-m+fp/hard\libc_nano.a(libc_a-reent.o)
 .debug_frame   0x000054d8       0x2c E:/ST/STM32CubeIDE_1.18.1/STM32CubeIDE/plugins/com.st.stm32cube.ide.mcu.externaltools.gnu-tools-for-stm32.13.3.rel1.win32_1.0.0.202411081344/tools/bin/../lib/gcc/arm-none-eabi/13.3.1/../../../../arm-none-eabi/lib/thumb/v7e-m+fp/hard\libc_nano.a(libc_a-sbrkr.o)
 .debug_frame   0x00005504       0x20 E:/ST/STM32CubeIDE_1.18.1/STM32CubeIDE/plugins/com.st.stm32cube.ide.mcu.externaltools.gnu-tools-for-stm32.13.3.rel1.win32_1.0.0.202411081344/tools/bin/../lib/gcc/arm-none-eabi/13.3.1/../../../../arm-none-eabi/lib/thumb/v7e-m+fp/hard\libc_nano.a(libc_a-errno.o)
 .debug_frame   0x00005524       0x2c E:/ST/STM32CubeIDE_1.18.1/STM32CubeIDE/plugins/com.st.stm32cube.ide.mcu.externaltools.gnu-tools-for-stm32.13.3.rel1.win32_1.0.0.202411081344/tools/bin/../lib/gcc/arm-none-eabi/13.3.1/../../../../arm-none-eabi/lib/thumb/v7e-m+fp/hard\libc_nano.a(libc_a-init.o)
 .debug_frame   0x00005550       0xb0 E:/ST/STM32CubeIDE_1.18.1/STM32CubeIDE/plugins/com.st.stm32cube.ide.mcu.externaltools.gnu-tools-for-stm32.13.3.rel1.win32_1.0.0.202411081344/tools/bin/../lib/gcc/arm-none-eabi/13.3.1/../../../../arm-none-eabi/lib/thumb/v7e-m+fp/hard\libc_nano.a(libc_a-lock.o)
 .debug_frame   0x00005600       0x38 E:/ST/STM32CubeIDE_1.18.1/STM32CubeIDE/plugins/com.st.stm32cube.ide.mcu.externaltools.gnu-tools-for-stm32.13.3.rel1.win32_1.0.0.202411081344/tools/bin/../lib/gcc/arm-none-eabi/13.3.1/../../../../arm-none-eabi/lib/thumb/v7e-m+fp/hard\libc_nano.a(libc_a-freer.o)
 .debug_frame   0x00005638       0x2c E:/ST/STM32CubeIDE_1.18.1/STM32CubeIDE/plugins/com.st.stm32cube.ide.mcu.externaltools.gnu-tools-for-stm32.13.3.rel1.win32_1.0.0.202411081344/tools/bin/../lib/gcc/arm-none-eabi/13.3.1/thumb/v7e-m+fp/hard\libgcc.a(_aeabi_uldivmod.o)
 .debug_frame   0x00005664       0x34 E:/ST/STM32CubeIDE_1.18.1/STM32CubeIDE/plugins/com.st.stm32cube.ide.mcu.externaltools.gnu-tools-for-stm32.13.3.rel1.win32_1.0.0.202411081344/tools/bin/../lib/gcc/arm-none-eabi/13.3.1/thumb/v7e-m+fp/hard\libgcc.a(_udivmoddi4.o)

.debug_line_str
                0x00000000       0x69
 .debug_line_str
                0x00000000       0x69 ./Core/Startup/startup_stm32l4a6zgtx.o
