../Core/Src/GFX_FUNCTIONS.c:24:6:drawPixel	16	static
../Core/Src/GFX_FUNCTIONS.c:29:6:fillRect	32	static
../Core/Src/GFX_FUNCTIONS.c:51:6:writePixel	16	static
../Core/Src/GFX_FUNCTIONS.c:56:6:writeLine	48	static
../Core/Src/GFX_FUNCTIONS.c:96:7:drawFastVLine	32	static
../Core/Src/GFX_FUNCTIONS.c:100:7:drawFastHLine	32	static
../Core/Src/GFX_FUNCTIONS.c:105:6:drawLine	40	static
../Core/Src/GFX_FUNCTIONS.c:118:6:drawCircle	40	static
../Core/Src/GFX_FUNCTIONS.c:152:6:drawCircleHelper	40	static
../Core/Src/GFX_FUNCTIONS.c:188:6:fillCircleHelper	40	static
../Core/Src/GFX_FUNCTIONS.c:225:6:fillCircle	32	static
../Core/Src/GFX_FUNCTIONS.c:233:6:drawRect	24	static
../Core/Src/GFX_FUNCTIONS.c:241:6:drawRoundRect	40	static
../Core/Src/GFX_FUNCTIONS.c:258:6:fillRoundRect	40	static
../Core/Src/GFX_FUNCTIONS.c:270:6:drawTriangle	32	static
../Core/Src/GFX_FUNCTIONS.c:278:6:fillTriangle	72	static
../Core/Src/GFX_FUNCTIONS.c:355:6:fillScreen	24	static
../Core/Src/GFX_FUNCTIONS.c:361:6:testLines	56	static
../Core/Src/GFX_FUNCTIONS.c:404:6:testFastLines	32	static
../Core/Src/GFX_FUNCTIONS.c:413:6:testRects	56	static
../Core/Src/GFX_FUNCTIONS.c:428:6:testFilledRects	56	static
../Core/Src/GFX_FUNCTIONS.c:445:6:testFilledCircles	40	static
../Core/Src/GFX_FUNCTIONS.c:458:6:testCircles	40	static
../Core/Src/GFX_FUNCTIONS.c:474:6:testTriangles	56	static
../Core/Src/GFX_FUNCTIONS.c:491:6:testFilledTriangles	56	static
../Core/Src/GFX_FUNCTIONS.c:504:6:testRoundRects	56	static
../Core/Src/GFX_FUNCTIONS.c:521:6:testFilledRoundRects	48	static
../Core/Src/GFX_FUNCTIONS.c:536:6:testFillScreen	8	static
../Core/Src/GFX_FUNCTIONS.c:545:6:testAll	8	static
