../Core/Src/main.c:88:6:pass	24	static
../Core/Src/main.c:103:6:ByteToHex	48	static
../Core/Src/main.c:109:6:HAL_UART_RxCpltCallback	16	static
../Core/Src/main.c:117:6:menu_option	8	static
../Core/Src/main.c:171:5:main	40	static
../Core/Src/main.c:350:6:SystemClock_Config	96	static
../Core/Src/main.c:400:13:MX_AES_Init	8	static
../Core/Src/main.c:433:13:MX_LPUART1_UART_Init	8	static
../Core/Src/main.c:467:13:MX_SPI1_Init	8	static
../Core/Src/main.c:507:13:MX_TIM1_Init	96	static
../Core/Src/main.c:575:13:MX_DMA_Init	16	static
../Core/Src/main.c:596:13:MX_GPIO_Init	56	static
../Core/Src/main.c:655:6:Error_Handler	4	static,ignoring_inline_asm
