../Core/Src/main.c:71:6:action_test_lcd	8	static
../Core/Src/main.c:78:6:draw_bulb_on	16	static
../Core/Src/main.c:85:6:draw_bulb_off	16	static
../Core/Src/main.c:91:6:action_led_on	48	static
../Core/Src/main.c:98:6:action_led_off	56	static
../Core/Src/main.c:105:6:led_toggle	48	static
../Core/Src/main.c:123:6:draw_menu	48	static
../Core/Src/main.c:142:6:set_backlight_brightness	24	static
../Core/Src/main.c:149:6:backlight_display	32	static
../Core/Src/main.c:161:6:HAL_UART_RxCpltCallback	16	static
../Core/Src/main.c:191:5:main	8	static
../Core/Src/main.c:349:6:SystemClock_Config	96	static
../Core/Src/main.c:399:13:MX_LPUART1_UART_Init	8	static
../Core/Src/main.c:433:13:MX_SPI1_Init	8	static
../Core/Src/main.c:473:13:MX_TIM1_Init	96	static
../Core/Src/main.c:541:13:MX_DMA_Init	16	static
../Core/Src/main.c:562:13:MX_GPIO_Init	56	static
../Core/Src/main.c:621:6:Error_Handler	4	static,ignoring_inline_asm
