../Core/Src/ST7735.c:113:7:HAL_SPI_ErrorCallback	16	static
../Core/Src/ST7735.c:131:7:HAL_SPI_TxCpltCallback	16	static
../Core/Src/ST7735.c:160:7:ST7735_WaitForDMA	16	static,ignoring_inline_asm
../Core/Src/ST7735.c:173:6:ST7735_Select	8	static
../Core/Src/ST7735.c:178:6:ST7735_Unselect	8	static
../Core/Src/ST7735.c:183:6:ST7735_Reset	8	static
../Core/Src/ST7735.c:212:6:ST7735_WriteCommand	16	static
../Core/Src/ST7735.c:219:6:ST7735_WriteData	16	static
../Core/Src/ST7735.c:226:6:DisplayInit	24	static
../Core/Src/ST7735.c:253:6:ST7735_SetAddressWindow	32	static
../Core/Src/ST7735.c:270:6:ST7735_Init	16	static
../Core/Src/ST7735.c:309:6:ST7735_SetRotation	24	static
../Core/Src/ST7735.c:373:6:ST7735_DrawPixel	24	static
../Core/Src/ST7735.c:386:6:ST7735_WriteChar	48	static
../Core/Src/ST7735.c:430:6:ST7735_WriteString	32	static
../Core/Src/ST7735.c:464:6:ST7735_WriteStringWithSeparators	32	static
../Core/Src/ST7735.c:510:6:ST7735_FillRectangle	40	static
../Core/Src/ST7735.c:624:6:ST7735_DrawImage	24	static
../Core/Src/ST7735.c:635:6:ST7735_InvertColors	16	static
